MPLINK 4.20, Linker
Linker Map File - Created Sun May 19 14:35:13 2013

                                 Section Info
                  Section       Type    Address   Location Size(Bytes)
                ---------  ---------  ---------  ---------  ---------
               _entry_scn       code   0x000000    program   0x000006
       .code__user_putc.o       code   0x000006    program   0x000002
      InterruptVectorHigh       code   0x000008    program   0x000006
                   .cinit    romdata   0x00000e    program   0x000032
         .code_vfprintf.o       code   0x000040    program   0x000c22
     .code_MWACProtocol.o       code   0x000c62    program   0x000994
           .code_serial.o       code   0x0015f6    program   0x000876
                     PROG       code   0x001e6c    program   0x0005e2
.code_serialLinkInterruptHandler.o       code   0x00244e    program   0x0003e8
         .code_lcdTools.o       code   0x002836    program   0x000372
           .code_delais.o       code   0x002ba8    program   0x000328
             .code_init.o       code   0x002ed0    program   0x000156
                   STRING       code   0x003026    program   0x0000f0
             .code_main.o       code   0x003116    program   0x0000ea
          .code_sprintf.o       code   0x003200    program   0x0000ac
               _cinit_scn       code   0x0032ac    program   0x00009e
             .code_putc.o       code   0x00334a    program   0x000084
            .code_uopen.o       code   0x0033ce    program   0x00007a
          .code_boutons.o       code   0x003448    program   0x000072
          .code_fxm3232.o       code   0x0034ba    program   0x000070
         .code_fxd3232u.o       code   0x00352a    program   0x000048
             .stringtable    romdata   0x003572    program   0x00002c
                    CTYPE       code   0x00359e    program   0x000024
              D1KTCYXCODE       code   0x0035c2    program   0x000020
             _startup_scn       code   0x0035e2    program   0x00001c
                    STDIO       code   0x0035fe    program   0x00001c
              D10TCYXCODE       code   0x00361a    program   0x000016
      .romdata_vfprintf.o    romdata   0x003630    program   0x000011
         .romdata_c018i.o    romdata   0x003641    program   0x000000
      .idata_vfprintf.o_i    romdata   0x003641    program   0x000000
    .romdata__user_putc.o    romdata   0x003641    program   0x000000
          .romdata_init.o    romdata   0x003641    program   0x000000
       .romdata_sprintf.o    romdata   0x003641    program   0x000000
       .idata_sprintf.o_i    romdata   0x003641    program   0x000000
.idata_serialLinkInterruptHandler.o_i    romdata   0x003641    program   0x000001
        .romdata___init.o    romdata   0x003641    program   0x000000
      .romdata_fxd3232u.o    romdata   0x003641    program   0x000000
.romdata_serialLinkInterruptHandler.o    romdata   0x003641    program   0x000000
         .romdata_uopen.o    romdata   0x003641    program   0x000000
         .idata_uopen.o_i    romdata   0x003641    program   0x000000
      .romdata_lcdTools.o    romdata   0x003641    program   0x000000
          .romdata_main.o    romdata   0x003641    program   0x000000
          .romdata_putc.o    romdata   0x003641    program   0x000000
  .romdata_MWACProtocol.o    romdata   0x003641    program   0x000000
        .romdata_serial.o    romdata   0x003641    program   0x000000
        .romdata_delais.o    romdata   0x003641    program   0x000000
       .romdata_fxm3232.o    romdata   0x003641    program   0x000000
       .romdata_boutons.o    romdata   0x003641    program   0x000000
                    .code       code   0x003642    program   0x00000e
           .code___init.o       code   0x003650    program   0x000002
        .idata_serial.o_i    romdata   0x003652    program   0x000000
          .idata_putc.o_i    romdata   0x003652    program   0x000000
          .idata_main.o_i    romdata   0x003652    program   0x000007
      .idata_lcdTools.o_i    romdata   0x003659    program   0x000000
          .idata_init.o_i    romdata   0x003659    program   0x000021
      .idata_fxd3232u.o_i    romdata   0x00367a    program   0x000000
       .idata_fxm3232.o_i    romdata   0x00367a    program   0x000000
        .idata_delais.o_i    romdata   0x00367a    program   0x000003
        .idata___init.o_i    romdata   0x00367d    program   0x000000
       .idata_boutons.o_i    romdata   0x00367d    program   0x000000
  .idata_MWACProtocol.o_i    romdata   0x00367d    program   0x000000
    .idata__user_putc.o_i    romdata   0x00367d    program   0x000000
         .idata_c018i.o_i    romdata   0x00367d    program   0x000000
            .code_c018i.o       code   0x00367e    program   0x000000
                 .tmpdata      udata   0x000000       data   0x000018
                MATH_DATA      udata   0x000018       data   0x000014
          serveurUART_tmp      udata   0x00002c       data   0x000008
                DELAYDAT1      udata   0x000034       data   0x000001
            .udata_main.o      udata   0x000100       data   0x0000bc
            .idata_init.o      idata   0x0001bc       data   0x000021
            .idata_main.o      idata   0x0001dd       data   0x000007
                   .stack      udata   0x000400       data   0x000100
          .udata_serial.o      udata   0x000500       data   0x0000d4
.udata_serialLinkInterruptHandler.o      udata   0x0005d4       data   0x000010
           .udata_c018i.o      udata   0x0005e4       data   0x00000a
          .idata_delais.o      idata   0x0005ee       data   0x000003
.idata_serialLinkInterruptHandler.o      idata   0x0005f1       data   0x000001
      .idata__user_putc.o      idata   0x0005f2       data   0x000000
      .udata__user_putc.o      udata   0x0005f2       data   0x000000
            .idata_putc.o      idata   0x0005f2       data   0x000000
            .udata_putc.o      udata   0x0005f2       data   0x000000
         .idata_fxm3232.o      idata   0x0005f2       data   0x000000
         .udata_fxm3232.o      udata   0x0005f2       data   0x000000
        .idata_fxd3232u.o      idata   0x0005f2       data   0x000000
        .udata_fxd3232u.o      udata   0x0005f2       data   0x000000
        .idata_vfprintf.o      idata   0x0005f2       data   0x000000
        .udata_vfprintf.o      udata   0x0005f2       data   0x000000
         .idata_sprintf.o      idata   0x0005f2       data   0x000000
         .udata_sprintf.o      udata   0x0005f2       data   0x000000
          .idata___init.o      idata   0x0005f2       data   0x000000
          .udata___init.o      udata   0x0005f2       data   0x000000
           .idata_uopen.o      idata   0x0005f2       data   0x000000
            .udata_init.o      udata   0x0005f2       data   0x000000
    .udata_MWACProtocol.o      udata   0x0005f2       data   0x000000
    .idata_MWACProtocol.o      idata   0x0005f2       data   0x000000
        .idata_lcdTools.o      idata   0x0005f2       data   0x000000
          .idata_serial.o      idata   0x0005f2       data   0x000000
         .udata_boutons.o      udata   0x0005f2       data   0x000000
         .idata_boutons.o      idata   0x0005f2       data   0x000000
          .udata_delais.o      udata   0x0005f2       data   0x000000
        .udata_lcdTools.o      udata   0x0005f2       data   0x000000
           .idata_c018i.o      idata   0x0005f2       data   0x000000
           .udata_uopen.o      udata   0x0005f2       data   0x000000
              SFR_BANKED0      udata   0x000f00       data   0x00002f
              SFR_BANKED1      udata   0x000f30       data   0x00000f
              SFR_BANKED2      udata   0x000f40       data   0x00000f
              SFR_BANKED3      udata   0x000f50       data   0x00000f
            SFR_UNBANKED0      udata   0x000f60       data   0x000017
            SFR_UNBANKED1      udata   0x000f80       data   0x000080



                              Program Memory Usage 
                               Start         End      
                           ---------   ---------      
                            0x000000    0x00367c      
            13949 out of 33048 program addresses used, program memory utilization is 42%



                              Symbols - Sorted by Name
                     Name    Address   Location    Storage File                     
                ---------  ---------  ---------  --------- ---------                
                    D10_1   0x00362a    program     static C:\MCC18\src\traditional\delays\d10tcyx.asm
                     D10x   0x003622    program     static C:\MCC18\src\traditional\delays\d10tcyx.asm
                    D1K_1   0x0035ce    program     static C:\MCC18\src\traditional\delays\d1ktcyx.asm
                     D1Kx   0x0035cc    program     static C:\MCC18\src\traditional\delays\d1ktcyx.asm
              Delay10TCYx   0x00361a    program     extern C:\MCC18\src\traditional\delays\d10tcyx.asm
              Delay1KTCYx   0x0035c2    program     extern C:\MCC18\src\traditional\delays\d1ktcyx.asm
                 DelayMUs   0x002996    program     extern F:\Dede\job\essaiPIC\EnCours\GitHub\MWACPIC\lcdTools.c
                  DelayMs   0x0029b8    program     extern F:\Dede\job\essaiPIC\EnCours\GitHub\MWACPIC\lcdTools.c
                 FIFOinit   0x001d98    program     extern F:\Dede\job\essaiPIC\EnCours\GitHub\MWACPIC\serial.c
                 FLO1632S   0x001e70    program     extern C:\MCC18\src\traditional\math\cast16FP.asm
                 FLO1632U   0x001e6c    program     extern C:\MCC18\src\traditional\math\cast16FP.asm
                    FPA32   0x001e98    program     extern C:\MCC18\src\traditional\math\addFP.asm
                    FPD32   0x001fc4    program     extern C:\MCC18\src\traditional\math\divFP.asm
                    FPM32   0x00206a    program     extern C:\MCC18\src\traditional\math\mulFP.asm
                    FPS32   0x001e96    program     extern C:\MCC18\src\traditional\math\addFP.asm
                 FXD3232U   0x00352a    program     extern C:\MCC18\src\traditional\math\fxd3232u.c
                 FXM1616S   0x002144    program     extern C:\MCC18\src\traditional\math\fxm1616s.asm
                 FXM1616U   0x00219e    program     extern C:\MCC18\src\traditional\math\fxm1616u.asm
                  FXM3232   0x0034ba    program     extern C:\MCC18\src\traditional\math\fxm3232.c
                  INT3208   0x0021da    program     extern C:\MCC18\src\traditional\math\castFP08.asm
                  INT3216   0x002228    program     extern C:\MCC18\src\traditional\math\castFP16.asm
      InterruptVectorHigh   0x000008    program     extern F:\Dede\job\essaiPIC\EnCours\GitHub\MWACPIC\serialLinkInterruptHandler.c
               LCD_STROBE   0x0029f2    program     extern F:\Dede\job\essaiPIC\EnCours\GitHub\MWACPIC\lcdTools.c
                OpenUSART   0x0033ce    program     extern C:\MCC18\src\pmc_common\USART\uopen.c
                  TAGTB32   0x002286    program     extern C:\MCC18\src\traditional\math\gtFP.asm
               TSIGN1616A   0x002190    program     static C:\MCC18\src\traditional\math\fxm1616s.asm
                   _2jEnd   0x003100    program     static C:\MCC18\src\traditional\stdclib\slenpgm.asm
        _D10TCYXCODE_000A   0x003624    program     static C:\MCC18\src\traditional\delays\d10tcyx.asm
        _D10TCYXCODE_000C   0x003626    program     static C:\MCC18\src\traditional\delays\d10tcyx.asm
        _D10TCYXCODE_000E   0x003628    program     static C:\MCC18\src\traditional\delays\d10tcyx.asm
        _D1KTCYXCODE_0010   0x0035d2    program     static C:\MCC18\src\traditional\delays\d1ktcyx.asm
        _D1KTCYXCODE_0016   0x0035d8    program     static C:\MCC18\src\traditional\delays\d1ktcyx.asm
              __FpCompare   0x002298    program     extern C:\MCC18\src\traditional\math\compFP.asm
                 __FpExit   0x00234e    program     extern C:\MCC18\src\traditional\math\packFP.asm
                 __FpPack   0x00237a    program     extern C:\MCC18\src\traditional\math\packFP.asm
            __FpReturnNaN   0x002342    program     extern C:\MCC18\src\traditional\math\packFP.asm
         __FpReturnNegInf   0x002354    program     extern C:\MCC18\src\traditional\math\packFP.asm
        __FpReturnNegZero   0x00236c    program     extern C:\MCC18\src\traditional\math\packFP.asm
         __FpReturnPosInf   0x00235a    program     extern C:\MCC18\src\traditional\math\packFP.asm
        __FpReturnPosZero   0x002374    program     extern C:\MCC18\src\traditional\math\packFP.asm
        __FpReturnSignInf   0x002350    program     extern C:\MCC18\src\traditional\math\packFP.asm
       __FpReturnSignZero   0x002368    program     extern C:\MCC18\src\traditional\math\packFP.asm
              __FpReturnW   0x0023d2    program     extern C:\MCC18\src\traditional\math\packFP.asm
              __FpUnPackA   0x0023f2    program     extern C:\MCC18\src\traditional\math\UnpackFP.asm
              __FpUnPackB   0x002422    program     extern C:\MCC18\src\traditional\math\UnpackFP.asm
       ___return_lbl00000   0x000004    program     static                          
       ___return_lbl00000   0x003570    program     static                          
       ___return_lbl00000   0x00000c    program     static                          
       ___return_lbl00000   0x003528    program     static                          
       ___return_lbl00001   0x0035fc    program     static                          
       ___return_lbl00002   0x003348    program     static                          
       ___return_lbl00010   0x0029b0    program     static                          
       ___return_lbl00018   0x0029fa    program     static                          
        ___while_lbl00011   0x00299e    program     static                          
        ___while_lbl00012   0x0029b0    program     static                          
                   __init   0x003650    program     extern C:\MCC18\src\traditional\stdclib\__init.c
                   __pa_0   0x000980    program     static C:\MCC18\src\traditional\stdclib\vfprintf.c
                   __pa_1   0x000988    program     static C:\MCC18\src\traditional\stdclib\vfprintf.c
                  __pa_10   0x000a3c    program     static C:\MCC18\src\traditional\stdclib\vfprintf.c
                  __pa_11   0x000a4a    program     static C:\MCC18\src\traditional\stdclib\vfprintf.c
                  __pa_12   0x000a60    program     static C:\MCC18\src\traditional\stdclib\vfprintf.c
                  __pa_13   0x000a7a    program     static C:\MCC18\src\traditional\stdclib\vfprintf.c
                  __pa_14   0x000a92    program     static C:\MCC18\src\traditional\stdclib\vfprintf.c
                  __pa_15   0x000aa2    program     static C:\MCC18\src\traditional\stdclib\vfprintf.c
                  __pa_16   0x000ab8    program     static C:\MCC18\src\traditional\stdclib\vfprintf.c
                  __pa_17   0x000aca    program     static C:\MCC18\src\traditional\stdclib\vfprintf.c
                  __pa_18   0x000adc    program     static C:\MCC18\src\traditional\stdclib\vfprintf.c
                  __pa_19   0x000ae6    program     static C:\MCC18\src\traditional\stdclib\vfprintf.c
                   __pa_2   0x000992    program     static C:\MCC18\src\traditional\stdclib\vfprintf.c
                  __pa_20   0x000af6    program     static C:\MCC18\src\traditional\stdclib\vfprintf.c
                  __pa_21   0x000b06    program     static C:\MCC18\src\traditional\stdclib\vfprintf.c
                  __pa_22   0x000b16    program     static C:\MCC18\src\traditional\stdclib\vfprintf.c
                  __pa_23   0x000b22    program     static C:\MCC18\src\traditional\stdclib\vfprintf.c
                  __pa_24   0x000b30    program     static C:\MCC18\src\traditional\stdclib\vfprintf.c
                  __pa_25   0x000b38    program     static C:\MCC18\src\traditional\stdclib\vfprintf.c
                  __pa_26   0x000b42    program     static C:\MCC18\src\traditional\stdclib\vfprintf.c
                  __pa_27   0x000b4c    program     static C:\MCC18\src\traditional\stdclib\vfprintf.c
                  __pa_28   0x000b54    program     static C:\MCC18\src\traditional\stdclib\vfprintf.c
                  __pa_29   0x000b62    program     static C:\MCC18\src\traditional\stdclib\vfprintf.c
                   __pa_3   0x00099c    program     static C:\MCC18\src\traditional\stdclib\vfprintf.c
                  __pa_30   0x000b7e    program     static C:\MCC18\src\traditional\stdclib\vfprintf.c
                  __pa_31   0x000b98    program     static C:\MCC18\src\traditional\stdclib\vfprintf.c
                  __pa_32   0x000bb2    program     static C:\MCC18\src\traditional\stdclib\vfprintf.c
                  __pa_33   0x000bca    program     static C:\MCC18\src\traditional\stdclib\vfprintf.c
                  __pa_34   0x000bd4    program     static C:\MCC18\src\traditional\stdclib\vfprintf.c
                  __pa_35   0x000be2    program     static C:\MCC18\src\traditional\stdclib\vfprintf.c
                  __pa_36   0x000bea    program     static C:\MCC18\src\traditional\stdclib\vfprintf.c
                  __pa_37   0x000bf4    program     static C:\MCC18\src\traditional\stdclib\vfprintf.c
                  __pa_38   0x000c04    program     static C:\MCC18\src\traditional\stdclib\vfprintf.c
                  __pa_39   0x000c12    program     static C:\MCC18\src\traditional\stdclib\vfprintf.c
                   __pa_4   0x0009b4    program     static C:\MCC18\src\traditional\stdclib\vfprintf.c
                  __pa_40   0x000c1e    program     static C:\MCC18\src\traditional\stdclib\vfprintf.c
                  __pa_41   0x000c2a    program     static C:\MCC18\src\traditional\stdclib\vfprintf.c
                  __pa_42   0x000c32    program     static C:\MCC18\src\traditional\stdclib\vfprintf.c
                  __pa_43   0x000c3c    program     static C:\MCC18\src\traditional\stdclib\vfprintf.c
                  __pa_44   0x000c42    program     static C:\MCC18\src\traditional\stdclib\vfprintf.c
                  __pa_45   0x000c4c    program     static C:\MCC18\src\traditional\stdclib\vfprintf.c
                  __pa_46   0x000c58    program     static C:\MCC18\src\traditional\stdclib\vfprintf.c
                   __pa_5   0x0009c8    program     static C:\MCC18\src\traditional\stdclib\vfprintf.c
                   __pa_6   0x0009e4    program     static C:\MCC18\src\traditional\stdclib\vfprintf.c
                   __pa_7   0x0009ee    program     static C:\MCC18\src\traditional\stdclib\vfprintf.c
                   __pa_8   0x0009fa    program     static C:\MCC18\src\traditional\stdclib\vfprintf.c
                   __pa_9   0x000a1c    program     static C:\MCC18\src\traditional\stdclib\vfprintf.c
               __string_0   0x003591    program     static F:\Dede\job\essaiPIC\EnCours\GitHub\MWACPIC\MWACProtocol.c
               __string_1   0x003588    program     static F:\Dede\job\essaiPIC\EnCours\GitHub\MWACPIC\MWACProtocol.c
               __string_1   0x00357f    program     static F:\Dede\job\essaiPIC\EnCours\GitHub\MWACPIC\main.c
               __string_2   0x003572    program     static F:\Dede\job\essaiPIC\EnCours\GitHub\MWACPIC\init.c
              __tmplbl_42   0x000b16    program     static                          
              __tmplbl_43   0x00095e    program     static                          
              __tmplbl_44   0x000944    program     static                          
              __tmplbl_85   0x000096    program     static                          
            __zero_memory   0x003642    program     extern C:\MCC18\src\traditional\proc\p18F458.asm
                _do_cinit   0x0032ac    program     extern C:\MCC18\src\traditional\startup\c018i.c
                   _entry   0x000000    program     extern C:\MCC18\src\traditional\startup\c018i.c
                   _false   0x00356c    program     static                          
                 _startup   0x0035e2    program     extern C:\MCC18\src\traditional\startup\c018i.c
              _usart_putc   0x0035fe    program     extern C:\MCC18\src\pmc_common\USART\_usartpc.asm
               _user_putc   0x000006    program     extern C:\MCC18\src\traditional\stdclib\_user_putc.c
               afficheLCD   0x002836    program     extern F:\Dede\job\essaiPIC\EnCours\GitHub\MWACPIC\lcdTools.c
                   bouton   0x003448    program     extern F:\Dede\job\essaiPIC\EnCours\GitHub\MWACPIC\boutons.c
calculeBAudRateGenerateur   0x001896    program     extern F:\Dede\job\essaiPIC\EnCours\GitHub\MWACPIC\serial.c
                 clearLCD   0x002af2    program     extern F:\Dede\job\essaiPIC\EnCours\GitHub\MWACPIC\lcdTools.c
               clear_loop   0x003648    program     static C:\MCC18\src\traditional\proc\p18F458.asm
                copy_loop   0x00331e    program     static                          
            copy_one_byte   0x003324    program     static                          
          delaiEnMilliSec   0x002de0    program     extern F:\Dede\job\essaiPIC\EnCours\GitHub\MWACPIC\delais.c
               delaiEnSec   0x002ba8    program     extern F:\Dede\job\essaiPIC\EnCours\GitHub\MWACPIC\delais.c
                     done   0x003348    program     static                          
             done_copying   0x003332    program     static                          
             frameProceed   0x000fec    program     extern F:\Dede\job\essaiPIC\EnCours\GitHub\MWACPIC\MWACProtocol.c
                     init   0x002ed0    program     extern F:\Dede\job\essaiPIC\EnCours\GitHub\MWACPIC\init.c
                  initLCD   0x002b36    program     extern F:\Dede\job\essaiPIC\EnCours\GitHub\MWACPIC\lcdTools.c
                  isdigit   0x00359e    program     extern C:\MCC18\src\traditional\stdclib\isdigit.asm
                 jANotInf   0x001ec0    program     static C:\MCC18\src\traditional\math\addFP.asm
                 jANotInf   0x001fe2    program     static C:\MCC18\src\traditional\math\divFP.asm
                 jANotInf   0x002088    program     static C:\MCC18\src\traditional\math\mulFP.asm
                 jANotNeg   0x001f54    program     static C:\MCC18\src\traditional\math\addFP.asm
                jANotZero   0x001ff6    program     static C:\MCC18\src\traditional\math\divFP.asm
              jAandWsetup   0x001f24    program     static C:\MCC18\src\traditional\math\addFP.asm
                  jAisNeg   0x002314    program     static C:\MCC18\src\traditional\math\compFP.asm
                 jAltBexp   0x001f12    program     static C:\MCC18\src\traditional\math\addFP.asm
                jBANotInf   0x001eb6    program     static C:\MCC18\src\traditional\math\addFP.asm
                 jBNotInf   0x001ece    program     static C:\MCC18\src\traditional\math\addFP.asm
              jBothFinite   0x002096    program     static C:\MCC18\src\traditional\math\mulFP.asm
             jBothNotZero   0x0022b6    program     static C:\MCC18\src\traditional\math\compFP.asm
             jBothNotZero   0x0020a2    program     static C:\MCC18\src\traditional\math\mulFP.asm
            jDifOrPosSign   0x001ee2    program     static C:\MCC18\src\traditional\math\addFP.asm
                      jEQ   0x0022d2    program     static C:\MCC18\src\traditional\math\compFP.asm
                     jEnd   0x003102    program     static C:\MCC18\src\traditional\stdclib\slenpgm.asm
                     jEnd   0x0030ca    program     static C:\MCC18\src\traditional\stdclib\strlen.asm
                    jExch   0x0022de    program     static C:\MCC18\src\traditional\math\compFP.asm
                    jExit   0x002284    program     static C:\MCC18\src\traditional\math\castFP16.asm
                    jExit   0x002226    program     static C:\MCC18\src\traditional\math\castFP08.asm
                   jExpEQ   0x002324    program     static C:\MCC18\src\traditional\math\compFP.asm
                   jFinal   0x002308    program     static C:\MCC18\src\traditional\math\compFP.asm
               jFinalSign   0x001fbc    program     static C:\MCC18\src\traditional\math\addFP.asm
                jHaveZero   0x00209e    program     static C:\MCC18\src\traditional\math\mulFP.asm
                jI2F16Beg   0x001e80    program     static C:\MCC18\src\traditional\math\cast16FP.asm
                    jLoop   0x002264    program     static C:\MCC18\src\traditional\math\castFP16.asm
                    jLoop   0x0030ea    program     static C:\MCC18\src\traditional\stdclib\slenpgm.asm
                    jLoop   0x003054    program     static C:\MCC18\src\traditional\stdclib\strcat.asm
                    jLoop   0x003096    program     static C:\MCC18\src\traditional\stdclib\strcpy.asm
                    jLoop   0x0030c0    program     static C:\MCC18\src\traditional\stdclib\strlen.asm
                    jLoop   0x00220e    program     static C:\MCC18\src\traditional\math\castFP08.asm
                    jLoop   0x00201e    program     static C:\MCC18\src\traditional\math\divFP.asm
                jLoopExit   0x002274    program     static C:\MCC18\src\traditional\math\castFP16.asm
                jLoopExit   0x00221c    program     static C:\MCC18\src\traditional\math\castFP08.asm
                   jMatch   0x0035be    program     static C:\MCC18\src\traditional\stdclib\isdigit.asm
                     jMax   0x002238    program     static C:\MCC18\src\traditional\math\castFP16.asm
                     jMax   0x0021ea    program     static C:\MCC18\src\traditional\math\castFP08.asm
                  jMaxNeg   0x0021f4    program     static C:\MCC18\src\traditional\math\castFP08.asm
                  jMaxNeg   0x002246    program     static C:\MCC18\src\traditional\math\castFP16.asm
                  jMaxPos   0x00223c    program     static C:\MCC18\src\traditional\math\castFP16.asm
                  jMaxPos   0x0021ee    program     static C:\MCC18\src\traditional\math\castFP08.asm
                      jNE   0x0022d6    program     static C:\MCC18\src\traditional\math\compFP.asm
                    jNext   0x002044    program     static C:\MCC18\src\traditional\math\divFP.asm
                jNoAdjust   0x002042    program     static C:\MCC18\src\traditional\math\divFP.asm
                  jNoExch   0x0022fe    program     static C:\MCC18\src\traditional\math\compFP.asm
                 jNoMatch   0x0035c0    program     static C:\MCC18\src\traditional\stdclib\isdigit.asm
             jNotBothZero   0x001ee6    program     static C:\MCC18\src\traditional\math\addFP.asm
                  jNotInf   0x0021fe    program     static C:\MCC18\src\traditional\math\castFP08.asm
                  jNotInf   0x002254    program     static C:\MCC18\src\traditional\math\castFP16.asm
                jNullLoop   0x00304e    program     static C:\MCC18\src\traditional\stdclib\strcat.asm
                  jPkLoop   0x002388    program     static C:\MCC18\src\traditional\math\packFP.asm
             jPkRoundDone   0x0023d2    program     static C:\MCC18\src\traditional\math\packFP.asm
               jPkRoundIt   0x0023ba    program     static C:\MCC18\src\traditional\math\packFP.asm
             jPkShiftDone   0x0023a4    program     static C:\MCC18\src\traditional\math\packFP.asm
           jReturnPosInf0   0x00235e    program     static C:\MCC18\src\traditional\math\packFP.asm
                  jRotate   0x002330    program     static C:\MCC18\src\traditional\math\compFP.asm
                   jShift   0x00231a    program     static C:\MCC18\src\traditional\math\compFP.asm
               jShiftDone   0x001f7c    program     static C:\MCC18\src\traditional\math\addFP.asm
               jShiftLoop   0x001f6e    program     static C:\MCC18\src\traditional\math\addFP.asm
                jSignDone   0x001fac    program     static C:\MCC18\src\traditional\math\addFP.asm
              jSignedZero   0x001fec    program     static C:\MCC18\src\traditional\math\divFP.asm
                 jSignsEQ   0x0022ba    program     static C:\MCC18\src\traditional\math\compFP.asm
                  jUnpkA1   0x0023fc    program     static C:\MCC18\src\traditional\math\UnpackFP.asm
                  jUnpkA2   0x002414    program     static C:\MCC18\src\traditional\math\UnpackFP.asm
                 jUnpkANZ   0x00240a    program     static C:\MCC18\src\traditional\math\UnpackFP.asm
                  jUnpkB1   0x00242c    program     static C:\MCC18\src\traditional\math\UnpackFP.asm
                  jUnpkB2   0x002444    program     static C:\MCC18\src\traditional\math\UnpackFP.asm
                 jUnpkBNZ   0x00243a    program     static C:\MCC18\src\traditional\math\UnpackFP.asm
                 jUnpkNaN   0x00241e    program     static C:\MCC18\src\traditional\math\UnpackFP.asm
                 jWNotNeg   0x001f68    program     static C:\MCC18\src\traditional\math\addFP.asm
                    jZero   0x00224e    program     static C:\MCC18\src\traditional\math\castFP16.asm
                    jZero   0x0021fa    program     static C:\MCC18\src\traditional\math\castFP08.asm
               jZero1and2   0x002362    program     static C:\MCC18\src\traditional\math\packFP.asm
                  lcd_cmd   0x0029fc    program     extern F:\Dede\job\essaiPIC\EnCours\GitHub\MWACPIC\lcdTools.c
                 lcd_data   0x002a30    program     extern F:\Dede\job\essaiPIC\EnCours\GitHub\MWACPIC\lcdTools.c
                 lcd_goto   0x002afc    program     extern F:\Dede\job\essaiPIC\EnCours\GitHub\MWACPIC\lcdTools.c
                lcd_nputs   0x002aac    program     extern F:\Dede\job\essaiPIC\EnCours\GitHub\MWACPIC\lcdTools.c
                 lcd_puts   0x002a70    program     extern F:\Dede\job\essaiPIC\EnCours\GitHub\MWACPIC\lcdTools.c
                     loop   0x003538    program     static                          
                     loop   0x0035f2    program     static                          
                     loop   0x00360e    program     static C:\MCC18\src\pmc_common\USART\_usartpc.asm
                     main   0x003116    program     extern F:\Dede\job\essaiPIC\EnCours\GitHub\MWACPIC\main.c
         pullCharFromFifo   0x001c8e    program     extern F:\Dede\job\essaiPIC\EnCours\GitHub\MWACPIC\serial.c
         pushCharIntoFifo   0x001b32    program     extern F:\Dede\job\essaiPIC\EnCours\GitHub\MWACPIC\serial.c
                     putc   0x00334a    program     extern C:\MCC18\src\traditional\stdclib\putc.c
                 s_digits   0x003630    program     static C:\MCC18\src\traditional\stdclib\vfprintf.c
            s_put_n_chars   0x000040    program     static C:\MCC18\src\traditional\stdclib\vfprintf.c
   sendAgentAdrSerialPort   0x0017d6    program     extern F:\Dede\job\essaiPIC\EnCours\GitHub\MWACPIC\serial.c
       sendCharSerialPort   0x001762    program     extern F:\Dede\job\essaiPIC\EnCours\GitHub\MWACPIC\serial.c
sendDataLinkFrameSerialPort   0x0015f6    program     extern F:\Dede\job\essaiPIC\EnCours\GitHub\MWACPIC\serial.c
          sendDataMessage   0x000ce6    program     extern F:\Dede\job\essaiPIC\EnCours\GitHub\MWACPIC\MWACProtocol.c
sendFrameHeaderSerialPort   0x00177c    program     extern F:\Dede\job\essaiPIC\EnCours\GitHub\MWACPIC\serial.c
  sendIntroductionMessage   0x000c62    program     extern F:\Dede\job\essaiPIC\EnCours\GitHub\MWACPIC\MWACProtocol.c
  sendPresentationMessage   0x000ee4    program     extern F:\Dede\job\essaiPIC\EnCours\GitHub\MWACPIC\MWACProtocol.c
   sendShortIntSerialPort   0x00178e    program     extern F:\Dede\job\essaiPIC\EnCours\GitHub\MWACPIC\serial.c
sendWhoAreMyNeighboursMessage   0x000ddc    program     extern F:\Dede\job\essaiPIC\EnCours\GitHub\MWACPIC\MWACProtocol.c
              serveurUART   0x00244e    program     extern F:\Dede\job\essaiPIC\EnCours\GitHub\MWACPIC\serialLinkInterruptHandler.c
                  sprintf   0x003200    program     extern C:\MCC18\src\traditional\stdclib\sprintf.c
                   strcat   0x003026    program     extern C:\MCC18\src\traditional\stdclib\strcat.asm
                   strcpy   0x00306e    program     extern C:\MCC18\src\traditional\stdclib\strcpy.asm
                   strlen   0x0030b0    program     extern C:\MCC18\src\traditional\stdclib\strlen.asm
                strlenpgm   0x0030cc    program     extern C:\MCC18\src\traditional\stdclib\slenpgm.asm
                     test   0x0032c6    program     static                          
                 vfprintf   0x00006c    program     extern C:\MCC18\src\traditional\stdclib\vfprintf.c
                   ADCON0   0x000fc2       data     extern C:\MCC18\src\traditional\proc\p18F458.asm
               ADCON0bits   0x000fc2       data     extern C:\MCC18\src\traditional\proc\p18F458.asm
                   ADCON1   0x000fc1       data     extern C:\MCC18\src\traditional\proc\p18F458.asm
               ADCON1bits   0x000fc1       data     extern C:\MCC18\src\traditional\proc\p18F458.asm
                    ADRES   0x000fc3       data     extern C:\MCC18\src\traditional\proc\p18F458.asm
                   ADRESH   0x000fc4       data     extern C:\MCC18\src\traditional\proc\p18F458.asm
                   ADRESL   0x000fc3       data     extern C:\MCC18\src\traditional\proc\p18F458.asm
                  BRGCON1   0x000f70       data     extern C:\MCC18\src\traditional\proc\p18F458.asm
              BRGCON1bits   0x000f70       data     extern C:\MCC18\src\traditional\proc\p18F458.asm
                  BRGCON2   0x000f71       data     extern C:\MCC18\src\traditional\proc\p18F458.asm
              BRGCON2bits   0x000f71       data     extern C:\MCC18\src\traditional\proc\p18F458.asm
                  BRGCON3   0x000f72       data     extern C:\MCC18\src\traditional\proc\p18F458.asm
              BRGCON3bits   0x000f72       data     extern C:\MCC18\src\traditional\proc\p18F458.asm
                      BSR   0x000fe0       data     extern C:\MCC18\src\traditional\proc\p18F458.asm
                   CANCON   0x000f6f       data     extern C:\MCC18\src\traditional\proc\p18F458.asm
               CANCONbits   0x000f6f       data     extern C:\MCC18\src\traditional\proc\p18F458.asm
                  CANSTAT   0x000f6e       data     extern C:\MCC18\src\traditional\proc\p18F458.asm
               CANSTATRO1   0x000f5e       data     extern C:\MCC18\src\traditional\proc\p18F458.asm
           CANSTATRO1bits   0x000f5e       data     extern C:\MCC18\src\traditional\proc\p18F458.asm
               CANSTATRO2   0x000f4e       data     extern C:\MCC18\src\traditional\proc\p18F458.asm
           CANSTATRO2bits   0x000f4e       data     extern C:\MCC18\src\traditional\proc\p18F458.asm
               CANSTATRO3   0x000f3e       data     extern C:\MCC18\src\traditional\proc\p18F458.asm
           CANSTATRO3bits   0x000f3e       data     extern C:\MCC18\src\traditional\proc\p18F458.asm
               CANSTATRO4   0x000f2e       data     extern C:\MCC18\src\traditional\proc\p18F458.asm
           CANSTATRO4bits   0x000f2e       data     extern C:\MCC18\src\traditional\proc\p18F458.asm
              CANSTATbits   0x000f6e       data     extern C:\MCC18\src\traditional\proc\p18F458.asm
                  CCP1CON   0x000fbd       data     extern C:\MCC18\src\traditional\proc\p18F458.asm
              CCP1CONbits   0x000fbd       data     extern C:\MCC18\src\traditional\proc\p18F458.asm
                   CCPR1H   0x000fbf       data     extern C:\MCC18\src\traditional\proc\p18F458.asm
                   CCPR1L   0x000fbe       data     extern C:\MCC18\src\traditional\proc\p18F458.asm
                   CIOCON   0x000f73       data     extern C:\MCC18\src\traditional\proc\p18F458.asm
               CIOCONbits   0x000f73       data     extern C:\MCC18\src\traditional\proc\p18F458.asm
                    CMCON   0x000fb4       data     extern C:\MCC18\src\traditional\proc\p18F458.asm
                CMCONbits   0x000fb4       data     extern C:\MCC18\src\traditional\proc\p18F458.asm
                  COMSTAT   0x000f74       data     extern C:\MCC18\src\traditional\proc\p18F458.asm
              COMSTATbits   0x000f74       data     extern C:\MCC18\src\traditional\proc\p18F458.asm
                   CVRCON   0x000fb5       data     extern C:\MCC18\src\traditional\proc\p18F458.asm
               CVRCONbits   0x000fb5       data     extern C:\MCC18\src\traditional\proc\p18F458.asm
                     DDRA   0x000f92       data     extern C:\MCC18\src\traditional\proc\p18F458.asm
                 DDRAbits   0x000f92       data     extern C:\MCC18\src\traditional\proc\p18F458.asm
                     DDRB   0x000f93       data     extern C:\MCC18\src\traditional\proc\p18F458.asm
                 DDRBbits   0x000f93       data     extern C:\MCC18\src\traditional\proc\p18F458.asm
                     DDRC   0x000f94       data     extern C:\MCC18\src\traditional\proc\p18F458.asm
                 DDRCbits   0x000f94       data     extern C:\MCC18\src\traditional\proc\p18F458.asm
                     DDRD   0x000f95       data     extern C:\MCC18\src\traditional\proc\p18F458.asm
                 DDRDbits   0x000f95       data     extern C:\MCC18\src\traditional\proc\p18F458.asm
                     DDRE   0x000f96       data     extern C:\MCC18\src\traditional\proc\p18F458.asm
                 DDREbits   0x000f96       data     extern C:\MCC18\src\traditional\proc\p18F458.asm
            DelayCounter1   0x000034       data     extern C:\MCC18\src\traditional\delays\delayd1.asm
                 ECCP1CON   0x000fba       data     extern C:\MCC18\src\traditional\proc\p18F458.asm
             ECCP1CONbits   0x000fba       data     extern C:\MCC18\src\traditional\proc\p18F458.asm
                 ECCP1DEL   0x000fb7       data     extern C:\MCC18\src\traditional\proc\p18F458.asm
             ECCP1DELbits   0x000fb7       data     extern C:\MCC18\src\traditional\proc\p18F458.asm
                   ECCPAS   0x000fb6       data     extern C:\MCC18\src\traditional\proc\p18F458.asm
               ECCPASbits   0x000fb6       data     extern C:\MCC18\src\traditional\proc\p18F458.asm
                   ECCPR1   0x000fbb       data     extern C:\MCC18\src\traditional\proc\p18F458.asm
                  ECCPR1H   0x000fbc       data     extern C:\MCC18\src\traditional\proc\p18F458.asm
                  ECCPR1L   0x000fbb       data     extern C:\MCC18\src\traditional\proc\p18F458.asm
                    EEADR   0x000fa9       data     extern C:\MCC18\src\traditional\proc\p18F458.asm
                   EECON1   0x000fa6       data     extern C:\MCC18\src\traditional\proc\p18F458.asm
               EECON1bits   0x000fa6       data     extern C:\MCC18\src\traditional\proc\p18F458.asm
                   EECON2   0x000fa7       data     extern C:\MCC18\src\traditional\proc\p18F458.asm
                   EEDATA   0x000fa8       data     extern C:\MCC18\src\traditional\proc\p18F458.asm
                     FSR0   0x000fe9       data     extern C:\MCC18\src\traditional\proc\p18F458.asm
                    FSR0H   0x000fea       data     extern C:\MCC18\src\traditional\proc\p18F458.asm
                    FSR0L   0x000fe9       data     extern C:\MCC18\src\traditional\proc\p18F458.asm
                     FSR1   0x000fe1       data     extern C:\MCC18\src\traditional\proc\p18F458.asm
                    FSR1H   0x000fe2       data     extern C:\MCC18\src\traditional\proc\p18F458.asm
                    FSR1L   0x000fe1       data     extern C:\MCC18\src\traditional\proc\p18F458.asm
                     FSR2   0x000fd9       data     extern C:\MCC18\src\traditional\proc\p18F458.asm
                    FSR2H   0x000fda       data     extern C:\MCC18\src\traditional\proc\p18F458.asm
                    FSR2L   0x000fd9       data     extern C:\MCC18\src\traditional\proc\p18F458.asm
                    INDF0   0x000fef       data     extern C:\MCC18\src\traditional\proc\p18F458.asm
                    INDF1   0x000fe7       data     extern C:\MCC18\src\traditional\proc\p18F458.asm
                    INDF2   0x000fdf       data     extern C:\MCC18\src\traditional\proc\p18F458.asm
                   INTCON   0x000ff2       data     extern C:\MCC18\src\traditional\proc\p18F458.asm
                  INTCON2   0x000ff1       data     extern C:\MCC18\src\traditional\proc\p18F458.asm
              INTCON2bits   0x000ff1       data     extern C:\MCC18\src\traditional\proc\p18F458.asm
                  INTCON3   0x000ff0       data     extern C:\MCC18\src\traditional\proc\p18F458.asm
              INTCON3bits   0x000ff0       data     extern C:\MCC18\src\traditional\proc\p18F458.asm
               INTCONbits   0x000ff2       data     extern C:\MCC18\src\traditional\proc\p18F458.asm
                     IPR1   0x000f9f       data     extern C:\MCC18\src\traditional\proc\p18F458.asm
                 IPR1bits   0x000f9f       data     extern C:\MCC18\src\traditional\proc\p18F458.asm
                     IPR2   0x000fa2       data     extern C:\MCC18\src\traditional\proc\p18F458.asm
                 IPR2bits   0x000fa2       data     extern C:\MCC18\src\traditional\proc\p18F458.asm
                     IPR3   0x000fa5       data     extern C:\MCC18\src\traditional\proc\p18F458.asm
                 IPR3bits   0x000fa5       data     extern C:\MCC18\src\traditional\proc\p18F458.asm
                     LATA   0x000f89       data     extern C:\MCC18\src\traditional\proc\p18F458.asm
                 LATAbits   0x000f89       data     extern C:\MCC18\src\traditional\proc\p18F458.asm
                     LATB   0x000f8a       data     extern C:\MCC18\src\traditional\proc\p18F458.asm
                 LATBbits   0x000f8a       data     extern C:\MCC18\src\traditional\proc\p18F458.asm
                     LATC   0x000f8b       data     extern C:\MCC18\src\traditional\proc\p18F458.asm
                 LATCbits   0x000f8b       data     extern C:\MCC18\src\traditional\proc\p18F458.asm
                     LATD   0x000f8c       data     extern C:\MCC18\src\traditional\proc\p18F458.asm
                 LATDbits   0x000f8c       data     extern C:\MCC18\src\traditional\proc\p18F458.asm
                     LATE   0x000f8d       data     extern C:\MCC18\src\traditional\proc\p18F458.asm
                 LATEbits   0x000f8d       data     extern C:\MCC18\src\traditional\proc\p18F458.asm
                   LVDCON   0x000fd2       data     extern C:\MCC18\src\traditional\proc\p18F458.asm
               LVDCONbits   0x000fd2       data     extern C:\MCC18\src\traditional\proc\p18F458.asm
                   OSCCON   0x000fd3       data     extern C:\MCC18\src\traditional\proc\p18F458.asm
               OSCCONbits   0x000fd3       data     extern C:\MCC18\src\traditional\proc\p18F458.asm
                       PC   0x000ff9       data     extern C:\MCC18\src\traditional\proc\p18F458.asm
                      PCL   0x000ff9       data     extern C:\MCC18\src\traditional\proc\p18F458.asm
                   PCLATH   0x000ffa       data     extern C:\MCC18\src\traditional\proc\p18F458.asm
                   PCLATU   0x000ffb       data     extern C:\MCC18\src\traditional\proc\p18F458.asm
                     PIE1   0x000f9d       data     extern C:\MCC18\src\traditional\proc\p18F458.asm
                 PIE1bits   0x000f9d       data     extern C:\MCC18\src\traditional\proc\p18F458.asm
                     PIE2   0x000fa0       data     extern C:\MCC18\src\traditional\proc\p18F458.asm
                 PIE2bits   0x000fa0       data     extern C:\MCC18\src\traditional\proc\p18F458.asm
                     PIE3   0x000fa3       data     extern C:\MCC18\src\traditional\proc\p18F458.asm
                 PIE3bits   0x000fa3       data     extern C:\MCC18\src\traditional\proc\p18F458.asm
                     PIR1   0x000f9e       data     extern C:\MCC18\src\traditional\proc\p18F458.asm
                 PIR1bits   0x000f9e       data     extern C:\MCC18\src\traditional\proc\p18F458.asm
                     PIR2   0x000fa1       data     extern C:\MCC18\src\traditional\proc\p18F458.asm
                 PIR2bits   0x000fa1       data     extern C:\MCC18\src\traditional\proc\p18F458.asm
                     PIR3   0x000fa4       data     extern C:\MCC18\src\traditional\proc\p18F458.asm
                 PIR3bits   0x000fa4       data     extern C:\MCC18\src\traditional\proc\p18F458.asm
                   PLUSW0   0x000feb       data     extern C:\MCC18\src\traditional\proc\p18F458.asm
                   PLUSW1   0x000fe3       data     extern C:\MCC18\src\traditional\proc\p18F458.asm
                   PLUSW2   0x000fdb       data     extern C:\MCC18\src\traditional\proc\p18F458.asm
                    PORTA   0x000f80       data     extern C:\MCC18\src\traditional\proc\p18F458.asm
                PORTAbits   0x000f80       data     extern C:\MCC18\src\traditional\proc\p18F458.asm
                    PORTB   0x000f81       data     extern C:\MCC18\src\traditional\proc\p18F458.asm
                PORTBbits   0x000f81       data     extern C:\MCC18\src\traditional\proc\p18F458.asm
                    PORTC   0x000f82       data     extern C:\MCC18\src\traditional\proc\p18F458.asm
                PORTCbits   0x000f82       data     extern C:\MCC18\src\traditional\proc\p18F458.asm
                    PORTD   0x000f83       data     extern C:\MCC18\src\traditional\proc\p18F458.asm
                PORTDbits   0x000f83       data     extern C:\MCC18\src\traditional\proc\p18F458.asm
                    PORTE   0x000f84       data     extern C:\MCC18\src\traditional\proc\p18F458.asm
                PORTEbits   0x000f84       data     extern C:\MCC18\src\traditional\proc\p18F458.asm
                 POSTDEC0   0x000fed       data     extern C:\MCC18\src\traditional\proc\p18F458.asm
                 POSTDEC1   0x000fe5       data     extern C:\MCC18\src\traditional\proc\p18F458.asm
                 POSTDEC2   0x000fdd       data     extern C:\MCC18\src\traditional\proc\p18F458.asm
                 POSTINC0   0x000fee       data     extern C:\MCC18\src\traditional\proc\p18F458.asm
                 POSTINC1   0x000fe6       data     extern C:\MCC18\src\traditional\proc\p18F458.asm
                 POSTINC2   0x000fde       data     extern C:\MCC18\src\traditional\proc\p18F458.asm
                      PR2   0x000fcb       data     extern C:\MCC18\src\traditional\proc\p18F458.asm
                  PREINC0   0x000fec       data     extern C:\MCC18\src\traditional\proc\p18F458.asm
                  PREINC1   0x000fe4       data     extern C:\MCC18\src\traditional\proc\p18F458.asm
                  PREINC2   0x000fdc       data     extern C:\MCC18\src\traditional\proc\p18F458.asm
                     PROD   0x000ff3       data     extern C:\MCC18\src\traditional\proc\p18F458.asm
                    PRODH   0x000ff4       data     extern C:\MCC18\src\traditional\proc\p18F458.asm
                    PRODL   0x000ff3       data     extern C:\MCC18\src\traditional\proc\p18F458.asm
                     RCON   0x000fd0       data     extern C:\MCC18\src\traditional\proc\p18F458.asm
                 RCONbits   0x000fd0       data     extern C:\MCC18\src\traditional\proc\p18F458.asm
                    RCREG   0x000fae       data     extern C:\MCC18\src\traditional\proc\p18F458.asm
                    RCSTA   0x000fab       data     extern C:\MCC18\src\traditional\proc\p18F458.asm
                RCSTAbits   0x000fab       data     extern C:\MCC18\src\traditional\proc\p18F458.asm
                  RXB0CON   0x000f60       data     extern C:\MCC18\src\traditional\proc\p18F458.asm
              RXB0CONbits   0x000f60       data     extern C:\MCC18\src\traditional\proc\p18F458.asm
                   RXB0D0   0x000f66       data     extern C:\MCC18\src\traditional\proc\p18F458.asm
               RXB0D0bits   0x000f66       data     extern C:\MCC18\src\traditional\proc\p18F458.asm
                   RXB0D1   0x000f67       data     extern C:\MCC18\src\traditional\proc\p18F458.asm
               RXB0D1bits   0x000f67       data     extern C:\MCC18\src\traditional\proc\p18F458.asm
                   RXB0D2   0x000f68       data     extern C:\MCC18\src\traditional\proc\p18F458.asm
               RXB0D2bits   0x000f68       data     extern C:\MCC18\src\traditional\proc\p18F458.asm
                   RXB0D3   0x000f69       data     extern C:\MCC18\src\traditional\proc\p18F458.asm
               RXB0D3bits   0x000f69       data     extern C:\MCC18\src\traditional\proc\p18F458.asm
                   RXB0D4   0x000f6a       data     extern C:\MCC18\src\traditional\proc\p18F458.asm
               RXB0D4bits   0x000f6a       data     extern C:\MCC18\src\traditional\proc\p18F458.asm
                   RXB0D5   0x000f6b       data     extern C:\MCC18\src\traditional\proc\p18F458.asm
               RXB0D5bits   0x000f6b       data     extern C:\MCC18\src\traditional\proc\p18F458.asm
                   RXB0D6   0x000f6c       data     extern C:\MCC18\src\traditional\proc\p18F458.asm
               RXB0D6bits   0x000f6c       data     extern C:\MCC18\src\traditional\proc\p18F458.asm
                   RXB0D7   0x000f6d       data     extern C:\MCC18\src\traditional\proc\p18F458.asm
               RXB0D7bits   0x000f6d       data     extern C:\MCC18\src\traditional\proc\p18F458.asm
                  RXB0DLC   0x000f65       data     extern C:\MCC18\src\traditional\proc\p18F458.asm
              RXB0DLCbits   0x000f65       data     extern C:\MCC18\src\traditional\proc\p18F458.asm
                 RXB0EIDH   0x000f63       data     extern C:\MCC18\src\traditional\proc\p18F458.asm
             RXB0EIDHbits   0x000f63       data     extern C:\MCC18\src\traditional\proc\p18F458.asm
                 RXB0EIDL   0x000f64       data     extern C:\MCC18\src\traditional\proc\p18F458.asm
             RXB0EIDLbits   0x000f64       data     extern C:\MCC18\src\traditional\proc\p18F458.asm
                 RXB0SIDH   0x000f61       data     extern C:\MCC18\src\traditional\proc\p18F458.asm
             RXB0SIDHbits   0x000f61       data     extern C:\MCC18\src\traditional\proc\p18F458.asm
                 RXB0SIDL   0x000f62       data     extern C:\MCC18\src\traditional\proc\p18F458.asm
             RXB0SIDLbits   0x000f62       data     extern C:\MCC18\src\traditional\proc\p18F458.asm
                  RXB1CON   0x000f50       data     extern C:\MCC18\src\traditional\proc\p18F458.asm
              RXB1CONbits   0x000f50       data     extern C:\MCC18\src\traditional\proc\p18F458.asm
                   RXB1D0   0x000f56       data     extern C:\MCC18\src\traditional\proc\p18F458.asm
               RXB1D0bits   0x000f56       data     extern C:\MCC18\src\traditional\proc\p18F458.asm
                   RXB1D1   0x000f57       data     extern C:\MCC18\src\traditional\proc\p18F458.asm
               RXB1D1bits   0x000f57       data     extern C:\MCC18\src\traditional\proc\p18F458.asm
                   RXB1D2   0x000f58       data     extern C:\MCC18\src\traditional\proc\p18F458.asm
               RXB1D2bits   0x000f58       data     extern C:\MCC18\src\traditional\proc\p18F458.asm
                   RXB1D3   0x000f59       data     extern C:\MCC18\src\traditional\proc\p18F458.asm
               RXB1D3bits   0x000f59       data     extern C:\MCC18\src\traditional\proc\p18F458.asm
                   RXB1D4   0x000f5a       data     extern C:\MCC18\src\traditional\proc\p18F458.asm
               RXB1D4bits   0x000f5a       data     extern C:\MCC18\src\traditional\proc\p18F458.asm
                   RXB1D5   0x000f5b       data     extern C:\MCC18\src\traditional\proc\p18F458.asm
               RXB1D5bits   0x000f5b       data     extern C:\MCC18\src\traditional\proc\p18F458.asm
                   RXB1D6   0x000f5c       data     extern C:\MCC18\src\traditional\proc\p18F458.asm
               RXB1D6bits   0x000f5c       data     extern C:\MCC18\src\traditional\proc\p18F458.asm
                   RXB1D7   0x000f5d       data     extern C:\MCC18\src\traditional\proc\p18F458.asm
               RXB1D7bits   0x000f5d       data     extern C:\MCC18\src\traditional\proc\p18F458.asm
                  RXB1DLC   0x000f55       data     extern C:\MCC18\src\traditional\proc\p18F458.asm
              RXB1DLCbits   0x000f55       data     extern C:\MCC18\src\traditional\proc\p18F458.asm
                 RXB1EIDH   0x000f53       data     extern C:\MCC18\src\traditional\proc\p18F458.asm
             RXB1EIDHbits   0x000f53       data     extern C:\MCC18\src\traditional\proc\p18F458.asm
                 RXB1EIDL   0x000f54       data     extern C:\MCC18\src\traditional\proc\p18F458.asm
             RXB1EIDLbits   0x000f54       data     extern C:\MCC18\src\traditional\proc\p18F458.asm
                 RXB1SIDH   0x000f51       data     extern C:\MCC18\src\traditional\proc\p18F458.asm
             RXB1SIDHbits   0x000f51       data     extern C:\MCC18\src\traditional\proc\p18F458.asm
                 RXB1SIDL   0x000f52       data     extern C:\MCC18\src\traditional\proc\p18F458.asm
             RXB1SIDLbits   0x000f52       data     extern C:\MCC18\src\traditional\proc\p18F458.asm
                 RXERRCNT   0x000f75       data     extern C:\MCC18\src\traditional\proc\p18F458.asm
             RXERRCNTbits   0x000f75       data     extern C:\MCC18\src\traditional\proc\p18F458.asm
                 RXF0EIDH   0x000f02       data     extern C:\MCC18\src\traditional\proc\p18F458.asm
             RXF0EIDHbits   0x000f02       data     extern C:\MCC18\src\traditional\proc\p18F458.asm
                 RXF0EIDL   0x000f03       data     extern C:\MCC18\src\traditional\proc\p18F458.asm
             RXF0EIDLbits   0x000f03       data     extern C:\MCC18\src\traditional\proc\p18F458.asm
                 RXF0SIDH   0x000f00       data     extern C:\MCC18\src\traditional\proc\p18F458.asm
             RXF0SIDHbits   0x000f00       data     extern C:\MCC18\src\traditional\proc\p18F458.asm
                 RXF0SIDL   0x000f01       data     extern C:\MCC18\src\traditional\proc\p18F458.asm
             RXF0SIDLbits   0x000f01       data     extern C:\MCC18\src\traditional\proc\p18F458.asm
                 RXF1EIDH   0x000f06       data     extern C:\MCC18\src\traditional\proc\p18F458.asm
             RXF1EIDHbits   0x000f06       data     extern C:\MCC18\src\traditional\proc\p18F458.asm
                 RXF1EIDL   0x000f07       data     extern C:\MCC18\src\traditional\proc\p18F458.asm
             RXF1EIDLbits   0x000f07       data     extern C:\MCC18\src\traditional\proc\p18F458.asm
                 RXF1SIDH   0x000f04       data     extern C:\MCC18\src\traditional\proc\p18F458.asm
             RXF1SIDHbits   0x000f04       data     extern C:\MCC18\src\traditional\proc\p18F458.asm
                 RXF1SIDL   0x000f05       data     extern C:\MCC18\src\traditional\proc\p18F458.asm
             RXF1SIDLbits   0x000f05       data     extern C:\MCC18\src\traditional\proc\p18F458.asm
                 RXF2EIDH   0x000f0a       data     extern C:\MCC18\src\traditional\proc\p18F458.asm
             RXF2EIDHbits   0x000f0a       data     extern C:\MCC18\src\traditional\proc\p18F458.asm
                 RXF2EIDL   0x000f0b       data     extern C:\MCC18\src\traditional\proc\p18F458.asm
             RXF2EIDLbits   0x000f0b       data     extern C:\MCC18\src\traditional\proc\p18F458.asm
                 RXF2SIDH   0x000f08       data     extern C:\MCC18\src\traditional\proc\p18F458.asm
             RXF2SIDHbits   0x000f08       data     extern C:\MCC18\src\traditional\proc\p18F458.asm
                 RXF2SIDL   0x000f09       data     extern C:\MCC18\src\traditional\proc\p18F458.asm
             RXF2SIDLbits   0x000f09       data     extern C:\MCC18\src\traditional\proc\p18F458.asm
                 RXF3EIDH   0x000f0e       data     extern C:\MCC18\src\traditional\proc\p18F458.asm
             RXF3EIDHbits   0x000f0e       data     extern C:\MCC18\src\traditional\proc\p18F458.asm
                 RXF3EIDL   0x000f0f       data     extern C:\MCC18\src\traditional\proc\p18F458.asm
             RXF3EIDLbits   0x000f0f       data     extern C:\MCC18\src\traditional\proc\p18F458.asm
                 RXF3SIDH   0x000f0c       data     extern C:\MCC18\src\traditional\proc\p18F458.asm
             RXF3SIDHbits   0x000f0c       data     extern C:\MCC18\src\traditional\proc\p18F458.asm
                 RXF3SIDL   0x000f0d       data     extern C:\MCC18\src\traditional\proc\p18F458.asm
             RXF3SIDLbits   0x000f0d       data     extern C:\MCC18\src\traditional\proc\p18F458.asm
                 RXF4EIDH   0x000f12       data     extern C:\MCC18\src\traditional\proc\p18F458.asm
             RXF4EIDHbits   0x000f12       data     extern C:\MCC18\src\traditional\proc\p18F458.asm
                 RXF4EIDL   0x000f13       data     extern C:\MCC18\src\traditional\proc\p18F458.asm
             RXF4EIDLbits   0x000f13       data     extern C:\MCC18\src\traditional\proc\p18F458.asm
                 RXF4SIDH   0x000f10       data     extern C:\MCC18\src\traditional\proc\p18F458.asm
             RXF4SIDHbits   0x000f10       data     extern C:\MCC18\src\traditional\proc\p18F458.asm
                 RXF4SIDL   0x000f11       data     extern C:\MCC18\src\traditional\proc\p18F458.asm
             RXF4SIDLbits   0x000f11       data     extern C:\MCC18\src\traditional\proc\p18F458.asm
                 RXF5EIDH   0x000f16       data     extern C:\MCC18\src\traditional\proc\p18F458.asm
             RXF5EIDHbits   0x000f16       data     extern C:\MCC18\src\traditional\proc\p18F458.asm
                 RXF5EIDL   0x000f17       data     extern C:\MCC18\src\traditional\proc\p18F458.asm
             RXF5EIDLbits   0x000f17       data     extern C:\MCC18\src\traditional\proc\p18F458.asm
                 RXF5SIDH   0x000f14       data     extern C:\MCC18\src\traditional\proc\p18F458.asm
             RXF5SIDHbits   0x000f14       data     extern C:\MCC18\src\traditional\proc\p18F458.asm
                 RXF5SIDL   0x000f15       data     extern C:\MCC18\src\traditional\proc\p18F458.asm
             RXF5SIDLbits   0x000f15       data     extern C:\MCC18\src\traditional\proc\p18F458.asm
                 RXM0EIDH   0x000f1a       data     extern C:\MCC18\src\traditional\proc\p18F458.asm
             RXM0EIDHbits   0x000f1a       data     extern C:\MCC18\src\traditional\proc\p18F458.asm
                 RXM0EIDL   0x000f1b       data     extern C:\MCC18\src\traditional\proc\p18F458.asm
             RXM0EIDLbits   0x000f1b       data     extern C:\MCC18\src\traditional\proc\p18F458.asm
                 RXM0SIDH   0x000f18       data     extern C:\MCC18\src\traditional\proc\p18F458.asm
             RXM0SIDHbits   0x000f18       data     extern C:\MCC18\src\traditional\proc\p18F458.asm
                 RXM0SIDL   0x000f19       data     extern C:\MCC18\src\traditional\proc\p18F458.asm
             RXM0SIDLbits   0x000f19       data     extern C:\MCC18\src\traditional\proc\p18F458.asm
                 RXM1EIDH   0x000f1e       data     extern C:\MCC18\src\traditional\proc\p18F458.asm
             RXM1EIDHbits   0x000f1e       data     extern C:\MCC18\src\traditional\proc\p18F458.asm
                 RXM1EIDL   0x000f1f       data     extern C:\MCC18\src\traditional\proc\p18F458.asm
             RXM1EIDLbits   0x000f1f       data     extern C:\MCC18\src\traditional\proc\p18F458.asm
                 RXM1SIDH   0x000f1c       data     extern C:\MCC18\src\traditional\proc\p18F458.asm
             RXM1SIDHbits   0x000f1c       data     extern C:\MCC18\src\traditional\proc\p18F458.asm
                 RXM1SIDL   0x000f1d       data     extern C:\MCC18\src\traditional\proc\p18F458.asm
             RXM1SIDLbits   0x000f1d       data     extern C:\MCC18\src\traditional\proc\p18F458.asm
                     SIGN   0x000018       data     extern C:\MCC18\src\traditional\math\cmath18.asm
                    SPBRG   0x000faf       data     extern C:\MCC18\src\traditional\proc\p18F458.asm
                   SSPADD   0x000fc8       data     extern C:\MCC18\src\traditional\proc\p18F458.asm
                   SSPBUF   0x000fc9       data     extern C:\MCC18\src\traditional\proc\p18F458.asm
                  SSPCON1   0x000fc6       data     extern C:\MCC18\src\traditional\proc\p18F458.asm
              SSPCON1bits   0x000fc6       data     extern C:\MCC18\src\traditional\proc\p18F458.asm
                  SSPCON2   0x000fc5       data     extern C:\MCC18\src\traditional\proc\p18F458.asm
              SSPCON2bits   0x000fc5       data     extern C:\MCC18\src\traditional\proc\p18F458.asm
                  SSPSTAT   0x000fc7       data     extern C:\MCC18\src\traditional\proc\p18F458.asm
              SSPSTATbits   0x000fc7       data     extern C:\MCC18\src\traditional\proc\p18F458.asm
                   STATUS   0x000fd8       data     extern C:\MCC18\src\traditional\proc\p18F458.asm
               STATUSbits   0x000fd8       data     extern C:\MCC18\src\traditional\proc\p18F458.asm
                   STKPTR   0x000ffc       data     extern C:\MCC18\src\traditional\proc\p18F458.asm
               STKPTRbits   0x000ffc       data     extern C:\MCC18\src\traditional\proc\p18F458.asm
                    T0CON   0x000fd5       data     extern C:\MCC18\src\traditional\proc\p18F458.asm
                T0CONbits   0x000fd5       data     extern C:\MCC18\src\traditional\proc\p18F458.asm
                    T1CON   0x000fcd       data     extern C:\MCC18\src\traditional\proc\p18F458.asm
                T1CONbits   0x000fcd       data     extern C:\MCC18\src\traditional\proc\p18F458.asm
                    T2CON   0x000fca       data     extern C:\MCC18\src\traditional\proc\p18F458.asm
                T2CONbits   0x000fca       data     extern C:\MCC18\src\traditional\proc\p18F458.asm
                    T3CON   0x000fb1       data     extern C:\MCC18\src\traditional\proc\p18F458.asm
                T3CONbits   0x000fb1       data     extern C:\MCC18\src\traditional\proc\p18F458.asm
                   TABLAT   0x000ff5       data     extern C:\MCC18\src\traditional\proc\p18F458.asm
                   TBLPTR   0x000ff6       data     extern C:\MCC18\src\traditional\proc\p18F458.asm
                  TBLPTRH   0x000ff7       data     extern C:\MCC18\src\traditional\proc\p18F458.asm
                  TBLPTRL   0x000ff6       data     extern C:\MCC18\src\traditional\proc\p18F458.asm
                  TBLPTRU   0x000ff8       data     extern C:\MCC18\src\traditional\proc\p18F458.asm
                    TMR0H   0x000fd7       data     extern C:\MCC18\src\traditional\proc\p18F458.asm
                    TMR0L   0x000fd6       data     extern C:\MCC18\src\traditional\proc\p18F458.asm
                    TMR1H   0x000fcf       data     extern C:\MCC18\src\traditional\proc\p18F458.asm
                    TMR1L   0x000fce       data     extern C:\MCC18\src\traditional\proc\p18F458.asm
                     TMR2   0x000fcc       data     extern C:\MCC18\src\traditional\proc\p18F458.asm
                    TMR3H   0x000fb3       data     extern C:\MCC18\src\traditional\proc\p18F458.asm
                    TMR3L   0x000fb2       data     extern C:\MCC18\src\traditional\proc\p18F458.asm
                      TOS   0x000ffd       data     extern C:\MCC18\src\traditional\proc\p18F458.asm
                     TOSH   0x000ffe       data     extern C:\MCC18\src\traditional\proc\p18F458.asm
                     TOSL   0x000ffd       data     extern C:\MCC18\src\traditional\proc\p18F458.asm
                     TOSU   0x000fff       data     extern C:\MCC18\src\traditional\proc\p18F458.asm
                    TRISA   0x000f92       data     extern C:\MCC18\src\traditional\proc\p18F458.asm
                TRISAbits   0x000f92       data     extern C:\MCC18\src\traditional\proc\p18F458.asm
                    TRISB   0x000f93       data     extern C:\MCC18\src\traditional\proc\p18F458.asm
                TRISBbits   0x000f93       data     extern C:\MCC18\src\traditional\proc\p18F458.asm
                    TRISC   0x000f94       data     extern C:\MCC18\src\traditional\proc\p18F458.asm
                TRISCbits   0x000f94       data     extern C:\MCC18\src\traditional\proc\p18F458.asm
                    TRISD   0x000f95       data     extern C:\MCC18\src\traditional\proc\p18F458.asm
                TRISDbits   0x000f95       data     extern C:\MCC18\src\traditional\proc\p18F458.asm
                    TRISE   0x000f96       data     extern C:\MCC18\src\traditional\proc\p18F458.asm
                TRISEbits   0x000f96       data     extern C:\MCC18\src\traditional\proc\p18F458.asm
                  TXB0CON   0x000f40       data     extern C:\MCC18\src\traditional\proc\p18F458.asm
              TXB0CONbits   0x000f40       data     extern C:\MCC18\src\traditional\proc\p18F458.asm
                   TXB0D0   0x000f46       data     extern C:\MCC18\src\traditional\proc\p18F458.asm
               TXB0D0bits   0x000f46       data     extern C:\MCC18\src\traditional\proc\p18F458.asm
                   TXB0D1   0x000f47       data     extern C:\MCC18\src\traditional\proc\p18F458.asm
               TXB0D1bits   0x000f47       data     extern C:\MCC18\src\traditional\proc\p18F458.asm
                   TXB0D2   0x000f48       data     extern C:\MCC18\src\traditional\proc\p18F458.asm
               TXB0D2bits   0x000f48       data     extern C:\MCC18\src\traditional\proc\p18F458.asm
                   TXB0D3   0x000f49       data     extern C:\MCC18\src\traditional\proc\p18F458.asm
               TXB0D3bits   0x000f49       data     extern C:\MCC18\src\traditional\proc\p18F458.asm
                   TXB0D4   0x000f4a       data     extern C:\MCC18\src\traditional\proc\p18F458.asm
               TXB0D4bits   0x000f4a       data     extern C:\MCC18\src\traditional\proc\p18F458.asm
                   TXB0D5   0x000f4b       data     extern C:\MCC18\src\traditional\proc\p18F458.asm
               TXB0D5bits   0x000f4b       data     extern C:\MCC18\src\traditional\proc\p18F458.asm
                   TXB0D6   0x000f4c       data     extern C:\MCC18\src\traditional\proc\p18F458.asm
               TXB0D6bits   0x000f4c       data     extern C:\MCC18\src\traditional\proc\p18F458.asm
                   TXB0D7   0x000f4d       data     extern C:\MCC18\src\traditional\proc\p18F458.asm
               TXB0D7bits   0x000f4d       data     extern C:\MCC18\src\traditional\proc\p18F458.asm
                  TXB0DLC   0x000f45       data     extern C:\MCC18\src\traditional\proc\p18F458.asm
              TXB0DLCbits   0x000f45       data     extern C:\MCC18\src\traditional\proc\p18F458.asm
                 TXB0EIDH   0x000f43       data     extern C:\MCC18\src\traditional\proc\p18F458.asm
             TXB0EIDHbits   0x000f43       data     extern C:\MCC18\src\traditional\proc\p18F458.asm
                 TXB0EIDL   0x000f44       data     extern C:\MCC18\src\traditional\proc\p18F458.asm
             TXB0EIDLbits   0x000f44       data     extern C:\MCC18\src\traditional\proc\p18F458.asm
                 TXB0SIDH   0x000f41       data     extern C:\MCC18\src\traditional\proc\p18F458.asm
             TXB0SIDHbits   0x000f41       data     extern C:\MCC18\src\traditional\proc\p18F458.asm
                 TXB0SIDL   0x000f42       data     extern C:\MCC18\src\traditional\proc\p18F458.asm
             TXB0SIDLbits   0x000f42       data     extern C:\MCC18\src\traditional\proc\p18F458.asm
                  TXB1CON   0x000f30       data     extern C:\MCC18\src\traditional\proc\p18F458.asm
              TXB1CONbits   0x000f30       data     extern C:\MCC18\src\traditional\proc\p18F458.asm
                   TXB1D0   0x000f36       data     extern C:\MCC18\src\traditional\proc\p18F458.asm
               TXB1D0bits   0x000f36       data     extern C:\MCC18\src\traditional\proc\p18F458.asm
                   TXB1D1   0x000f37       data     extern C:\MCC18\src\traditional\proc\p18F458.asm
               TXB1D1bits   0x000f37       data     extern C:\MCC18\src\traditional\proc\p18F458.asm
                   TXB1D2   0x000f38       data     extern C:\MCC18\src\traditional\proc\p18F458.asm
               TXB1D2bits   0x000f38       data     extern C:\MCC18\src\traditional\proc\p18F458.asm
                   TXB1D3   0x000f39       data     extern C:\MCC18\src\traditional\proc\p18F458.asm
               TXB1D3bits   0x000f39       data     extern C:\MCC18\src\traditional\proc\p18F458.asm
                   TXB1D4   0x000f3a       data     extern C:\MCC18\src\traditional\proc\p18F458.asm
               TXB1D4bits   0x000f3a       data     extern C:\MCC18\src\traditional\proc\p18F458.asm
                   TXB1D5   0x000f3b       data     extern C:\MCC18\src\traditional\proc\p18F458.asm
               TXB1D5bits   0x000f3b       data     extern C:\MCC18\src\traditional\proc\p18F458.asm
                   TXB1D6   0x000f3c       data     extern C:\MCC18\src\traditional\proc\p18F458.asm
               TXB1D6bits   0x000f3c       data     extern C:\MCC18\src\traditional\proc\p18F458.asm
                   TXB1D7   0x000f3d       data     extern C:\MCC18\src\traditional\proc\p18F458.asm
               TXB1D7bits   0x000f3d       data     extern C:\MCC18\src\traditional\proc\p18F458.asm
                  TXB1DLC   0x000f35       data     extern C:\MCC18\src\traditional\proc\p18F458.asm
              TXB1DLCbits   0x000f35       data     extern C:\MCC18\src\traditional\proc\p18F458.asm
                 TXB1EIDH   0x000f33       data     extern C:\MCC18\src\traditional\proc\p18F458.asm
             TXB1EIDHbits   0x000f33       data     extern C:\MCC18\src\traditional\proc\p18F458.asm
                 TXB1EIDL   0x000f34       data     extern C:\MCC18\src\traditional\proc\p18F458.asm
             TXB1EIDLbits   0x000f34       data     extern C:\MCC18\src\traditional\proc\p18F458.asm
                 TXB1SIDH   0x000f31       data     extern C:\MCC18\src\traditional\proc\p18F458.asm
             TXB1SIDHbits   0x000f31       data     extern C:\MCC18\src\traditional\proc\p18F458.asm
                 TXB1SIDL   0x000f32       data     extern C:\MCC18\src\traditional\proc\p18F458.asm
             TXB1SIDLbits   0x000f32       data     extern C:\MCC18\src\traditional\proc\p18F458.asm
                  TXB2CON   0x000f20       data     extern C:\MCC18\src\traditional\proc\p18F458.asm
              TXB2CONbits   0x000f20       data     extern C:\MCC18\src\traditional\proc\p18F458.asm
                   TXB2D0   0x000f26       data     extern C:\MCC18\src\traditional\proc\p18F458.asm
               TXB2D0bits   0x000f26       data     extern C:\MCC18\src\traditional\proc\p18F458.asm
                   TXB2D1   0x000f27       data     extern C:\MCC18\src\traditional\proc\p18F458.asm
               TXB2D1bits   0x000f27       data     extern C:\MCC18\src\traditional\proc\p18F458.asm
                   TXB2D2   0x000f28       data     extern C:\MCC18\src\traditional\proc\p18F458.asm
               TXB2D2bits   0x000f28       data     extern C:\MCC18\src\traditional\proc\p18F458.asm
                   TXB2D3   0x000f29       data     extern C:\MCC18\src\traditional\proc\p18F458.asm
               TXB2D3bits   0x000f29       data     extern C:\MCC18\src\traditional\proc\p18F458.asm
                   TXB2D4   0x000f2a       data     extern C:\MCC18\src\traditional\proc\p18F458.asm
               TXB2D4bits   0x000f2a       data     extern C:\MCC18\src\traditional\proc\p18F458.asm
                   TXB2D5   0x000f2b       data     extern C:\MCC18\src\traditional\proc\p18F458.asm
               TXB2D5bits   0x000f2b       data     extern C:\MCC18\src\traditional\proc\p18F458.asm
                   TXB2D6   0x000f2c       data     extern C:\MCC18\src\traditional\proc\p18F458.asm
               TXB2D6bits   0x000f2c       data     extern C:\MCC18\src\traditional\proc\p18F458.asm
                   TXB2D7   0x000f2d       data     extern C:\MCC18\src\traditional\proc\p18F458.asm
               TXB2D7bits   0x000f2d       data     extern C:\MCC18\src\traditional\proc\p18F458.asm
                  TXB2DLC   0x000f25       data     extern C:\MCC18\src\traditional\proc\p18F458.asm
              TXB2DLCbits   0x000f25       data     extern C:\MCC18\src\traditional\proc\p18F458.asm
                 TXB2EIDH   0x000f23       data     extern C:\MCC18\src\traditional\proc\p18F458.asm
             TXB2EIDHbits   0x000f23       data     extern C:\MCC18\src\traditional\proc\p18F458.asm
                 TXB2EIDL   0x000f24       data     extern C:\MCC18\src\traditional\proc\p18F458.asm
             TXB2EIDLbits   0x000f24       data     extern C:\MCC18\src\traditional\proc\p18F458.asm
                 TXB2SIDH   0x000f21       data     extern C:\MCC18\src\traditional\proc\p18F458.asm
             TXB2SIDHbits   0x000f21       data     extern C:\MCC18\src\traditional\proc\p18F458.asm
                 TXB2SIDL   0x000f22       data     extern C:\MCC18\src\traditional\proc\p18F458.asm
             TXB2SIDLbits   0x000f22       data     extern C:\MCC18\src\traditional\proc\p18F458.asm
                 TXERRCNT   0x000f76       data     extern C:\MCC18\src\traditional\proc\p18F458.asm
             TXERRCNTbits   0x000f76       data     extern C:\MCC18\src\traditional\proc\p18F458.asm
                    TXREG   0x000fad       data     extern C:\MCC18\src\traditional\proc\p18F458.asm
                    TXSTA   0x000fac       data     extern C:\MCC18\src\traditional\proc\p18F458.asm
                TXSTAbits   0x000fac       data     extern C:\MCC18\src\traditional\proc\p18F458.asm
                        W   0x000fe8       data     extern C:\MCC18\src\traditional\proc\p18F458.asm
                   WDTCON   0x000fd1       data     extern C:\MCC18\src\traditional\proc\p18F458.asm
               WDTCONbits   0x000fd1       data     extern C:\MCC18\src\traditional\proc\p18F458.asm
                     WREG   0x000fe8       data     extern C:\MCC18\src\traditional\proc\p18F458.asm
                 __AARGB0   0x000021       data     extern C:\MCC18\src\traditional\math\aarg.asm
                 __AARGB1   0x000020       data     extern C:\MCC18\src\traditional\math\aarg.asm
                 __AARGB2   0x00001f       data     extern C:\MCC18\src\traditional\math\aarg.asm
                 __AARGB3   0x00001e       data     extern C:\MCC18\src\traditional\math\aarg.asm
                 __AARGB4   0x00001d       data     extern C:\MCC18\src\traditional\math\aarg.asm
                 __AARGB5   0x00001c       data     extern C:\MCC18\src\traditional\math\aarg.asm
                 __AARGB6   0x00001b       data     extern C:\MCC18\src\traditional\math\aarg.asm
                 __AARGB7   0x00001a       data     extern C:\MCC18\src\traditional\math\aarg.asm
                   __AEXP   0x000022       data     extern C:\MCC18\src\traditional\math\aarg.asm
                 __BARGB0   0x000026       data     extern C:\MCC18\src\traditional\math\barg.asm
                 __BARGB1   0x000025       data     extern C:\MCC18\src\traditional\math\barg.asm
                 __BARGB2   0x000024       data     extern C:\MCC18\src\traditional\math\barg.asm
                 __BARGB3   0x000023       data     extern C:\MCC18\src\traditional\math\barg.asm
                   __BEXP   0x000027       data     extern C:\MCC18\src\traditional\math\barg.asm
                __FPFLAGS   0x000019       data     extern C:\MCC18\src\traditional\math\cmath18.asm
            __FPFLAGSbits   0x000019       data     extern C:\MCC18\src\traditional\math\cmath18.asm
                  __REMB0   0x00001d       data     extern C:\MCC18\src\traditional\math\aarg.asm
                  __REMB1   0x00001c       data     extern C:\MCC18\src\traditional\math\aarg.asm
                  __REMB2   0x00001b       data     extern C:\MCC18\src\traditional\math\aarg.asm
                  __REMB3   0x00001a       data     extern C:\MCC18\src\traditional\math\aarg.asm
                   __TEMP   0x00002b       data     extern C:\MCC18\src\traditional\math\temparg.asm
                 __TEMPB0   0x00002b       data     extern C:\MCC18\src\traditional\math\temparg.asm
                 __TEMPB1   0x00002a       data     extern C:\MCC18\src\traditional\math\temparg.asm
                 __TEMPB2   0x000029       data     extern C:\MCC18\src\traditional\math\temparg.asm
                 __TEMPB3   0x000028       data     extern C:\MCC18\src\traditional\math\temparg.asm
                  __tmp_0   0x000000       data     static C:\MCC18\src\traditional\stdclib\sprintf.c
                  __tmp_0   0x000000       data     static C:\MCC18\src\traditional\stdclib\vfprintf.c
                  __tmp_0   0x000000       data     static C:\MCC18\src\traditional\stdclib\putc.c
                  __tmp_0   0x000000       data     static F:\Dede\job\essaiPIC\EnCours\GitHub\MWACPIC\delais.c
                  __tmp_0   0x000000       data     static F:\Dede\job\essaiPIC\EnCours\GitHub\MWACPIC\init.c
                  __tmp_0   0x000000       data     static F:\Dede\job\essaiPIC\EnCours\GitHub\MWACPIC\serial.c
                  __tmp_0   0x000000       data     static F:\Dede\job\essaiPIC\EnCours\GitHub\MWACPIC\lcdTools.c
                  __tmp_0   0x000000       data     static F:\Dede\job\essaiPIC\EnCours\GitHub\MWACPIC\MWACProtocol.c
                  __tmp_0   0x000000       data     static F:\Dede\job\essaiPIC\EnCours\GitHub\MWACPIC\main.c
                  __tmp_1   0x00002c       data     static F:\Dede\job\essaiPIC\EnCours\GitHub\MWACPIC\serialLinkInterruptHandler.c
                   blancs   0x0001cc       data     extern F:\Dede\job\essaiPIC\EnCours\GitHub\MWACPIC\init.c
                curr_byte   0x0005e7       data     static C:\MCC18\src\traditional\startup\c018i.c
               curr_entry   0x0005e9       data     static C:\MCC18\src\traditional\startup\c018i.c
                 data_ptr   0x0005eb       data     static C:\MCC18\src\traditional\startup\c018i.c
                gl_blancs   0x00018d       data     extern F:\Dede\job\essaiPIC\EnCours\GitHub\MWACPIC\appli.h
              gl_byteFifo   0x000500       data     extern F:\Dede\job\essaiPIC\EnCours\GitHub\MWACPIC\serial.h
                gl_ligne1   0x000165       data     extern F:\Dede\job\essaiPIC\EnCours\GitHub\MWACPIC\appli.h
                gl_ligne2   0x000179       data     extern F:\Dede\job\essaiPIC\EnCours\GitHub\MWACPIC\appli.h
                    gl_me   0x000100       data     extern F:\Dede\job\essaiPIC\EnCours\GitHub\MWACPIC\thisAgent.h
                 messErr1   0x0001bc       data     static F:\Dede\job\essaiPIC\EnCours\GitHub\MWACPIC\init.c
                  message   0x00019e       data     extern F:\Dede\job\essaiPIC\EnCours\GitHub\MWACPIC\main.c
       nbToursParMilliSec   0x0005ef       data     static F:\Dede\job\essaiPIC\EnCours\GitHub\MWACPIC\delais.c
           premierPassage   0x0005ee       data     static F:\Dede\job\essaiPIC\EnCours\GitHub\MWACPIC\delais.c
                     prom   0x0005e4       data     static C:\MCC18\src\traditional\startup\c018i.c
             s_appPDUSize   0x0005dc       data     static F:\Dede\job\essaiPIC\EnCours\GitHub\MWACPIC\serialLinkInterruptHandler.c
             s_appPDUType   0x0005e0       data     static F:\Dede\job\essaiPIC\EnCours\GitHub\MWACPIC\serialLinkInterruptHandler.c
        s_appReceiverAddr   0x0005d8       data     static F:\Dede\job\essaiPIC\EnCours\GitHub\MWACPIC\serialLinkInterruptHandler.c
          s_appSenderAddr   0x0005d4       data     static F:\Dede\job\essaiPIC\EnCours\GitHub\MWACPIC\serialLinkInterruptHandler.c
                s_charCnt   0x0005e2       data     static F:\Dede\job\essaiPIC\EnCours\GitHub\MWACPIC\serialLinkInterruptHandler.c
[...]
              CANSTATbits   0x000f6e       data     extern C:\MCC18\src\traditional\proc\p18F458.asm
                  CANSTAT   0x000f6e       data     extern C:\MCC18\src\traditional\proc\p18F458.asm
                   CANCON   0x000f6f       data     extern C:\MCC18\src\traditional\proc\p18F458.asm
               CANCONbits   0x000f6f       data     extern C:\MCC18\src\traditional\proc\p18F458.asm
              BRGCON1bits   0x000f70       data     extern C:\MCC18\src\traditional\proc\p18F458.asm
                  BRGCON1   0x000f70       data     extern C:\MCC18\src\traditional\proc\p18F458.asm
              BRGCON2bits   0x000f71       data     extern C:\MCC18\src\traditional\proc\p18F458.asm
                  BRGCON2   0x000f71       data     extern C:\MCC18\src\traditional\proc\p18F458.asm
                  BRGCON3   0x000f72       data     extern C:\MCC18\src\traditional\proc\p18F458.asm
              BRGCON3bits   0x000f72       data     extern C:\MCC18\src\traditional\proc\p18F458.asm
               CIOCONbits   0x000f73       data     extern C:\MCC18\src\traditional\proc\p18F458.asm
                   CIOCON   0x000f73       data     extern C:\MCC18\src\traditional\proc\p18F458.asm
                  COMSTAT   0x000f74       data     extern C:\MCC18\src\traditional\proc\p18F458.asm
              COMSTATbits   0x000f74       data     extern C:\MCC18\src\traditional\proc\p18F458.asm
                 RXERRCNT   0x000f75       data     extern C:\MCC18\src\traditional\proc\p18F458.asm
             RXERRCNTbits   0x000f75       data     extern C:\MCC18\src\traditional\proc\p18F458.asm
             TXERRCNTbits   0x000f76       data     extern C:\MCC18\src\traditional\proc\p18F458.asm
                 TXERRCNT   0x000f76       data     extern C:\MCC18\src\traditional\proc\p18F458.asm
                    PORTA   0x000f80       data     extern C:\MCC18\src\traditional\proc\p18F458.asm
                PORTAbits   0x000f80       data     extern C:\MCC18\src\traditional\proc\p18F458.asm
                PORTBbits   0x000f81       data     extern C:\MCC18\src\traditional\proc\p18F458.asm
                    PORTB   0x000f81       data     extern C:\MCC18\src\traditional\proc\p18F458.asm
                    PORTC   0x000f82       data     extern C:\MCC18\src\traditional\proc\p18F458.asm
                PORTCbits   0x000f82       data     extern C:\MCC18\src\traditional\proc\p18F458.asm
                    PORTD   0x000f83       data     extern C:\MCC18\src\traditional\proc\p18F458.asm
                PORTDbits   0x000f83       data     extern C:\MCC18\src\traditional\proc\p18F458.asm
                    PORTE   0x000f84       data     extern C:\MCC18\src\traditional\proc\p18F458.asm
                PORTEbits   0x000f84       data     extern C:\MCC18\src\traditional\proc\p18F458.asm
                     LATA   0x000f89       data     extern C:\MCC18\src\traditional\proc\p18F458.asm
                 LATAbits   0x000f89       data     extern C:\MCC18\src\traditional\proc\p18F458.asm
                 LATBbits   0x000f8a       data     extern C:\MCC18\src\traditional\proc\p18F458.asm
                     LATB   0x000f8a       data     extern C:\MCC18\src\traditional\proc\p18F458.asm
                     LATC   0x000f8b       data     extern C:\MCC18\src\traditional\proc\p18F458.asm
                 LATCbits   0x000f8b       data     extern C:\MCC18\src\traditional\proc\p18F458.asm
                     LATD   0x000f8c       data     extern C:\MCC18\src\traditional\proc\p18F458.asm
                 LATDbits   0x000f8c       data     extern C:\MCC18\src\traditional\proc\p18F458.asm
                     LATE   0x000f8d       data     extern C:\MCC18\src\traditional\proc\p18F458.asm
                 LATEbits   0x000f8d       data     extern C:\MCC18\src\traditional\proc\p18F458.asm
                     DDRA   0x000f92       data     extern C:\MCC18\src\traditional\proc\p18F458.asm
                 DDRAbits   0x000f92       data     extern C:\MCC18\src\traditional\proc\p18F458.asm
                    TRISA   0x000f92       data     extern C:\MCC18\src\traditional\proc\p18F458.asm
                TRISAbits   0x000f92       data     extern C:\MCC18\src\traditional\proc\p18F458.asm
                    TRISB   0x000f93       data     extern C:\MCC18\src\traditional\proc\p18F458.asm
                TRISBbits   0x000f93       data     extern C:\MCC18\src\traditional\proc\p18F458.asm
                 DDRBbits   0x000f93       data     extern C:\MCC18\src\traditional\proc\p18F458.asm
                     DDRB   0x000f93       data     extern C:\MCC18\src\traditional\proc\p18F458.asm
                    TRISC   0x000f94       data     extern C:\MCC18\src\traditional\proc\p18F458.asm
                TRISCbits   0x000f94       data     extern C:\MCC18\src\traditional\proc\p18F458.asm
                 DDRCbits   0x000f94       data     extern C:\MCC18\src\traditional\proc\p18F458.asm
                     DDRC   0x000f94       data     extern C:\MCC18\src\traditional\proc\p18F458.asm
                    TRISD   0x000f95       data     extern C:\MCC18\src\traditional\proc\p18F458.asm
                TRISDbits   0x000f95       data     extern C:\MCC18\src\traditional\proc\p18F458.asm
                 DDRDbits   0x000f95       data     extern C:\MCC18\src\traditional\proc\p18F458.asm
                     DDRD   0x000f95       data     extern C:\MCC18\src\traditional\proc\p18F458.asm
                     DDRE   0x000f96       data     extern C:\MCC18\src\traditional\proc\p18F458.asm
                 DDREbits   0x000f96       data     extern C:\MCC18\src\traditional\proc\p18F458.asm
                TRISEbits   0x000f96       data     extern C:\MCC18\src\traditional\proc\p18F458.asm
                    TRISE   0x000f96       data     extern C:\MCC18\src\traditional\proc\p18F458.asm
                 PIE1bits   0x000f9d       data     extern C:\MCC18\src\traditional\proc\p18F458.asm
                     PIE1   0x000f9d       data     extern C:\MCC18\src\traditional\proc\p18F458.asm
                 PIR1bits   0x000f9e       data     extern C:\MCC18\src\traditional\proc\p18F458.asm
                     PIR1   0x000f9e       data     extern C:\MCC18\src\traditional\proc\p18F458.asm
                     IPR1   0x000f9f       data     extern C:\MCC18\src\traditional\proc\p18F458.asm
                 IPR1bits   0x000f9f       data     extern C:\MCC18\src\traditional\proc\p18F458.asm
                 PIE2bits   0x000fa0       data     extern C:\MCC18\src\traditional\proc\p18F458.asm
                     PIE2   0x000fa0       data     extern C:\MCC18\src\traditional\proc\p18F458.asm
                 PIR2bits   0x000fa1       data     extern C:\MCC18\src\traditional\proc\p18F458.asm
                     PIR2   0x000fa1       data     extern C:\MCC18\src\traditional\proc\p18F458.asm
                 IPR2bits   0x000fa2       data     extern C:\MCC18\src\traditional\proc\p18F458.asm
                     IPR2   0x000fa2       data     extern C:\MCC18\src\traditional\proc\p18F458.asm
                 PIE3bits   0x000fa3       data     extern C:\MCC18\src\traditional\proc\p18F458.asm
                     PIE3   0x000fa3       data     extern C:\MCC18\src\traditional\proc\p18F458.asm
                 PIR3bits   0x000fa4       data     extern C:\MCC18\src\traditional\proc\p18F458.asm
                     PIR3   0x000fa4       data     extern C:\MCC18\src\traditional\proc\p18F458.asm
                     IPR3   0x000fa5       data     extern C:\MCC18\src\traditional\proc\p18F458.asm
                 IPR3bits   0x000fa5       data     extern C:\MCC18\src\traditional\proc\p18F458.asm
                   EECON1   0x000fa6       data     extern C:\MCC18\src\traditional\proc\p18F458.asm
               EECON1bits   0x000fa6       data     extern C:\MCC18\src\traditional\proc\p18F458.asm
                   EECON2   0x000fa7       data     extern C:\MCC18\src\traditional\proc\p18F458.asm
                   EEDATA   0x000fa8       data     extern C:\MCC18\src\traditional\proc\p18F458.asm
                    EEADR   0x000fa9       data     extern C:\MCC18\src\traditional\proc\p18F458.asm
                RCSTAbits   0x000fab       data     extern C:\MCC18\src\traditional\proc\p18F458.asm
                    RCSTA   0x000fab       data     extern C:\MCC18\src\traditional\proc\p18F458.asm
                TXSTAbits   0x000fac       data     extern C:\MCC18\src\traditional\proc\p18F458.asm
                    TXSTA   0x000fac       data     extern C:\MCC18\src\traditional\proc\p18F458.asm
                    TXREG   0x000fad       data     extern C:\MCC18\src\traditional\proc\p18F458.asm
                    RCREG   0x000fae       data     extern C:\MCC18\src\traditional\proc\p18F458.asm
                    SPBRG   0x000faf       data     extern C:\MCC18\src\traditional\proc\p18F458.asm
                    T3CON   0x000fb1       data     extern C:\MCC18\src\traditional\proc\p18F458.asm
                T3CONbits   0x000fb1       data     extern C:\MCC18\src\traditional\proc\p18F458.asm
                    TMR3L   0x000fb2       data     extern C:\MCC18\src\traditional\proc\p18F458.asm
                    TMR3H   0x000fb3       data     extern C:\MCC18\src\traditional\proc\p18F458.asm
                    CMCON   0x000fb4       data     extern C:\MCC18\src\traditional\proc\p18F458.asm
                CMCONbits   0x000fb4       data     extern C:\MCC18\src\traditional\proc\p18F458.asm
               CVRCONbits   0x000fb5       data     extern C:\MCC18\src\traditional\proc\p18F458.asm
                   CVRCON   0x000fb5       data     extern C:\MCC18\src\traditional\proc\p18F458.asm
                   ECCPAS   0x000fb6       data     extern C:\MCC18\src\traditional\proc\p18F458.asm
               ECCPASbits   0x000fb6       data     extern C:\MCC18\src\traditional\proc\p18F458.asm
             ECCP1DELbits   0x000fb7       data     extern C:\MCC18\src\traditional\proc\p18F458.asm
                 ECCP1DEL   0x000fb7       data     extern C:\MCC18\src\traditional\proc\p18F458.asm
                 ECCP1CON   0x000fba       data     extern C:\MCC18\src\traditional\proc\p18F458.asm
             ECCP1CONbits   0x000fba       data     extern C:\MCC18\src\traditional\proc\p18F458.asm
                  ECCPR1L   0x000fbb       data     extern C:\MCC18\src\traditional\proc\p18F458.asm
                   ECCPR1   0x000fbb       data     extern C:\MCC18\src\traditional\proc\p18F458.asm
                  ECCPR1H   0x000fbc       data     extern C:\MCC18\src\traditional\proc\p18F458.asm
              CCP1CONbits   0x000fbd       data     extern C:\MCC18\src\traditional\proc\p18F458.asm
                  CCP1CON   0x000fbd       data     extern C:\MCC18\src\traditional\proc\p18F458.asm
                   CCPR1L   0x000fbe       data     extern C:\MCC18\src\traditional\proc\p18F458.asm
                   CCPR1H   0x000fbf       data     extern C:\MCC18\src\traditional\proc\p18F458.asm
                   ADCON1   0x000fc1       data     extern C:\MCC18\src\traditional\proc\p18F458.asm
               ADCON1bits   0x000fc1       data     extern C:\MCC18\src\traditional\proc\p18F458.asm
               ADCON0bits   0x000fc2       data     extern C:\MCC18\src\traditional\proc\p18F458.asm
                   ADCON0   0x000fc2       data     extern C:\MCC18\src\traditional\proc\p18F458.asm
                    ADRES   0x000fc3       data     extern C:\MCC18\src\traditional\proc\p18F458.asm
                   ADRESL   0x000fc3       data     extern C:\MCC18\src\traditional\proc\p18F458.asm
                   ADRESH   0x000fc4       data     extern C:\MCC18\src\traditional\proc\p18F458.asm
                  SSPCON2   0x000fc5       data     extern C:\MCC18\src\traditional\proc\p18F458.asm
              SSPCON2bits   0x000fc5       data     extern C:\MCC18\src\traditional\proc\p18F458.asm
                  SSPCON1   0x000fc6       data     extern C:\MCC18\src\traditional\proc\p18F458.asm
              SSPCON1bits   0x000fc6       data     extern C:\MCC18\src\traditional\proc\p18F458.asm
                  SSPSTAT   0x000fc7       data     extern C:\MCC18\src\traditional\proc\p18F458.asm
              SSPSTATbits   0x000fc7       data     extern C:\MCC18\src\traditional\proc\p18F458.asm
                   SSPADD   0x000fc8       data     extern C:\MCC18\src\traditional\proc\p18F458.asm
                   SSPBUF   0x000fc9       data     extern C:\MCC18\src\traditional\proc\p18F458.asm
                T2CONbits   0x000fca       data     extern C:\MCC18\src\traditional\proc\p18F458.asm
                    T2CON   0x000fca       data     extern C:\MCC18\src\traditional\proc\p18F458.asm
                      PR2   0x000fcb       data     extern C:\MCC18\src\traditional\proc\p18F458.asm
                     TMR2   0x000fcc       data     extern C:\MCC18\src\traditional\proc\p18F458.asm
                    T1CON   0x000fcd       data     extern C:\MCC18\src\traditional\proc\p18F458.asm
                T1CONbits   0x000fcd       data     extern C:\MCC18\src\traditional\proc\p18F458.asm
                    TMR1L   0x000fce       data     extern C:\MCC18\src\traditional\proc\p18F458.asm
                    TMR1H   0x000fcf       data     extern C:\MCC18\src\traditional\proc\p18F458.asm
                     RCON   0x000fd0       data     extern C:\MCC18\src\traditional\proc\p18F458.asm
                 RCONbits   0x000fd0       data     extern C:\MCC18\src\traditional\proc\p18F458.asm
               WDTCONbits   0x000fd1       data     extern C:\MCC18\src\traditional\proc\p18F458.asm
                   WDTCON   0x000fd1       data     extern C:\MCC18\src\traditional\proc\p18F458.asm
               LVDCONbits   0x000fd2       data     extern C:\MCC18\src\traditional\proc\p18F458.asm
                   LVDCON   0x000fd2       data     extern C:\MCC18\src\traditional\proc\p18F458.asm
               OSCCONbits   0x000fd3       data     extern C:\MCC18\src\traditional\proc\p18F458.asm
                   OSCCON   0x000fd3       data     extern C:\MCC18\src\traditional\proc\p18F458.asm
                    T0CON   0x000fd5       data     extern C:\MCC18\src\traditional\proc\p18F458.asm
                T0CONbits   0x000fd5       data     extern C:\MCC18\src\traditional\proc\p18F458.asm
                    TMR0L   0x000fd6       data     extern C:\MCC18\src\traditional\proc\p18F458.asm
                    TMR0H   0x000fd7       data     extern C:\MCC18\src\traditional\proc\p18F458.asm
                   STATUS   0x000fd8       data     extern C:\MCC18\src\traditional\proc\p18F458.asm
               STATUSbits   0x000fd8       data     extern C:\MCC18\src\traditional\proc\p18F458.asm
                     FSR2   0x000fd9       data     extern C:\MCC18\src\traditional\proc\p18F458.asm
                    FSR2L   0x000fd9       data     extern C:\MCC18\src\traditional\proc\p18F458.asm
                    FSR2H   0x000fda       data     extern C:\MCC18\src\traditional\proc\p18F458.asm
                   PLUSW2   0x000fdb       data     extern C:\MCC18\src\traditional\proc\p18F458.asm
                  PREINC2   0x000fdc       data     extern C:\MCC18\src\traditional\proc\p18F458.asm
                 POSTDEC2   0x000fdd       data     extern C:\MCC18\src\traditional\proc\p18F458.asm
                 POSTINC2   0x000fde       data     extern C:\MCC18\src\traditional\proc\p18F458.asm
                    INDF2   0x000fdf       data     extern C:\MCC18\src\traditional\proc\p18F458.asm
                      BSR   0x000fe0       data     extern C:\MCC18\src\traditional\proc\p18F458.asm
                     FSR1   0x000fe1       data     extern C:\MCC18\src\traditional\proc\p18F458.asm
                    FSR1L   0x000fe1       data     extern C:\MCC18\src\traditional\proc\p18F458.asm
                    FSR1H   0x000fe2       data     extern C:\MCC18\src\traditional\proc\p18F458.asm
                   PLUSW1   0x000fe3       data     extern C:\MCC18\src\traditional\proc\p18F458.asm
                  PREINC1   0x000fe4       data     extern C:\MCC18\src\traditional\proc\p18F458.asm
                 POSTDEC1   0x000fe5       data     extern C:\MCC18\src\traditional\proc\p18F458.asm
                 POSTINC1   0x000fe6       data     extern C:\MCC18\src\traditional\proc\p18F458.asm
                    INDF1   0x000fe7       data     extern C:\MCC18\src\traditional\proc\p18F458.asm
                     WREG   0x000fe8       data     extern C:\MCC18\src\traditional\proc\p18F458.asm
                        W   0x000fe8       data     extern C:\MCC18\src\traditional\proc\p18F458.asm
                     FSR0   0x000fe9       data     extern C:\MCC18\src\traditional\proc\p18F458.asm
                    FSR0L   0x000fe9       data     extern C:\MCC18\src\traditional\proc\p18F458.asm
                    FSR0H   0x000fea       data     extern C:\MCC18\src\traditional\proc\p18F458.asm
                   PLUSW0   0x000feb       data     extern C:\MCC18\src\traditional\proc\p18F458.asm
                  PREINC0   0x000fec       data     extern C:\MCC18\src\traditional\proc\p18F458.asm
                 POSTDEC0   0x000fed       data     extern C:\MCC18\src\traditional\proc\p18F458.asm
                 POSTINC0   0x000fee       data     extern C:\MCC18\src\traditional\proc\p18F458.asm
                    INDF0   0x000fef       data     extern C:\MCC18\src\traditional\proc\p18F458.asm
                  INTCON3   0x000ff0       data     extern C:\MCC18\src\traditional\proc\p18F458.asm
              INTCON3bits   0x000ff0       data     extern C:\MCC18\src\traditional\proc\p18F458.asm
                  INTCON2   0x000ff1       data     extern C:\MCC18\src\traditional\proc\p18F458.asm
              INTCON2bits   0x000ff1       data     extern C:\MCC18\src\traditional\proc\p18F458.asm
                   INTCON   0x000ff2       data     extern C:\MCC18\src\traditional\proc\p18F458.asm
               INTCONbits   0x000ff2       data     extern C:\MCC18\src\traditional\proc\p18F458.asm
                     PROD   0x000ff3       data     extern C:\MCC18\src\traditional\proc\p18F458.asm
                    PRODL   0x000ff3       data     extern C:\MCC18\src\traditional\proc\p18F458.asm
                    PRODH   0x000ff4       data     extern C:\MCC18\src\traditional\proc\p18F458.asm
                   TABLAT   0x000ff5       data     extern C:\MCC18\src\traditional\proc\p18F458.asm
                   TBLPTR   0x000ff6       data     extern C:\MCC18\src\traditional\proc\p18F458.asm
                  TBLPTRL   0x000ff6       data     extern C:\MCC18\src\traditional\proc\p18F458.asm
                  TBLPTRH   0x000ff7       data     extern C:\MCC18\src\traditional\proc\p18F458.asm
                  TBLPTRU   0x000ff8       data     extern C:\MCC18\src\traditional\proc\p18F458.asm
                      PCL   0x000ff9       data     extern C:\MCC18\src\traditional\proc\p18F458.asm
                       PC   0x000ff9       data     extern C:\MCC18\src\traditional\proc\p18F458.asm
                   PCLATH   0x000ffa       data     extern C:\MCC18\src\traditional\proc\p18F458.asm
                   PCLATU   0x000ffb       data     extern C:\MCC18\src\traditional\proc\p18F458.asm
               STKPTRbits   0x000ffc       data     extern C:\MCC18\src\traditional\proc\p18F458.asm
                   STKPTR   0x000ffc       data     extern C:\MCC18\src\traditional\proc\p18F458.asm
                      TOS   0x000ffd       data     extern C:\MCC18\src\traditional\proc\p18F458.asm
                     TOSL   0x000ffd       data     extern C:\MCC18\src\traditional\proc\p18F458.asm
                     TOSH   0x000ffe       data     extern C:\MCC18\src\traditional\proc\p18F458.asm
                     TOSU   0x000fff       data     extern C:\MCC18\src\traditional\proc\p18F458.asm


