MPLINK 4.20, Linker
Linker Map File - Created Sat May 18 22:36:18 2013

                                 Section Info
                  Section       Type    Address   Location Size(Bytes)
                ---------  ---------  ---------  ---------  ---------
               _entry_scn       code   0x000000    program   0x000006
       .code__user_putc.o       code   0x000006    program   0x000002
      InterruptVectorHigh       code   0x000008    program   0x000006
                   .cinit    romdata   0x00000e    program   0x00001a
         .code_vfprintf.o       code   0x000028    program   0x000c22
           .code_serial.o       code   0x000c4a    program   0x000876
     .code_MWACProtocol.o       code   0x0014c0    program   0x000816
                     PROG       code   0x001cd6    program   0x00051e
.code_serialLinkInterruptHandler.o       code   0x0021f4    program   0x0003e8
         .code_lcdTools.o       code   0x0025dc    program   0x000372
             .code_init.o       code   0x00294e    program   0x000156
          .code_sprintf.o       code   0x002aa4    program   0x0000ac
                   STRING       code   0x002b50    program   0x0000a8
               _cinit_scn       code   0x002bf8    program   0x00009e
             .code_putc.o       code   0x002c96    program   0x000084
            .code_uopen.o       code   0x002d1a    program   0x00007a
          .code_fxm3232.o       code   0x002d94    program   0x000070
         .code_fxd3232u.o       code   0x002e04    program   0x000048
                    CTYPE       code   0x002e4c    program   0x000024
             _startup_scn       code   0x002e70    program   0x00001c
                    STDIO       code   0x002e8c    program   0x00001c
             .stringtable    romdata   0x002ea8    program   0x00001a
             .code_main.o       code   0x002ec2    program   0x000014
      .romdata_vfprintf.o    romdata   0x002ed6    program   0x000011
       .romdata_sprintf.o    romdata   0x002ee7    program   0x000000
       .idata_sprintf.o_i    romdata   0x002ee7    program   0x000000
        .romdata___init.o    romdata   0x002ee7    program   0x000000
    .romdata__user_putc.o    romdata   0x002ee7    program   0x000000
      .idata_vfprintf.o_i    romdata   0x002ee7    program   0x000000
      .romdata_fxd3232u.o    romdata   0x002ee7    program   0x000000
       .romdata_fxm3232.o    romdata   0x002ee7    program   0x000000
          .romdata_putc.o    romdata   0x002ee7    program   0x000000
.romdata_serialLinkInterruptHandler.o    romdata   0x002ee7    program   0x000000
      .romdata_lcdTools.o    romdata   0x002ee7    program   0x000000
          .romdata_main.o    romdata   0x002ee7    program   0x000000
.idata_serialLinkInterruptHandler.o_i    romdata   0x002ee7    program   0x000001
         .romdata_c018i.o    romdata   0x002ee7    program   0x000000
  .romdata_MWACProtocol.o    romdata   0x002ee7    program   0x000000
        .romdata_serial.o    romdata   0x002ee7    program   0x000000
         .idata_uopen.o_i    romdata   0x002ee7    program   0x000000
         .romdata_uopen.o    romdata   0x002ee7    program   0x000000
          .romdata_init.o    romdata   0x002ee7    program   0x000000
                    .code       code   0x002ee8    program   0x00000e
           .code___init.o       code   0x002ef6    program   0x000002
        .idata_serial.o_i    romdata   0x002ef8    program   0x000000
          .idata_main.o_i    romdata   0x002ef8    program   0x000000
          .idata_init.o_i    romdata   0x002ef8    program   0x000021
      .idata_lcdTools.o_i    romdata   0x002ef8    program   0x000000
          .idata_putc.o_i    romdata   0x002ef8    program   0x000000
    .idata__user_putc.o_i    romdata   0x002f19    program   0x000000
         .idata_c018i.o_i    romdata   0x002f19    program   0x000000
       .idata_fxm3232.o_i    romdata   0x002f19    program   0x000000
      .idata_fxd3232u.o_i    romdata   0x002f19    program   0x000000
  .idata_MWACProtocol.o_i    romdata   0x002f19    program   0x000000
        .idata___init.o_i    romdata   0x002f19    program   0x000000
            .code_c018i.o       code   0x002f1a    program   0x000000
                MATH_DATA      udata   0x000000       data   0x000014
                 .tmpdata      udata   0x000014       data   0x00000c
          serveurUART_tmp      udata   0x000020       data   0x000008
            .udata_main.o      udata   0x000060       data   0x00009e
.idata_serialLinkInterruptHandler.o      idata   0x0000fe       data   0x000001
            .udata_putc.o      udata   0x0000ff       data   0x000000
         .idata_fxm3232.o      idata   0x0000ff       data   0x000000
         .udata_fxm3232.o      udata   0x0000ff       data   0x000000
        .idata_fxd3232u.o      idata   0x0000ff       data   0x000000
        .udata_fxd3232u.o      udata   0x0000ff       data   0x000000
           .udata_uopen.o      udata   0x0000ff       data   0x000000
           .idata_uopen.o      idata   0x0000ff       data   0x000000
          .udata___init.o      udata   0x0000ff       data   0x000000
          .idata___init.o      idata   0x0000ff       data   0x000000
         .udata_sprintf.o      udata   0x0000ff       data   0x000000
         .idata_sprintf.o      idata   0x0000ff       data   0x000000
        .udata_vfprintf.o      udata   0x0000ff       data   0x000000
        .idata_vfprintf.o      idata   0x0000ff       data   0x000000
            .idata_putc.o      idata   0x0000ff       data   0x000000
          .idata_serial.o      idata   0x0000ff       data   0x000000
      .udata__user_putc.o      udata   0x0000ff       data   0x000000
    .idata_MWACProtocol.o      idata   0x0000ff       data   0x000000
    .udata_MWACProtocol.o      udata   0x0000ff       data   0x000000
            .idata_main.o      idata   0x0000ff       data   0x000000
        .idata_lcdTools.o      idata   0x0000ff       data   0x000000
        .udata_lcdTools.o      udata   0x0000ff       data   0x000000
      .idata__user_putc.o      idata   0x0000ff       data   0x000000
            .udata_init.o      udata   0x0000ff       data   0x000000
           .idata_c018i.o      idata   0x0000ff       data   0x000000
            .idata_init.o      idata   0x000100       data   0x000021
                   .stack      udata   0x000400       data   0x000100
          .udata_serial.o      udata   0x000500       data   0x0000d4
.udata_serialLinkInterruptHandler.o      udata   0x0005d4       data   0x000010
           .udata_c018i.o      udata   0x0005e4       data   0x00000a
              SFR_BANKED0      udata   0x000f00       data   0x00002f
              SFR_BANKED1      udata   0x000f30       data   0x00000f
              SFR_BANKED2      udata   0x000f40       data   0x00000f
              SFR_BANKED3      udata   0x000f50       data   0x00000f
            SFR_UNBANKED0      udata   0x000f60       data   0x000017
            SFR_UNBANKED1      udata   0x000f80       data   0x000080



                              Program Memory Usage 
                               Start         End      
                           ---------   ---------      
                            0x000000    0x002f18      
            12057 out of 33048 program addresses used, program memory utilization is 36%



                              Symbols - Sorted by Name
                     Name    Address   Location    Storage File                     
                ---------  ---------  ---------  --------- ---------                
                 DelayMUs   0x00273c    program     extern F:\Dede\job\essaiPIC\EnCours\GitHub\MWACPIC\lcdTools.c
                  DelayMs   0x00275e    program     extern F:\Dede\job\essaiPIC\EnCours\GitHub\MWACPIC\lcdTools.c
                 FIFOinit   0x0013ec    program     extern F:\Dede\job\essaiPIC\EnCours\GitHub\MWACPIC\serial.c
                    FPA32   0x001cd8    program     extern C:\MCC18\src\traditional\math\addFP.asm
                    FPD32   0x001e04    program     extern C:\MCC18\src\traditional\math\divFP.asm
                    FPM32   0x001eaa    program     extern C:\MCC18\src\traditional\math\mulFP.asm
                    FPS32   0x001cd6    program     extern C:\MCC18\src\traditional\math\addFP.asm
                 FXD3232U   0x002e04    program     extern C:\MCC18\src\traditional\math\fxd3232u.c
                 FXM1616S   0x001f84    program     extern C:\MCC18\src\traditional\math\fxm1616s.asm
                  FXM3232   0x002d94    program     extern C:\MCC18\src\traditional\math\fxm3232.c
                  INT3208   0x001fde    program     extern C:\MCC18\src\traditional\math\castFP08.asm
      InterruptVectorHigh   0x000008    program     extern F:\Dede\job\essaiPIC\EnCours\GitHub\MWACPIC\serialLinkInterruptHandler.c
               LCD_STROBE   0x002798    program     extern F:\Dede\job\essaiPIC\EnCours\GitHub\MWACPIC\lcdTools.c
                OpenUSART   0x002d1a    program     extern C:\MCC18\src\pmc_common\USART\uopen.c
                  TAGTB32   0x00202c    program     extern C:\MCC18\src\traditional\math\gtFP.asm
               TSIGN1616A   0x001fd0    program     static C:\MCC18\src\traditional\math\fxm1616s.asm
                   _2jEnd   0x002be2    program     static C:\MCC18\src\traditional\stdclib\slenpgm.asm
              __FpCompare   0x00203e    program     extern C:\MCC18\src\traditional\math\compFP.asm
                 __FpExit   0x0020f4    program     extern C:\MCC18\src\traditional\math\packFP.asm
                 __FpPack   0x002120    program     extern C:\MCC18\src\traditional\math\packFP.asm
            __FpReturnNaN   0x0020e8    program     extern C:\MCC18\src\traditional\math\packFP.asm
         __FpReturnNegInf   0x0020fa    program     extern C:\MCC18\src\traditional\math\packFP.asm
        __FpReturnNegZero   0x002112    program     extern C:\MCC18\src\traditional\math\packFP.asm
         __FpReturnPosInf   0x002100    program     extern C:\MCC18\src\traditional\math\packFP.asm
        __FpReturnPosZero   0x00211a    program     extern C:\MCC18\src\traditional\math\packFP.asm
        __FpReturnSignInf   0x0020f6    program     extern C:\MCC18\src\traditional\math\packFP.asm
       __FpReturnSignZero   0x00210e    program     extern C:\MCC18\src\traditional\math\packFP.asm
              __FpReturnW   0x002178    program     extern C:\MCC18\src\traditional\math\packFP.asm
              __FpUnPackA   0x002198    program     extern C:\MCC18\src\traditional\math\UnpackFP.asm
              __FpUnPackB   0x0021c8    program     extern C:\MCC18\src\traditional\math\UnpackFP.asm
       ___return_lbl00000   0x00000c    program     static                          
       ___return_lbl00000   0x002e4a    program     static                          
       ___return_lbl00000   0x002e02    program     static                          
       ___return_lbl00000   0x000004    program     static                          
       ___return_lbl00001   0x002e8a    program     static                          
       ___return_lbl00002   0x002c94    program     static                          
       ___return_lbl00010   0x002756    program     static                          
       ___return_lbl00018   0x0027a0    program     static                          
        ___while_lbl00011   0x002744    program     static                          
        ___while_lbl00012   0x002756    program     static                          
                   __init   0x002ef6    program     extern C:\MCC18\src\traditional\stdclib\__init.c
                   __pa_0   0x000968    program     static C:\MCC18\src\traditional\stdclib\vfprintf.c
                   __pa_1   0x000970    program     static C:\MCC18\src\traditional\stdclib\vfprintf.c
                  __pa_10   0x000a24    program     static C:\MCC18\src\traditional\stdclib\vfprintf.c
                  __pa_11   0x000a32    program     static C:\MCC18\src\traditional\stdclib\vfprintf.c
                  __pa_12   0x000a48    program     static C:\MCC18\src\traditional\stdclib\vfprintf.c
                  __pa_13   0x000a62    program     static C:\MCC18\src\traditional\stdclib\vfprintf.c
                  __pa_14   0x000a7a    program     static C:\MCC18\src\traditional\stdclib\vfprintf.c
                  __pa_15   0x000a8a    program     static C:\MCC18\src\traditional\stdclib\vfprintf.c
                  __pa_16   0x000aa0    program     static C:\MCC18\src\traditional\stdclib\vfprintf.c
                  __pa_17   0x000ab2    program     static C:\MCC18\src\traditional\stdclib\vfprintf.c
                  __pa_18   0x000ac4    program     static C:\MCC18\src\traditional\stdclib\vfprintf.c
                  __pa_19   0x000ace    program     static C:\MCC18\src\traditional\stdclib\vfprintf.c
                   __pa_2   0x00097a    program     static C:\MCC18\src\traditional\stdclib\vfprintf.c
                  __pa_20   0x000ade    program     static C:\MCC18\src\traditional\stdclib\vfprintf.c
                  __pa_21   0x000aee    program     static C:\MCC18\src\traditional\stdclib\vfprintf.c
                  __pa_22   0x000afe    program     static C:\MCC18\src\traditional\stdclib\vfprintf.c
                  __pa_23   0x000b0a    program     static C:\MCC18\src\traditional\stdclib\vfprintf.c
                  __pa_24   0x000b18    program     static C:\MCC18\src\traditional\stdclib\vfprintf.c
                  __pa_25   0x000b20    program     static C:\MCC18\src\traditional\stdclib\vfprintf.c
                  __pa_26   0x000b2a    program     static C:\MCC18\src\traditional\stdclib\vfprintf.c
                  __pa_27   0x000b34    program     static C:\MCC18\src\traditional\stdclib\vfprintf.c
                  __pa_28   0x000b3c    program     static C:\MCC18\src\traditional\stdclib\vfprintf.c
                  __pa_29   0x000b4a    program     static C:\MCC18\src\traditional\stdclib\vfprintf.c
                   __pa_3   0x000984    program     static C:\MCC18\src\traditional\stdclib\vfprintf.c
                  __pa_30   0x000b66    program     static C:\MCC18\src\traditional\stdclib\vfprintf.c
                  __pa_31   0x000b80    program     static C:\MCC18\src\traditional\stdclib\vfprintf.c
                  __pa_32   0x000b9a    program     static C:\MCC18\src\traditional\stdclib\vfprintf.c
                  __pa_33   0x000bb2    program     static C:\MCC18\src\traditional\stdclib\vfprintf.c
                  __pa_34   0x000bbc    program     static C:\MCC18\src\traditional\stdclib\vfprintf.c
                  __pa_35   0x000bca    program     static C:\MCC18\src\traditional\stdclib\vfprintf.c
                  __pa_36   0x000bd2    program     static C:\MCC18\src\traditional\stdclib\vfprintf.c
                  __pa_37   0x000bdc    program     static C:\MCC18\src\traditional\stdclib\vfprintf.c
                  __pa_38   0x000bec    program     static C:\MCC18\src\traditional\stdclib\vfprintf.c
                  __pa_39   0x000bfa    program     static C:\MCC18\src\traditional\stdclib\vfprintf.c
                   __pa_4   0x00099c    program     static C:\MCC18\src\traditional\stdclib\vfprintf.c
                  __pa_40   0x000c06    program     static C:\MCC18\src\traditional\stdclib\vfprintf.c
                  __pa_41   0x000c12    program     static C:\MCC18\src\traditional\stdclib\vfprintf.c
                  __pa_42   0x000c1a    program     static C:\MCC18\src\traditional\stdclib\vfprintf.c
                  __pa_43   0x000c24    program     static C:\MCC18\src\traditional\stdclib\vfprintf.c
                  __pa_44   0x000c2a    program     static C:\MCC18\src\traditional\stdclib\vfprintf.c
                  __pa_45   0x000c34    program     static C:\MCC18\src\traditional\stdclib\vfprintf.c
                  __pa_46   0x000c40    program     static C:\MCC18\src\traditional\stdclib\vfprintf.c
                   __pa_5   0x0009b0    program     static C:\MCC18\src\traditional\stdclib\vfprintf.c
                   __pa_6   0x0009cc    program     static C:\MCC18\src\traditional\stdclib\vfprintf.c
                   __pa_7   0x0009d6    program     static C:\MCC18\src\traditional\stdclib\vfprintf.c
                   __pa_8   0x0009e2    program     static C:\MCC18\src\traditional\stdclib\vfprintf.c
                   __pa_9   0x000a04    program     static C:\MCC18\src\traditional\stdclib\vfprintf.c
               __string_0   0x002eb5    program     static F:\Dede\job\essaiPIC\EnCours\GitHub\MWACPIC\MWACProtocol.c
               __string_2   0x002ea8    program     static F:\Dede\job\essaiPIC\EnCours\GitHub\MWACPIC\init.c
              __tmplbl_42   0x000afe    program     static                          
              __tmplbl_43   0x000946    program     static                          
              __tmplbl_44   0x00092c    program     static                          
              __tmplbl_85   0x00007e    program     static                          
            __zero_memory   0x002ee8    program     extern C:\MCC18\src\traditional\proc\p18F458.asm
                _do_cinit   0x002bf8    program     extern C:\MCC18\src\traditional\startup\c018i.c
                   _entry   0x000000    program     extern C:\MCC18\src\traditional\startup\c018i.c
                   _false   0x002e46    program     static                          
                 _startup   0x002e70    program     extern C:\MCC18\src\traditional\startup\c018i.c
              _usart_putc   0x002e8c    program     extern C:\MCC18\src\pmc_common\USART\_usartpc.asm
               _user_putc   0x000006    program     extern C:\MCC18\src\traditional\stdclib\_user_putc.c
               afficheLCD   0x0025dc    program     extern F:\Dede\job\essaiPIC\EnCours\GitHub\MWACPIC\lcdTools.c
calculeBAudRateGenerateur   0x000eea    program     extern F:\Dede\job\essaiPIC\EnCours\GitHub\MWACPIC\serial.c
                 clearLCD   0x002898    program     extern F:\Dede\job\essaiPIC\EnCours\GitHub\MWACPIC\lcdTools.c
               clear_loop   0x002eee    program     static C:\MCC18\src\traditional\proc\p18F458.asm
                copy_loop   0x002c6a    program     static                          
            copy_one_byte   0x002c70    program     static                          
                     done   0x002c94    program     static                          
             done_copying   0x002c7e    program     static                          
             frameProceed   0x001754    program     extern F:\Dede\job\essaiPIC\EnCours\GitHub\MWACPIC\MWACProtocol.c
                     init   0x00294e    program     extern F:\Dede\job\essaiPIC\EnCours\GitHub\MWACPIC\init.c
                  initLCD   0x0028dc    program     extern F:\Dede\job\essaiPIC\EnCours\GitHub\MWACPIC\lcdTools.c
                  isdigit   0x002e4c    program     extern C:\MCC18\src\traditional\stdclib\isdigit.asm
                 jANotInf   0x001ec8    program     static C:\MCC18\src\traditional\math\mulFP.asm
                 jANotInf   0x001d00    program     static C:\MCC18\src\traditional\math\addFP.asm
                 jANotInf   0x001e22    program     static C:\MCC18\src\traditional\math\divFP.asm
                 jANotNeg   0x001d94    program     static C:\MCC18\src\traditional\math\addFP.asm
                jANotZero   0x001e36    program     static C:\MCC18\src\traditional\math\divFP.asm
              jAandWsetup   0x001d64    program     static C:\MCC18\src\traditional\math\addFP.asm
                  jAisNeg   0x0020ba    program     static C:\MCC18\src\traditional\math\compFP.asm
                 jAltBexp   0x001d52    program     static C:\MCC18\src\traditional\math\addFP.asm
                jBANotInf   0x001cf6    program     static C:\MCC18\src\traditional\math\addFP.asm
                 jBNotInf   0x001d0e    program     static C:\MCC18\src\traditional\math\addFP.asm
              jBothFinite   0x001ed6    program     static C:\MCC18\src\traditional\math\mulFP.asm
             jBothNotZero   0x00205c    program     static C:\MCC18\src\traditional\math\compFP.asm
             jBothNotZero   0x001ee2    program     static C:\MCC18\src\traditional\math\mulFP.asm
            jDifOrPosSign   0x001d22    program     static C:\MCC18\src\traditional\math\addFP.asm
                      jEQ   0x002078    program     static C:\MCC18\src\traditional\math\compFP.asm
                     jEnd   0x002bac    program     static C:\MCC18\src\traditional\stdclib\strlen.asm
                     jEnd   0x002be4    program     static C:\MCC18\src\traditional\stdclib\slenpgm.asm
                    jExch   0x002084    program     static C:\MCC18\src\traditional\math\compFP.asm
                    jExit   0x00202a    program     static C:\MCC18\src\traditional\math\castFP08.asm
                   jExpEQ   0x0020ca    program     static C:\MCC18\src\traditional\math\compFP.asm
                   jFinal   0x0020ae    program     static C:\MCC18\src\traditional\math\compFP.asm
               jFinalSign   0x001dfc    program     static C:\MCC18\src\traditional\math\addFP.asm
                jHaveZero   0x001ede    program     static C:\MCC18\src\traditional\math\mulFP.asm
                    jLoop   0x002bcc    program     static C:\MCC18\src\traditional\stdclib\slenpgm.asm
                    jLoop   0x002012    program     static C:\MCC18\src\traditional\math\castFP08.asm
                    jLoop   0x002ba2    program     static C:\MCC18\src\traditional\stdclib\strlen.asm
                    jLoop   0x002b78    program     static C:\MCC18\src\traditional\stdclib\strcpy.asm
                    jLoop   0x001e5e    program     static C:\MCC18\src\traditional\math\divFP.asm
                jLoopExit   0x002020    program     static C:\MCC18\src\traditional\math\castFP08.asm
                   jMatch   0x002e6c    program     static C:\MCC18\src\traditional\stdclib\isdigit.asm
                     jMax   0x001fee    program     static C:\MCC18\src\traditional\math\castFP08.asm
                  jMaxNeg   0x001ff8    program     static C:\MCC18\src\traditional\math\castFP08.asm
                  jMaxPos   0x001ff2    program     static C:\MCC18\src\traditional\math\castFP08.asm
                      jNE   0x00207c    program     static C:\MCC18\src\traditional\math\compFP.asm
                    jNext   0x001e84    program     static C:\MCC18\src\traditional\math\divFP.asm
                jNoAdjust   0x001e82    program     static C:\MCC18\src\traditional\math\divFP.asm
                  jNoExch   0x0020a4    program     static C:\MCC18\src\traditional\math\compFP.asm
                 jNoMatch   0x002e6e    program     static C:\MCC18\src\traditional\stdclib\isdigit.asm
             jNotBothZero   0x001d26    program     static C:\MCC18\src\traditional\math\addFP.asm
                  jNotInf   0x002002    program     static C:\MCC18\src\traditional\math\castFP08.asm
                  jPkLoop   0x00212e    program     static C:\MCC18\src\traditional\math\packFP.asm
             jPkRoundDone   0x002178    program     static C:\MCC18\src\traditional\math\packFP.asm
               jPkRoundIt   0x002160    program     static C:\MCC18\src\traditional\math\packFP.asm
             jPkShiftDone   0x00214a    program     static C:\MCC18\src\traditional\math\packFP.asm
           jReturnPosInf0   0x002104    program     static C:\MCC18\src\traditional\math\packFP.asm
                  jRotate   0x0020d6    program     static C:\MCC18\src\traditional\math\compFP.asm
                   jShift   0x0020c0    program     static C:\MCC18\src\traditional\math\compFP.asm
               jShiftDone   0x001dbc    program     static C:\MCC18\src\traditional\math\addFP.asm
               jShiftLoop   0x001dae    program     static C:\MCC18\src\traditional\math\addFP.asm
                jSignDone   0x001dec    program     static C:\MCC18\src\traditional\math\addFP.asm
              jSignedZero   0x001e2c    program     static C:\MCC18\src\traditional\math\divFP.asm
                 jSignsEQ   0x002060    program     static C:\MCC18\src\traditional\math\compFP.asm
                  jUnpkA1   0x0021a2    program     static C:\MCC18\src\traditional\math\UnpackFP.asm
                  jUnpkA2   0x0021ba    program     static C:\MCC18\src\traditional\math\UnpackFP.asm
                 jUnpkANZ   0x0021b0    program     static C:\MCC18\src\traditional\math\UnpackFP.asm
                  jUnpkB1   0x0021d2    program     static C:\MCC18\src\traditional\math\UnpackFP.asm
                  jUnpkB2   0x0021ea    program     static C:\MCC18\src\traditional\math\UnpackFP.asm
                 jUnpkBNZ   0x0021e0    program     static C:\MCC18\src\traditional\math\UnpackFP.asm
                 jUnpkNaN   0x0021c4    program     static C:\MCC18\src\traditional\math\UnpackFP.asm
                 jWNotNeg   0x001da8    program     static C:\MCC18\src\traditional\math\addFP.asm
                    jZero   0x001ffe    program     static C:\MCC18\src\traditional\math\castFP08.asm
               jZero1and2   0x002108    program     static C:\MCC18\src\traditional\math\packFP.asm
                  lcd_cmd   0x0027a2    program     extern F:\Dede\job\essaiPIC\EnCours\GitHub\MWACPIC\lcdTools.c
                 lcd_data   0x0027d6    program     extern F:\Dede\job\essaiPIC\EnCours\GitHub\MWACPIC\lcdTools.c
                 lcd_goto   0x0028a2    program     extern F:\Dede\job\essaiPIC\EnCours\GitHub\MWACPIC\lcdTools.c
                lcd_nputs   0x002852    program     extern F:\Dede\job\essaiPIC\EnCours\GitHub\MWACPIC\lcdTools.c
                 lcd_puts   0x002816    program     extern F:\Dede\job\essaiPIC\EnCours\GitHub\MWACPIC\lcdTools.c
                     loop   0x002e9c    program     static C:\MCC18\src\pmc_common\USART\_usartpc.asm
                     loop   0x002e12    program     static                          
                     loop   0x002e80    program     static                          
                     main   0x002ec2    program     extern F:\Dede\job\essaiPIC\EnCours\GitHub\MWACPIC\main.c
         pullCharFromFifo   0x0012e2    program     extern F:\Dede\job\essaiPIC\EnCours\GitHub\MWACPIC\serial.c
         pushCharIntoFifo   0x001186    program     extern F:\Dede\job\essaiPIC\EnCours\GitHub\MWACPIC\serial.c
                     putc   0x002c96    program     extern C:\MCC18\src\traditional\stdclib\putc.c
                 s_digits   0x002ed6    program     static C:\MCC18\src\traditional\stdclib\vfprintf.c
            s_put_n_chars   0x000028    program     static C:\MCC18\src\traditional\stdclib\vfprintf.c
   sendAgentAdrSerialPort   0x000e2a    program     extern F:\Dede\job\essaiPIC\EnCours\GitHub\MWACPIC\serial.c
       sendCharSerialPort   0x000db6    program     extern F:\Dede\job\essaiPIC\EnCours\GitHub\MWACPIC\serial.c
sendDataLinkFrameSerialPort   0x000c4a    program     extern F:\Dede\job\essaiPIC\EnCours\GitHub\MWACPIC\serial.c
sendFrameHeaderSerialPort   0x000dd0    program     extern F:\Dede\job\essaiPIC\EnCours\GitHub\MWACPIC\serial.c
  sendIntroductionMessage   0x0014c0    program     extern F:\Dede\job\essaiPIC\EnCours\GitHub\MWACPIC\MWACProtocol.c
  sendPresentationMessage   0x00164c    program     extern F:\Dede\job\essaiPIC\EnCours\GitHub\MWACPIC\MWACProtocol.c
   sendShortIntSerialPort   0x000de2    program     extern F:\Dede\job\essaiPIC\EnCours\GitHub\MWACPIC\serial.c
sendWhoAreMyNeighboursMessage   0x001544    program     extern F:\Dede\job\essaiPIC\EnCours\GitHub\MWACPIC\MWACProtocol.c
              serveurUART   0x0021f4    program     extern F:\Dede\job\essaiPIC\EnCours\GitHub\MWACPIC\serialLinkInterruptHandler.c
                  sprintf   0x002aa4    program     extern C:\MCC18\src\traditional\stdclib\sprintf.c
                   strcpy   0x002b50    program     extern C:\MCC18\src\traditional\stdclib\strcpy.asm
                   strlen   0x002b92    program     extern C:\MCC18\src\traditional\stdclib\strlen.asm
                strlenpgm   0x002bae    program     extern C:\MCC18\src\traditional\stdclib\slenpgm.asm
                     test   0x002c12    program     static                          
                 vfprintf   0x000054    program     extern C:\MCC18\src\traditional\stdclib\vfprintf.c
                   ADCON0   0x000fc2       data     extern C:\MCC18\src\traditional\proc\p18F458.asm
               ADCON0bits   0x000fc2       data     extern C:\MCC18\src\traditional\proc\p18F458.asm
                   ADCON1   0x000fc1       data     extern C:\MCC18\src\traditional\proc\p18F458.asm
               ADCON1bits   0x000fc1       data     extern C:\MCC18\src\traditional\proc\p18F458.asm
                    ADRES   0x000fc3       data     extern C:\MCC18\src\traditional\proc\p18F458.asm
                   ADRESH   0x000fc4       data     extern C:\MCC18\src\traditional\proc\p18F458.asm
                   ADRESL   0x000fc3       data     extern C:\MCC18\src\traditional\proc\p18F458.asm
                  BRGCON1   0x000f70       data     extern C:\MCC18\src\traditional\proc\p18F458.asm
              BRGCON1bits   0x000f70       data     extern C:\MCC18\src\traditional\proc\p18F458.asm
                  BRGCON2   0x000f71       data     extern C:\MCC18\src\traditional\proc\p18F458.asm
              BRGCON2bits   0x000f71       data     extern C:\MCC18\src\traditional\proc\p18F458.asm
                  BRGCON3   0x000f72       data     extern C:\MCC18\src\traditional\proc\p18F458.asm
              BRGCON3bits   0x000f72       data     extern C:\MCC18\src\traditional\proc\p18F458.asm
                      BSR   0x000fe0       data     extern C:\MCC18\src\traditional\proc\p18F458.asm
                   CANCON   0x000f6f       data     extern C:\MCC18\src\traditional\proc\p18F458.asm
               CANCONbits   0x000f6f       data     extern C:\MCC18\src\traditional\proc\p18F458.asm
                  CANSTAT   0x000f6e       data     extern C:\MCC18\src\traditional\proc\p18F458.asm
               CANSTATRO1   0x000f5e       data     extern C:\MCC18\src\traditional\proc\p18F458.asm
           CANSTATRO1bits   0x000f5e       data     extern C:\MCC18\src\traditional\proc\p18F458.asm
               CANSTATRO2   0x000f4e       data     extern C:\MCC18\src\traditional\proc\p18F458.asm
           CANSTATRO2bits   0x000f4e       data     extern C:\MCC18\src\traditional\proc\p18F458.asm
               CANSTATRO3   0x000f3e       data     extern C:\MCC18\src\traditional\proc\p18F458.asm
           CANSTATRO3bits   0x000f3e       data     extern C:\MCC18\src\traditional\proc\p18F458.asm
               CANSTATRO4   0x000f2e       data     extern C:\MCC18\src\traditional\proc\p18F458.asm
           CANSTATRO4bits   0x000f2e       data     extern C:\MCC18\src\traditional\proc\p18F458.asm
              CANSTATbits   0x000f6e       data     extern C:\MCC18\src\traditional\proc\p18F458.asm
                  CCP1CON   0x000fbd       data     extern C:\MCC18\src\traditional\proc\p18F458.asm
              CCP1CONbits   0x000fbd       data     extern C:\MCC18\src\traditional\proc\p18F458.asm
                   CCPR1H   0x000fbf       data     extern C:\MCC18\src\traditional\proc\p18F458.asm
                   CCPR1L   0x000fbe       data     extern C:\MCC18\src\traditional\proc\p18F458.asm
                   CIOCON   0x000f73       data     extern C:\MCC18\src\traditional\proc\p18F458.asm
               CIOCONbits   0x000f73       data     extern C:\MCC18\src\traditional\proc\p18F458.asm
                    CMCON   0x000fb4       data     extern C:\MCC18\src\traditional\proc\p18F458.asm
                CMCONbits   0x000fb4       data     extern C:\MCC18\src\traditional\proc\p18F458.asm
                  COMSTAT   0x000f74       data     extern C:\MCC18\src\traditional\proc\p18F458.asm
              COMSTATbits   0x000f74       data     extern C:\MCC18\src\traditional\proc\p18F458.asm
                   CVRCON   0x000fb5       data     extern C:\MCC18\src\traditional\proc\p18F458.asm
               CVRCONbits   0x000fb5       data     extern C:\MCC18\src\traditional\proc\p18F458.asm
                     DDRA   0x000f92       data     extern C:\MCC18\src\traditional\proc\p18F458.asm
                 DDRAbits   0x000f92       data     extern C:\MCC18\src\traditional\proc\p18F458.asm
                     DDRB   0x000f93       data     extern C:\MCC18\src\traditional\proc\p18F458.asm
                 DDRBbits   0x000f93       data     extern C:\MCC18\src\traditional\proc\p18F458.asm
                     DDRC   0x000f94       data     extern C:\MCC18\src\traditional\proc\p18F458.asm
                 DDRCbits   0x000f94       data     extern C:\MCC18\src\traditional\proc\p18F458.asm
                     DDRD   0x000f95       data     extern C:\MCC18\src\traditional\proc\p18F458.asm
                 DDRDbits   0x000f95       data     extern C:\MCC18\src\traditional\proc\p18F458.asm
                     DDRE   0x000f96       data     extern C:\MCC18\src\traditional\proc\p18F458.asm
                 DDREbits   0x000f96       data     extern C:\MCC18\src\traditional\proc\p18F458.asm
                 ECCP1CON   0x000fba       data     extern C:\MCC18\src\traditional\proc\p18F458.asm
             ECCP1CONbits   0x000fba       data     extern C:\MCC18\src\traditional\proc\p18F458.asm
                 ECCP1DEL   0x000fb7       data     extern C:\MCC18\src\traditional\proc\p18F458.asm
             ECCP1DELbits   0x000fb7       data     extern C:\MCC18\src\traditional\proc\p18F458.asm
                   ECCPAS   0x000fb6       data     extern C:\MCC18\src\traditional\proc\p18F458.asm
               ECCPASbits   0x000fb6       data     extern C:\MCC18\src\traditional\proc\p18F458.asm
                   ECCPR1   0x000fbb       data     extern C:\MCC18\src\traditional\proc\p18F458.asm
                  ECCPR1H   0x000fbc       data     extern C:\MCC18\src\traditional\proc\p18F458.asm
                  ECCPR1L   0x000fbb       data     extern C:\MCC18\src\traditional\proc\p18F458.asm
                    EEADR   0x000fa9       data     extern C:\MCC18\src\traditional\proc\p18F458.asm
                   EECON1   0x000fa6       data     extern C:\MCC18\src\traditional\proc\p18F458.asm
               EECON1bits   0x000fa6       data     extern C:\MCC18\src\traditional\proc\p18F458.asm
                   EECON2   0x000fa7       data     extern C:\MCC18\src\traditional\proc\p18F458.asm
                   EEDATA   0x000fa8       data     extern C:\MCC18\src\traditional\proc\p18F458.asm
                     FSR0   0x000fe9       data     extern C:\MCC18\src\traditional\proc\p18F458.asm
                    FSR0H   0x000fea       data     extern C:\MCC18\src\traditional\proc\p18F458.asm
                    FSR0L   0x000fe9       data     extern C:\MCC18\src\traditional\proc\p18F458.asm
                     FSR1   0x000fe1       data     extern C:\MCC18\src\traditional\proc\p18F458.asm
                    FSR1H   0x000fe2       data     extern C:\MCC18\src\traditional\proc\p18F458.asm
                    FSR1L   0x000fe1       data     extern C:\MCC18\src\traditional\proc\p18F458.asm
                     FSR2   0x000fd9       data     extern C:\MCC18\src\traditional\proc\p18F458.asm
                    FSR2H   0x000fda       data     extern C:\MCC18\src\traditional\proc\p18F458.asm
                    FSR2L   0x000fd9       data     extern C:\MCC18\src\traditional\proc\p18F458.asm
                    INDF0   0x000fef       data     extern C:\MCC18\src\traditional\proc\p18F458.asm
                    INDF1   0x000fe7       data     extern C:\MCC18\src\traditional\proc\p18F458.asm
                    INDF2   0x000fdf       data     extern C:\MCC18\src\traditional\proc\p18F458.asm
                   INTCON   0x000ff2       data     extern C:\MCC18\src\traditional\proc\p18F458.asm
                  INTCON2   0x000ff1       data     extern C:\MCC18\src\traditional\proc\p18F458.asm
              INTCON2bits   0x000ff1       data     extern C:\MCC18\src\traditional\proc\p18F458.asm
                  INTCON3   0x000ff0       data     extern C:\MCC18\src\traditional\proc\p18F458.asm
              INTCON3bits   0x000ff0       data     extern C:\MCC18\src\traditional\proc\p18F458.asm
               INTCONbits   0x000ff2       data     extern C:\MCC18\src\traditional\proc\p18F458.asm
                     IPR1   0x000f9f       data     extern C:\MCC18\src\traditional\proc\p18F458.asm
                 IPR1bits   0x000f9f       data     extern C:\MCC18\src\traditional\proc\p18F458.asm
                     IPR2   0x000fa2       data     extern C:\MCC18\src\traditional\proc\p18F458.asm
                 IPR2bits   0x000fa2       data     extern C:\MCC18\src\traditional\proc\p18F458.asm
                     IPR3   0x000fa5       data     extern C:\MCC18\src\traditional\proc\p18F458.asm
                 IPR3bits   0x000fa5       data     extern C:\MCC18\src\traditional\proc\p18F458.asm
                     LATA   0x000f89       data     extern C:\MCC18\src\traditional\proc\p18F458.asm
                 LATAbits   0x000f89       data     extern C:\MCC18\src\traditional\proc\p18F458.asm
                     LATB   0x000f8a       data     extern C:\MCC18\src\traditional\proc\p18F458.asm
                 LATBbits   0x000f8a       data     extern C:\MCC18\src\traditional\proc\p18F458.asm
                     LATC   0x000f8b       data     extern C:\MCC18\src\traditional\proc\p18F458.asm
                 LATCbits   0x000f8b       data     extern C:\MCC18\src\traditional\proc\p18F458.asm
                     LATD   0x000f8c       data     extern C:\MCC18\src\traditional\proc\p18F458.asm
                 LATDbits   0x000f8c       data     extern C:\MCC18\src\traditional\proc\p18F458.asm
                     LATE   0x000f8d       data     extern C:\MCC18\src\traditional\proc\p18F458.asm
                 LATEbits   0x000f8d       data     extern C:\MCC18\src\traditional\proc\p18F458.asm
                   LVDCON   0x000fd2       data     extern C:\MCC18\src\traditional\proc\p18F458.asm
               LVDCONbits   0x000fd2       data     extern C:\MCC18\src\traditional\proc\p18F458.asm
                   OSCCON   0x000fd3       data     extern C:\MCC18\src\traditional\proc\p18F458.asm
               OSCCONbits   0x000fd3       data     extern C:\MCC18\src\traditional\proc\p18F458.asm
                       PC   0x000ff9       data     extern C:\MCC18\src\traditional\proc\p18F458.asm
                      PCL   0x000ff9       data     extern C:\MCC18\src\traditional\proc\p18F458.asm
                   PCLATH   0x000ffa       data     extern C:\MCC18\src\traditional\proc\p18F458.asm
                   PCLATU   0x000ffb       data     extern C:\MCC18\src\traditional\proc\p18F458.asm
                     PIE1   0x000f9d       data     extern C:\MCC18\src\traditional\proc\p18F458.asm
                 PIE1bits   0x000f9d       data     extern C:\MCC18\src\traditional\proc\p18F458.asm
                     PIE2   0x000fa0       data     extern C:\MCC18\src\traditional\proc\p18F458.asm
                 PIE2bits   0x000fa0       data     extern C:\MCC18\src\traditional\proc\p18F458.asm
                     PIE3   0x000fa3       data     extern C:\MCC18\src\traditional\proc\p18F458.asm
                 PIE3bits   0x000fa3       data     extern C:\MCC18\src\traditional\proc\p18F458.asm
                     PIR1   0x000f9e       data     extern C:\MCC18\src\traditional\proc\p18F458.asm
                 PIR1bits   0x000f9e       data     extern C:\MCC18\src\traditional\proc\p18F458.asm
                     PIR2   0x000fa1       data     extern C:\MCC18\src\traditional\proc\p18F458.asm
                 PIR2bits   0x000fa1       data     extern C:\MCC18\src\traditional\proc\p18F458.asm
                     PIR3   0x000fa4       data     extern C:\MCC18\src\traditional\proc\p18F458.asm
                 PIR3bits   0x000fa4       data     extern C:\MCC18\src\traditional\proc\p18F458.asm
                   PLUSW0   0x000feb       data     extern C:\MCC18\src\traditional\proc\p18F458.asm
                   PLUSW1   0x000fe3       data     extern C:\MCC18\src\traditional\proc\p18F458.asm
                   PLUSW2   0x000fdb       data     extern C:\MCC18\src\traditional\proc\p18F458.asm
                    PORTA   0x000f80       data     extern C:\MCC18\src\traditional\proc\p18F458.asm
                PORTAbits   0x000f80       data     extern C:\MCC18\src\traditional\proc\p18F458.asm
                    PORTB   0x000f81       data     extern C:\MCC18\src\traditional\proc\p18F458.asm
                PORTBbits   0x000f81       data     extern C:\MCC18\src\traditional\proc\p18F458.asm
                    PORTC   0x000f82       data     extern C:\MCC18\src\traditional\proc\p18F458.asm
                PORTCbits   0x000f82       data     extern C:\MCC18\src\traditional\proc\p18F458.asm
                    PORTD   0x000f83       data     extern C:\MCC18\src\traditional\proc\p18F458.asm
                PORTDbits   0x000f83       data     extern C:\MCC18\src\traditional\proc\p18F458.asm
                    PORTE   0x000f84       data     extern C:\MCC18\src\traditional\proc\p18F458.asm
                PORTEbits   0x000f84       data     extern C:\MCC18\src\traditional\proc\p18F458.asm
                 POSTDEC0   0x000fed       data     extern C:\MCC18\src\traditional\proc\p18F458.asm
                 POSTDEC1   0x000fe5       data     extern C:\MCC18\src\traditional\proc\p18F458.asm
                 POSTDEC2   0x000fdd       data     extern C:\MCC18\src\traditional\proc\p18F458.asm
                 POSTINC0   0x000fee       data     extern C:\MCC18\src\traditional\proc\p18F458.asm
                 POSTINC1   0x000fe6       data     extern C:\MCC18\src\traditional\proc\p18F458.asm
                 POSTINC2   0x000fde       data     extern C:\MCC18\src\traditional\proc\p18F458.asm
                      PR2   0x000fcb       data     extern C:\MCC18\src\traditional\proc\p18F458.asm
                  PREINC0   0x000fec       data     extern C:\MCC18\src\traditional\proc\p18F458.asm
                  PREINC1   0x000fe4       data     extern C:\MCC18\src\traditional\proc\p18F458.asm
                  PREINC2   0x000fdc       data     extern C:\MCC18\src\traditional\proc\p18F458.asm
                     PROD   0x000ff3       data     extern C:\MCC18\src\traditional\proc\p18F458.asm
                    PRODH   0x000ff4       data     extern C:\MCC18\src\traditional\proc\p18F458.asm
                    PRODL   0x000ff3       data     extern C:\MCC18\src\traditional\proc\p18F458.asm
                     RCON   0x000fd0       data     extern C:\MCC18\src\traditional\proc\p18F458.asm
                 RCONbits   0x000fd0       data     extern C:\MCC18\src\traditional\proc\p18F458.asm
                    RCREG   0x000fae       data     extern C:\MCC18\src\traditional\proc\p18F458.asm
                    RCSTA   0x000fab       data     extern C:\MCC18\src\traditional\proc\p18F458.asm
                RCSTAbits   0x000fab       data     extern C:\MCC18\src\traditional\proc\p18F458.asm
                  RXB0CON   0x000f60       data     extern C:\MCC18\src\traditional\proc\p18F458.asm
              RXB0CONbits   0x000f60       data     extern C:\MCC18\src\traditional\proc\p18F458.asm
                   RXB0D0   0x000f66       data     extern C:\MCC18\src\traditional\proc\p18F458.asm
               RXB0D0bits   0x000f66       data     extern C:\MCC18\src\traditional\proc\p18F458.asm
                   RXB0D1   0x000f67       data     extern C:\MCC18\src\traditional\proc\p18F458.asm
               RXB0D1bits   0x000f67       data     extern C:\MCC18\src\traditional\proc\p18F458.asm
                   RXB0D2   0x000f68       data     extern C:\MCC18\src\traditional\proc\p18F458.asm
               RXB0D2bits   0x000f68       data     extern C:\MCC18\src\traditional\proc\p18F458.asm
                   RXB0D3   0x000f69       data     extern C:\MCC18\src\traditional\proc\p18F458.asm
               RXB0D3bits   0x000f69       data     extern C:\MCC18\src\traditional\proc\p18F458.asm
                   RXB0D4   0x000f6a       data     extern C:\MCC18\src\traditional\proc\p18F458.asm
               RXB0D4bits   0x000f6a       data     extern C:\MCC18\src\traditional\proc\p18F458.asm
                   RXB0D5   0x000f6b       data     extern C:\MCC18\src\traditional\proc\p18F458.asm
               RXB0D5bits   0x000f6b       data     extern C:\MCC18\src\traditional\proc\p18F458.asm
                   RXB0D6   0x000f6c       data     extern C:\MCC18\src\traditional\proc\p18F458.asm
               RXB0D6bits   0x000f6c       data     extern C:\MCC18\src\traditional\proc\p18F458.asm
                   RXB0D7   0x000f6d       data     extern C:\MCC18\src\traditional\proc\p18F458.asm
               RXB0D7bits   0x000f6d       data     extern C:\MCC18\src\traditional\proc\p18F458.asm
                  RXB0DLC   0x000f65       data     extern C:\MCC18\src\traditional\proc\p18F458.asm
              RXB0DLCbits   0x000f65       data     extern C:\MCC18\src\traditional\proc\p18F458.asm
                 RXB0EIDH   0x000f63       data     extern C:\MCC18\src\traditional\proc\p18F458.asm
             RXB0EIDHbits   0x000f63       data     extern C:\MCC18\src\traditional\proc\p18F458.asm
                 RXB0EIDL   0x000f64       data     extern C:\MCC18\src\traditional\proc\p18F458.asm
             RXB0EIDLbits   0x000f64       data     extern C:\MCC18\src\traditional\proc\p18F458.asm
                 RXB0SIDH   0x000f61       data     extern C:\MCC18\src\traditional\proc\p18F458.asm
             RXB0SIDHbits   0x000f61       data     extern C:\MCC18\src\traditional\proc\p18F458.asm
                 RXB0SIDL   0x000f62       data     extern C:\MCC18\src\traditional\proc\p18F458.asm
             RXB0SIDLbits   0x000f62       data     extern C:\MCC18\src\traditional\proc\p18F458.asm
                  RXB1CON   0x000f50       data     extern C:\MCC18\src\traditional\proc\p18F458.asm
              RXB1CONbits   0x000f50       data     extern C:\MCC18\src\traditional\proc\p18F458.asm
                   RXB1D0   0x000f56       data     extern C:\MCC18\src\traditional\proc\p18F458.asm
               RXB1D0bits   0x000f56       data     extern C:\MCC18\src\traditional\proc\p18F458.asm
                   RXB1D1   0x000f57       data     extern C:\MCC18\src\traditional\proc\p18F458.asm
               RXB1D1bits   0x000f57       data     extern C:\MCC18\src\traditional\proc\p18F458.asm
                   RXB1D2   0x000f58       data     extern C:\MCC18\src\traditional\proc\p18F458.asm
               RXB1D2bits   0x000f58       data     extern C:\MCC18\src\traditional\proc\p18F458.asm
                   RXB1D3   0x000f59       data     extern C:\MCC18\src\traditional\proc\p18F458.asm
               RXB1D3bits   0x000f59       data     extern C:\MCC18\src\traditional\proc\p18F458.asm
                   RXB1D4   0x000f5a       data     extern C:\MCC18\src\traditional\proc\p18F458.asm
               RXB1D4bits   0x000f5a       data     extern C:\MCC18\src\traditional\proc\p18F458.asm
                   RXB1D5   0x000f5b       data     extern C:\MCC18\src\traditional\proc\p18F458.asm
               RXB1D5bits   0x000f5b       data     extern C:\MCC18\src\traditional\proc\p18F458.asm
                   RXB1D6   0x000f5c       data     extern C:\MCC18\src\traditional\proc\p18F458.asm
               RXB1D6bits   0x000f5c       data     extern C:\MCC18\src\traditional\proc\p18F458.asm
                   RXB1D7   0x000f5d       data     extern C:\MCC18\src\traditional\proc\p18F458.asm
               RXB1D7bits   0x000f5d       data     extern C:\MCC18\src\traditional\proc\p18F458.asm
                  RXB1DLC   0x000f55       data     extern C:\MCC18\src\traditional\proc\p18F458.asm
              RXB1DLCbits   0x000f55       data     extern C:\MCC18\src\traditional\proc\p18F458.asm
                 RXB1EIDH   0x000f53       data     extern C:\MCC18\src\traditional\proc\p18F458.asm
             RXB1EIDHbits   0x000f53       data     extern C:\MCC18\src\traditional\proc\p18F458.asm
                 RXB1EIDL   0x000f54       data     extern C:\MCC18\src\traditional\proc\p18F458.asm
             RXB1EIDLbits   0x000f54       data     extern C:\MCC18\src\traditional\proc\p18F458.asm
                 RXB1SIDH   0x000f51       data     extern C:\MCC18\src\traditional\proc\p18F458.asm
             RXB1SIDHbits   0x000f51       data     extern C:\MCC18\src\traditional\proc\p18F458.asm
                 RXB1SIDL   0x000f52       data     extern C:\MCC18\src\traditional\proc\p18F458.asm
             RXB1SIDLbits   0x000f52       data     extern C:\MCC18\src\traditional\proc\p18F458.asm
                 RXERRCNT   0x000f75       data     extern C:\MCC18\src\traditional\proc\p18F458.asm
             RXERRCNTbits   0x000f75       data     extern C:\MCC18\src\traditional\proc\p18F458.asm
                 RXF0EIDH   0x000f02       data     extern C:\MCC18\src\traditional\proc\p18F458.asm
             RXF0EIDHbits   0x000f02       data     extern C:\MCC18\src\traditional\proc\p18F458.asm
                 RXF0EIDL   0x000f03       data     extern C:\MCC18\src\traditional\proc\p18F458.asm
             RXF0EIDLbits   0x000f03       data     extern C:\MCC18\src\traditional\proc\p18F458.asm
                 RXF0SIDH   0x000f00       data     extern C:\MCC18\src\traditional\proc\p18F458.asm
             RXF0SIDHbits   0x000f00       data     extern C:\MCC18\src\traditional\proc\p18F458.asm
                 RXF0SIDL   0x000f01       data     extern C:\MCC18\src\traditional\proc\p18F458.asm
             RXF0SIDLbits   0x000f01       data     extern C:\MCC18\src\traditional\proc\p18F458.asm
                 RXF1EIDH   0x000f06       data     extern C:\MCC18\src\traditional\proc\p18F458.asm
             RXF1EIDHbits   0x000f06       data     extern C:\MCC18\src\traditional\proc\p18F458.asm
                 RXF1EIDL   0x000f07       data     extern C:\MCC18\src\traditional\proc\p18F458.asm
             RXF1EIDLbits   0x000f07       data     extern C:\MCC18\src\traditional\proc\p18F458.asm
                 RXF1SIDH   0x000f04       data     extern C:\MCC18\src\traditional\proc\p18F458.asm
             RXF1SIDHbits   0x000f04       data     extern C:\MCC18\src\traditional\proc\p18F458.asm
                 RXF1SIDL   0x000f05       data     extern C:\MCC18\src\traditional\proc\p18F458.asm
             RXF1SIDLbits   0x000f05       data     extern C:\MCC18\src\traditional\proc\p18F458.asm
                 RXF2EIDH   0x000f0a       data     extern C:\MCC18\src\traditional\proc\p18F458.asm
             RXF2EIDHbits   0x000f0a       data     extern C:\MCC18\src\traditional\proc\p18F458.asm
                 RXF2EIDL   0x000f0b       data     extern C:\MCC18\src\traditional\proc\p18F458.asm
             RXF2EIDLbits   0x000f0b       data     extern C:\MCC18\src\traditional\proc\p18F458.asm
                 RXF2SIDH   0x000f08       data     extern C:\MCC18\src\traditional\proc\p18F458.asm
             RXF2SIDHbits   0x000f08       data     extern C:\MCC18\src\traditional\proc\p18F458.asm
                 RXF2SIDL   0x000f09       data     extern C:\MCC18\src\traditional\proc\p18F458.asm
             RXF2SIDLbits   0x000f09       data     extern C:\MCC18\src\traditional\proc\p18F458.asm
                 RXF3EIDH   0x000f0e       data     extern C:\MCC18\src\traditional\proc\p18F458.asm
             RXF3EIDHbits   0x000f0e       data     extern C:\MCC18\src\traditional\proc\p18F458.asm
                 RXF3EIDL   0x000f0f       data     extern C:\MCC18\src\traditional\proc\p18F458.asm
             RXF3EIDLbits   0x000f0f       data     extern C:\MCC18\src\traditional\proc\p18F458.asm
                 RXF3SIDH   0x000f0c       data     extern C:\MCC18\src\traditional\proc\p18F458.asm
             RXF3SIDHbits   0x000f0c       data     extern C:\MCC18\src\traditional\proc\p18F458.asm
                 RXF3SIDL   0x000f0d       data     extern C:\MCC18\src\traditional\proc\p18F458.asm
             RXF3SIDLbits   0x000f0d       data     extern C:\MCC18\src\traditional\proc\p18F458.asm
                 RXF4EIDH   0x000f12       data     extern C:\MCC18\src\traditional\proc\p18F458.asm
             RXF4EIDHbits   0x000f12       data     extern C:\MCC18\src\traditional\proc\p18F458.asm
                 RXF4EIDL   0x000f13       data     extern C:\MCC18\src\traditional\proc\p18F458.asm
             RXF4EIDLbits   0x000f13       data     extern C:\MCC18\src\traditional\proc\p18F458.asm
                 RXF4SIDH   0x000f10       data     extern C:\MCC18\src\traditional\proc\p18F458.asm
             RXF4SIDHbits   0x000f10       data     extern C:\MCC18\src\traditional\proc\p18F458.asm
                 RXF4SIDL   0x000f11       data     extern C:\MCC18\src\traditional\proc\p18F458.asm
             RXF4SIDLbits   0x000f11       data     extern C:\MCC18\src\traditional\proc\p18F458.asm
                 RXF5EIDH   0x000f16       data     extern C:\MCC18\src\traditional\proc\p18F458.asm
             RXF5EIDHbits   0x000f16       data     extern C:\MCC18\src\traditional\proc\p18F458.asm
                 RXF5EIDL   0x000f17       data     extern C:\MCC18\src\traditional\proc\p18F458.asm
             RXF5EIDLbits   0x000f17       data     extern C:\MCC18\src\traditional\proc\p18F458.asm
                 RXF5SIDH   0x000f14       data     extern C:\MCC18\src\traditional\proc\p18F458.asm
             RXF5SIDHbits   0x000f14       data     extern C:\MCC18\src\traditional\proc\p18F458.asm
                 RXF5SIDL   0x000f15       data     extern C:\MCC18\src\traditional\proc\p18F458.asm
             RXF5SIDLbits   0x000f15       data     extern C:\MCC18\src\traditional\proc\p18F458.asm
                 RXM0EIDH   0x000f1a       data     extern C:\MCC18\src\traditional\proc\p18F458.asm
             RXM0EIDHbits   0x000f1a       data     extern C:\MCC18\src\traditional\proc\p18F458.asm
                 RXM0EIDL   0x000f1b       data     extern C:\MCC18\src\traditional\proc\p18F458.asm
             RXM0EIDLbits   0x000f1b       data     extern C:\MCC18\src\traditional\proc\p18F458.asm
                 RXM0SIDH   0x000f18       data     extern C:\MCC18\src\traditional\proc\p18F458.asm
             RXM0SIDHbits   0x000f18       data     extern C:\MCC18\src\traditional\proc\p18F458.asm
                 RXM0SIDL   0x000f19       data     extern C:\MCC18\src\traditional\proc\p18F458.asm
             RXM0SIDLbits   0x000f19       data     extern C:\MCC18\src\traditional\proc\p18F458.asm
                 RXM1EIDH   0x000f1e       data     extern C:\MCC18\src\traditional\proc\p18F458.asm
             RXM1EIDHbits   0x000f1e       data     extern C:\MCC18\src\traditional\proc\p18F458.asm
                 RXM1EIDL   0x000f1f       data     extern C:\MCC18\src\traditional\proc\p18F458.asm
             RXM1EIDLbits   0x000f1f       data     extern C:\MCC18\src\traditional\proc\p18F458.asm
                 RXM1SIDH   0x000f1c       data     extern C:\MCC18\src\traditional\proc\p18F458.asm
             RXM1SIDHbits   0x000f1c       data     extern C:\MCC18\src\traditional\proc\p18F458.asm
                 RXM1SIDL   0x000f1d       data     extern C:\MCC18\src\traditional\proc\p18F458.asm
             RXM1SIDLbits   0x000f1d       data     extern C:\MCC18\src\traditional\proc\p18F458.asm
                     SIGN   0x000000       data     extern C:\MCC18\src\traditional\math\cmath18.asm
                    SPBRG   0x000faf       data     extern C:\MCC18\src\traditional\proc\p18F458.asm
                   SSPADD   0x000fc8       data     extern C:\MCC18\src\traditional\proc\p18F458.asm
                   SSPBUF   0x000fc9       data     extern C:\MCC18\src\traditional\proc\p18F458.asm
                  SSPCON1   0x000fc6       data     extern C:\MCC18\src\traditional\proc\p18F458.asm
              SSPCON1bits   0x000fc6       data     extern C:\MCC18\src\traditional\proc\p18F458.asm
                  SSPCON2   0x000fc5       data     extern C:\MCC18\src\traditional\proc\p18F458.asm
              SSPCON2bits   0x000fc5       data     extern C:\MCC18\src\traditional\proc\p18F458.asm
                  SSPSTAT   0x000fc7       data     extern C:\MCC18\src\traditional\proc\p18F458.asm
              SSPSTATbits   0x000fc7       data     extern C:\MCC18\src\traditional\proc\p18F458.asm
                   STATUS   0x000fd8       data     extern C:\MCC18\src\traditional\proc\p18F458.asm
               STATUSbits   0x000fd8       data     extern C:\MCC18\src\traditional\proc\p18F458.asm
                   STKPTR   0x000ffc       data     extern C:\MCC18\src\traditional\proc\p18F458.asm
               STKPTRbits   0x000ffc       data     extern C:\MCC18\src\traditional\proc\p18F458.asm
                    T0CON   0x000fd5       data     extern C:\MCC18\src\traditional\proc\p18F458.asm
                T0CONbits   0x000fd5       data     extern C:\MCC18\src\traditional\proc\p18F458.asm
                    T1CON   0x000fcd       data     extern C:\MCC18\src\traditional\proc\p18F458.asm
                T1CONbits   0x000fcd       data     extern C:\MCC18\src\traditional\proc\p18F458.asm
                    T2CON   0x000fca       data     extern C:\MCC18\src\traditional\proc\p18F458.asm
                T2CONbits   0x000fca       data     extern C:\MCC18\src\traditional\proc\p18F458.asm
                    T3CON   0x000fb1       data     extern C:\MCC18\src\traditional\proc\p18F458.asm
                T3CONbits   0x000fb1       data     extern C:\MCC18\src\traditional\proc\p18F458.asm
                   TABLAT   0x000ff5       data     extern C:\MCC18\src\traditional\proc\p18F458.asm
                   TBLPTR   0x000ff6       data     extern C:\MCC18\src\traditional\proc\p18F458.asm
                  TBLPTRH   0x000ff7       data     extern C:\MCC18\src\traditional\proc\p18F458.asm
                  TBLPTRL   0x000ff6       data     extern C:\MCC18\src\traditional\proc\p18F458.asm
                  TBLPTRU   0x000ff8       data     extern C:\MCC18\src\traditional\proc\p18F458.asm
                    TMR0H   0x000fd7       data     extern C:\MCC18\src\traditional\proc\p18F458.asm
                    TMR0L   0x000fd6       data     extern C:\MCC18\src\traditional\proc\p18F458.asm
                    TMR1H   0x000fcf       data     extern C:\MCC18\src\traditional\proc\p18F458.asm
                    TMR1L   0x000fce       data     extern C:\MCC18\src\traditional\proc\p18F458.asm
                     TMR2   0x000fcc       data     extern C:\MCC18\src\traditional\proc\p18F458.asm
                    TMR3H   0x000fb3       data     extern C:\MCC18\src\traditional\proc\p18F458.asm
                    TMR3L   0x000fb2       data     extern C:\MCC18\src\traditional\proc\p18F458.asm
                      TOS   0x000ffd       data     extern C:\MCC18\src\traditional\proc\p18F458.asm
                     TOSH   0x000ffe       data     extern C:\MCC18\src\traditional\proc\p18F458.asm
                     TOSL   0x000ffd       data     extern C:\MCC18\src\traditional\proc\p18F458.asm
                     TOSU   0x000fff       data     extern C:\MCC18\src\traditional\proc\p18F458.asm
                    TRISA   0x000f92       data     extern C:\MCC18\src\traditional\proc\p18F458.asm
                TRISAbits   0x000f92       data     extern C:\MCC18\src\traditional\proc\p18F458.asm
                    TRISB   0x000f93       data     extern C:\MCC18\src\traditional\proc\p18F458.asm
                TRISBbits   0x000f93       data     extern C:\MCC18\src\traditional\proc\p18F458.asm
                    TRISC   0x000f94       data     extern C:\MCC18\src\traditional\proc\p18F458.asm
                TRISCbits   0x000f94       data     extern C:\MCC18\src\traditional\proc\p18F458.asm
                    TRISD   0x000f95       data     extern C:\MCC18\src\traditional\proc\p18F458.asm
                TRISDbits   0x000f95       data     extern C:\MCC18\src\traditional\proc\p18F458.asm
                    TRISE   0x000f96       data     extern C:\MCC18\src\traditional\proc\p18F458.asm
                TRISEbits   0x000f96       data     extern C:\MCC18\src\traditional\proc\p18F458.asm
                  TXB0CON   0x000f40       data     extern C:\MCC18\src\traditional\proc\p18F458.asm
              TXB0CONbits   0x000f40       data     extern C:\MCC18\src\traditional\proc\p18F458.asm
                   TXB0D0   0x000f46       data     extern C:\MCC18\src\traditional\proc\p18F458.asm
               TXB0D0bits   0x000f46       data     extern C:\MCC18\src\traditional\proc\p18F458.asm
                   TXB0D1   0x000f47       data     extern C:\MCC18\src\traditional\proc\p18F458.asm
               TXB0D1bits   0x000f47       data     extern C:\MCC18\src\traditional\proc\p18F458.asm
                   TXB0D2   0x000f48       data     extern C:\MCC18\src\traditional\proc\p18F458.asm
               TXB0D2bits   0x000f48       data     extern C:\MCC18\src\traditional\proc\p18F458.asm
                   TXB0D3   0x000f49       data     extern C:\MCC18\src\traditional\proc\p18F458.asm
               TXB0D3bits   0x000f49       data     extern C:\MCC18\src\traditional\proc\p18F458.asm
                   TXB0D4   0x000f4a       data     extern C:\MCC18\src\traditional\proc\p18F458.asm
               TXB0D4bits   0x000f4a       data     extern C:\MCC18\src\traditional\proc\p18F458.asm
                   TXB0D5   0x000f4b       data     extern C:\MCC18\src\traditional\proc\p18F458.asm
               TXB0D5bits   0x000f4b       data     extern C:\MCC18\src\traditional\proc\p18F458.asm
                   TXB0D6   0x000f4c       data     extern C:\MCC18\src\traditional\proc\p18F458.asm
               TXB0D6bits   0x000f4c       data     extern C:\MCC18\src\traditional\proc\p18F458.asm
                   TXB0D7   0x000f4d       data     extern C:\MCC18\src\traditional\proc\p18F458.asm
               TXB0D7bits   0x000f4d       data     extern C:\MCC18\src\traditional\proc\p18F458.asm
                  TXB0DLC   0x000f45       data     extern C:\MCC18\src\traditional\proc\p18F458.asm
              TXB0DLCbits   0x000f45       data     extern C:\MCC18\src\traditional\proc\p18F458.asm
                 TXB0EIDH   0x000f43       data     extern C:\MCC18\src\traditional\proc\p18F458.asm
             TXB0EIDHbits   0x000f43       data     extern C:\MCC18\src\traditional\proc\p18F458.asm
                 TXB0EIDL   0x000f44       data     extern C:\MCC18\src\traditional\proc\p18F458.asm
             TXB0EIDLbits   0x000f44       data     extern C:\MCC18\src\traditional\proc\p18F458.asm
                 TXB0SIDH   0x000f41       data     extern C:\MCC18\src\traditional\proc\p18F458.asm
             TXB0SIDHbits   0x000f41       data     extern C:\MCC18\src\traditional\proc\p18F458.asm
                 TXB0SIDL   0x000f42       data     extern C:\MCC18\src\traditional\proc\p18F458.asm
             TXB0SIDLbits   0x000f42       data     extern C:\MCC18\src\traditional\proc\p18F458.asm
                  TXB1CON   0x000f30       data     extern C:\MCC18\src\traditional\proc\p18F458.asm
              TXB1CONbits   0x000f30       data     extern C:\MCC18\src\traditional\proc\p18F458.asm
                   TXB1D0   0x000f36       data     extern C:\MCC18\src\traditional\proc\p18F458.asm
               TXB1D0bits   0x000f36       data     extern C:\MCC18\src\traditional\proc\p18F458.asm
                   TXB1D1   0x000f37       data     extern C:\MCC18\src\traditional\proc\p18F458.asm
               TXB1D1bits   0x000f37       data     extern C:\MCC18\src\traditional\proc\p18F458.asm
                   TXB1D2   0x000f38       data     extern C:\MCC18\src\traditional\proc\p18F458.asm
               TXB1D2bits   0x000f38       data     extern C:\MCC18\src\traditional\proc\p18F458.asm
                   TXB1D3   0x000f39       data     extern C:\MCC18\src\traditional\proc\p18F458.asm
               TXB1D3bits   0x000f39       data     extern C:\MCC18\src\traditional\proc\p18F458.asm
                   TXB1D4   0x000f3a       data     extern C:\MCC18\src\traditional\proc\p18F458.asm
               TXB1D4bits   0x000f3a       data     extern C:\MCC18\src\traditional\proc\p18F458.asm
                   TXB1D5   0x000f3b       data     extern C:\MCC18\src\traditional\proc\p18F458.asm
               TXB1D5bits   0x000f3b       data     extern C:\MCC18\src\traditional\proc\p18F458.asm
                   TXB1D6   0x000f3c       data     extern C:\MCC18\src\traditional\proc\p18F458.asm
               TXB1D6bits   0x000f3c       data     extern C:\MCC18\src\traditional\proc\p18F458.asm
                   TXB1D7   0x000f3d       data     extern C:\MCC18\src\traditional\proc\p18F458.asm
               TXB1D7bits   0x000f3d       data     extern C:\MCC18\src\traditional\proc\p18F458.asm
                  TXB1DLC   0x000f35       data     extern C:\MCC18\src\traditional\proc\p18F458.asm
              TXB1DLCbits   0x000f35       data     extern C:\MCC18\src\traditional\proc\p18F458.asm
                 TXB1EIDH   0x000f33       data     extern C:\MCC18\src\traditional\proc\p18F458.asm
             TXB1EIDHbits   0x000f33       data     extern C:\MCC18\src\traditional\proc\p18F458.asm
                 TXB1EIDL   0x000f34       data     extern C:\MCC18\src\traditional\proc\p18F458.asm
             TXB1EIDLbits   0x000f34       data     extern C:\MCC18\src\traditional\proc\p18F458.asm
                 TXB1SIDH   0x000f31       data     extern C:\MCC18\src\traditional\proc\p18F458.asm
             TXB1SIDHbits   0x000f31       data     extern C:\MCC18\src\traditional\proc\p18F458.asm
                 TXB1SIDL   0x000f32       data     extern C:\MCC18\src\traditional\proc\p18F458.asm
             TXB1SIDLbits   0x000f32       data     extern C:\MCC18\src\traditional\proc\p18F458.asm
                  TXB2CON   0x000f20       data     extern C:\MCC18\src\traditional\proc\p18F458.asm
              TXB2CONbits   0x000f20       data     extern C:\MCC18\src\traditional\proc\p18F458.asm
                   TXB2D0   0x000f26       data     extern C:\MCC18\src\traditional\proc\p18F458.asm
               TXB2D0bits   0x000f26       data     extern C:\MCC18\src\traditional\proc\p18F458.asm
                   TXB2D1   0x000f27       data     extern C:\MCC18\src\traditional\proc\p18F458.asm
               TXB2D1bits   0x000f27       data     extern C:\MCC18\src\traditional\proc\p18F458.asm
                   TXB2D2   0x000f28       data     extern C:\MCC18\src\traditional\proc\p18F458.asm
               TXB2D2bits   0x000f28       data     extern C:\MCC18\src\traditional\proc\p18F458.asm
                   TXB2D3   0x000f29       data     extern C:\MCC18\src\traditional\proc\p18F458.asm
               TXB2D3bits   0x000f29       data     extern C:\MCC18\src\traditional\proc\p18F458.asm
                   TXB2D4   0x000f2a       data     extern C:\MCC18\src\traditional\proc\p18F458.asm
               TXB2D4bits   0x000f2a       data     extern C:\MCC18\src\traditional\proc\p18F458.asm
                   TXB2D5   0x000f2b       data     extern C:\MCC18\src\traditional\proc\p18F458.asm
               TXB2D5bits   0x000f2b       data     extern C:\MCC18\src\traditional\proc\p18F458.asm
                   TXB2D6   0x000f2c       data     extern C:\MCC18\src\traditional\proc\p18F458.asm
               TXB2D6bits   0x000f2c       data     extern C:\MCC18\src\traditional\proc\p18F458.asm
                   TXB2D7   0x000f2d       data     extern C:\MCC18\src\traditional\proc\p18F458.asm
               TXB2D7bits   0x000f2d       data     extern C:\MCC18\src\traditional\proc\p18F458.asm
                  TXB2DLC   0x000f25       data     extern C:\MCC18\src\traditional\proc\p18F458.asm
              TXB2DLCbits   0x000f25       data     extern C:\MCC18\src\traditional\proc\p18F458.asm
                 TXB2EIDH   0x000f23       data     extern C:\MCC18\src\traditional\proc\p18F458.asm
             TXB2EIDHbits   0x000f23       data     extern C:\MCC18\src\traditional\proc\p18F458.asm
                 TXB2EIDL   0x000f24       data     extern C:\MCC18\src\traditional\proc\p18F458.asm
             TXB2EIDLbits   0x000f24       data     extern C:\MCC18\src\traditional\proc\p18F458.asm
                 TXB2SIDH   0x000f21       data     extern C:\MCC18\src\traditional\proc\p18F458.asm
             TXB2SIDHbits   0x000f21       data     extern C:\MCC18\src\traditional\proc\p18F458.asm
                 TXB2SIDL   0x000f22       data     extern C:\MCC18\src\traditional\proc\p18F458.asm
             TXB2SIDLbits   0x000f22       data     extern C:\MCC18\src\traditional\proc\p18F458.asm
                 TXERRCNT   0x000f76       data     extern C:\MCC18\src\traditional\proc\p18F458.asm
             TXERRCNTbits   0x000f76       data     extern C:\MCC18\src\traditional\proc\p18F458.asm
                    TXREG   0x000fad       data     extern C:\MCC18\src\traditional\proc\p18F458.asm
                    TXSTA   0x000fac       data     extern C:\MCC18\src\traditional\proc\p18F458.asm
                TXSTAbits   0x000fac       data     extern C:\MCC18\src\traditional\proc\p18F458.asm
                        W   0x000fe8       data     extern C:\MCC18\src\traditional\proc\p18F458.asm
                   WDTCON   0x000fd1       data     extern C:\MCC18\src\traditional\proc\p18F458.asm
               WDTCONbits   0x000fd1       data     extern C:\MCC18\src\traditional\proc\p18F458.asm
                     WREG   0x000fe8       data     extern C:\MCC18\src\traditional\proc\p18F458.asm
                 __AARGB0   0x000009       data     extern C:\MCC18\src\traditional\math\aarg.asm
                 __AARGB1   0x000008       data     extern C:\MCC18\src\traditional\math\aarg.asm
                 __AARGB2   0x000007       data     extern C:\MCC18\src\traditional\math\aarg.asm
                 __AARGB3   0x000006       data     extern C:\MCC18\src\traditional\math\aarg.asm
                 __AARGB4   0x000005       data     extern C:\MCC18\src\traditional\math\aarg.asm
                 __AARGB5   0x000004       data     extern C:\MCC18\src\traditional\math\aarg.asm
                 __AARGB6   0x000003       data     extern C:\MCC18\src\traditional\math\aarg.asm
                 __AARGB7   0x000002       data     extern C:\MCC18\src\traditional\math\aarg.asm
                   __AEXP   0x00000a       data     extern C:\MCC18\src\traditional\math\aarg.asm
                 __BARGB0   0x00000e       data     extern C:\MCC18\src\traditional\math\barg.asm
                 __BARGB1   0x00000d       data     extern C:\MCC18\src\traditional\math\barg.asm
                 __BARGB2   0x00000c       data     extern C:\MCC18\src\traditional\math\barg.asm
                 __BARGB3   0x00000b       data     extern C:\MCC18\src\traditional\math\barg.asm
                   __BEXP   0x00000f       data     extern C:\MCC18\src\traditional\math\barg.asm
                __FPFLAGS   0x000001       data     extern C:\MCC18\src\traditional\math\cmath18.asm
            __FPFLAGSbits   0x000001       data     extern C:\MCC18\src\traditional\math\cmath18.asm
                  __REMB0   0x000005       data     extern C:\MCC18\src\traditional\math\aarg.asm
                  __REMB1   0x000004       data     extern C:\MCC18\src\traditional\math\aarg.asm
                  __REMB2   0x000003       data     extern C:\MCC18\src\traditional\math\aarg.asm
                  __REMB3   0x000002       data     extern C:\MCC18\src\traditional\math\aarg.asm
                   __TEMP   0x000013       data     extern C:\MCC18\src\traditional\math\temparg.asm
                 __TEMPB0   0x000013       data     extern C:\MCC18\src\traditional\math\temparg.asm
                 __TEMPB1   0x000012       data     extern C:\MCC18\src\traditional\math\temparg.asm
                 __TEMPB2   0x000011       data     extern C:\MCC18\src\traditional\math\temparg.asm
                 __TEMPB3   0x000010       data     extern C:\MCC18\src\traditional\math\temparg.asm
                  __tmp_0   0x000014       data     static C:\MCC18\src\traditional\stdclib\vfprintf.c
                  __tmp_0   0x000014       data     static C:\MCC18\src\traditional\stdclib\sprintf.c
                  __tmp_0   0x000014       data     static C:\MCC18\src\traditional\stdclib\putc.c
                  __tmp_0   0x000014       data     static F:\Dede\job\essaiPIC\EnCours\GitHub\MWACPIC\serial.c
                  __tmp_0   0x000014       data     static F:\Dede\job\essaiPIC\EnCours\GitHub\MWACPIC\MWACProtocol.c
                  __tmp_0   0x000014       data     static F:\Dede\job\essaiPIC\EnCours\GitHub\MWACPIC\lcdTools.c
                  __tmp_0   0x000014       data     static F:\Dede\job\essaiPIC\EnCours\GitHub\MWACPIC\init.c
                  __tmp_1   0x000020       data     static F:\Dede\job\essaiPIC\EnCours\GitHub\MWACPIC\serialLinkInterruptHandler.c
                   blancs   0x000110       data     extern F:\Dede\job\essaiPIC\EnCours\GitHub\MWACPIC\init.c
                curr_byte   0x0005e7       data     static C:\MCC18\src\traditional\startup\c018i.c
               curr_entry   0x0005e9       data     static C:\MCC18\src\traditional\startup\c018i.c
                 data_ptr   0x0005eb       data     static C:\MCC18\src\traditional\startup\c018i.c
                gl_blancs   0x0000ed       data     extern F:\Dede\job\essaiPIC\EnCours\GitHub\MWACPIC\appli.h
              gl_byteFifo   0x000500       data     extern F:\Dede\job\essaiPIC\EnCours\GitHub\MWACPIC\serial.h
                gl_ligne1   0x0000c5       data     extern F:\Dede\job\essaiPIC\EnCours\GitHub\MWACPIC\appli.h
                gl_ligne2   0x0000d9       data     extern F:\Dede\job\essaiPIC\EnCours\GitHub\MWACPIC\appli.h
                    gl_me   0x000060       data     extern F:\Dede\job\essaiPIC\EnCours\GitHub\MWACPIC\thisAgent.h
                 messErr1   0x000100       data     static F:\Dede\job\essaiPIC\EnCours\GitHub\MWACPIC\init.c
                     prom   0x0005e4       data     static C:\MCC18\src\traditional\startup\c018i.c
             s_appPDUSize   0x0005dc       data     static F:\Dede\job\essaiPIC\EnCours\GitHub\MWACPIC\serialLinkInterruptHandler.c
             s_appPDUType   0x0005e0       data     static F:\Dede\job\essaiPIC\EnCours\GitHub\MWACPIC\serialLinkInterruptHandler.c
        s_appReceiverAddr   0x0005d8       data     static F:\Dede\job\essaiPIC\EnCours\GitHub\MWACPIC\serialLinkInterruptHandler.c
          s_appSenderAddr   0x0005d4       data     static F:\Dede\job\essaiPIC\EnCours\GitHub\MWACPIC\serialLinkInterruptHandler.c
                s_charCnt   0x0005e2       data     static F:\Dede\job\essaiPIC\EnCours\GitHub\MWACPIC\serialLinkInterruptHandler.c
                  s_state   0x0000fe       data     static F:\Dede\job\essaiPIC\EnCours\GitHub\MWACPIC\serialLinkInterruptHandler.c



                              Symbols - Sorted by Address
                     Name    Address   Location    Storage File                     
                ---------  ---------  ---------  --------- ---------                
                   _entry   0x000000    program     extern C:\MCC18\src\traditional\startup\c018i.c
       ___return_lbl00000   0x000004    program     static                          
               _user_putc   0x000006    program     extern C:\MCC18\src\traditional\stdclib\_user_putc.c
      InterruptVectorHigh   0x000008    program     extern F:\Dede\job\essaiPIC\EnCours\GitHub\MWACPIC\serialLinkInterruptHandler.c
       ___return_lbl00000   0x00000c    program     static                          
            s_put_n_chars   0x000028    program     static C:\MCC18\src\traditional\stdclib\vfprintf.c
                 vfprintf   0x000054    program     extern C:\MCC18\src\traditional\stdclib\vfprintf.c
              __tmplbl_85   0x00007e    program     static                          
              __tmplbl_44   0x00092c    program     static                          
              __tmplbl_43   0x000946    program     static                          
                   __pa_0   0x000968    program     static C:\MCC18\src\traditional\stdclib\vfprintf.c
                   __pa_1   0x000970    program     static C:\MCC18\src\traditional\stdclib\vfprintf.c
                   __pa_2   0x00097a    program     static C:\MCC18\src\traditional\stdclib\vfprintf.c
                   __pa_3   0x000984    program     static C:\MCC18\src\traditional\stdclib\vfprintf.c
                   __pa_4   0x00099c    program     static C:\MCC18\src\traditional\stdclib\vfprintf.c
                   __pa_5   0x0009b0    program     static C:\MCC18\src\traditional\stdclib\vfprintf.c
                   __pa_6   0x0009cc    program     static C:\MCC18\src\traditional\stdclib\vfprintf.c
                   __pa_7   0x0009d6    program     static C:\MCC18\src\traditional\stdclib\vfprintf.c
                   __pa_8   0x0009e2    program     static C:\MCC18\src\traditional\stdclib\vfprintf.c
                   __pa_9   0x000a04    program     static C:\MCC18\src\traditional\stdclib\vfprintf.c
                  __pa_10   0x000a24    program     static C:\MCC18\src\traditional\stdclib\vfprintf.c
                  __pa_11   0x000a32    program     static C:\MCC18\src\traditional\stdclib\vfprintf.c
                  __pa_12   0x000a48    program     static C:\MCC18\src\traditional\stdclib\vfprintf.c
                  __pa_13   0x000a62    program     static C:\MCC18\src\traditional\stdclib\vfprintf.c
                  __pa_14   0x000a7a    program     static C:\MCC18\src\traditional\stdclib\vfprintf.c
                  __pa_15   0x000a8a    program     static C:\MCC18\src\traditional\stdclib\vfprintf.c
                  __pa_16   0x000aa0    program     static C:\MCC18\src\traditional\stdclib\vfprintf.c
                  __pa_17   0x000ab2    program     static C:\MCC18\src\traditional\stdclib\vfprintf.c
                  __pa_18   0x000ac4    program     static C:\MCC18\src\traditional\stdclib\vfprintf.c
                  __pa_19   0x000ace    program     static C:\MCC18\src\traditional\stdclib\vfprintf.c
                  __pa_20   0x000ade    program     static C:\MCC18\src\traditional\stdclib\vfprintf.c
                  __pa_21   0x000aee    program     static C:\MCC18\src\traditional\stdclib\vfprintf.c
                  __pa_22   0x000afe    program     static C:\MCC18\src\traditional\stdclib\vfprintf.c
              __tmplbl_42   0x000afe    program     static                          
                  __pa_23   0x000b0a    program     static C:\MCC18\src\traditional\stdclib\vfprintf.c
                  __pa_24   0x000b18    program     static C:\MCC18\src\traditional\stdclib\vfprintf.c
                  __pa_25   0x000b20    program     static C:\MCC18\src\traditional\stdclib\vfprintf.c
                  __pa_26   0x000b2a    program     static C:\MCC18\src\traditional\stdclib\vfprintf.c
                  __pa_27   0x000b34    program     static C:\MCC18\src\traditional\stdclib\vfprintf.c
                  __pa_28   0x000b3c    program     static C:\MCC18\src\traditional\stdclib\vfprintf.c
                  __pa_29   0x000b4a    program     static C:\MCC18\src\traditional\stdclib\vfprintf.c
                  __pa_30   0x000b66    program     static C:\MCC18\src\traditional\stdclib\vfprintf.c
                  __pa_31   0x000b80    program     static C:\MCC18\src\traditional\stdclib\vfprintf.c
                  __pa_32   0x000b9a    program     static C:\MCC18\src\traditional\stdclib\vfprintf.c
                  __pa_33   0x000bb2    program     static C:\MCC18\src\traditional\stdclib\vfprintf.c
                  __pa_34   0x000bbc    program     static C:\MCC18\src\traditional\stdclib\vfprintf.c
[...]
              CANSTATbits   0x000f6e       data     extern C:\MCC18\src\traditional\proc\p18F458.asm
                  CANSTAT   0x000f6e       data     extern C:\MCC18\src\traditional\proc\p18F458.asm
                   CANCON   0x000f6f       data     extern C:\MCC18\src\traditional\proc\p18F458.asm
               CANCONbits   0x000f6f       data     extern C:\MCC18\src\traditional\proc\p18F458.asm
              BRGCON1bits   0x000f70       data     extern C:\MCC18\src\traditional\proc\p18F458.asm
                  BRGCON1   0x000f70       data     extern C:\MCC18\src\traditional\proc\p18F458.asm
              BRGCON2bits   0x000f71       data     extern C:\MCC18\src\traditional\proc\p18F458.asm
                  BRGCON2   0x000f71       data     extern C:\MCC18\src\traditional\proc\p18F458.asm
                  BRGCON3   0x000f72       data     extern C:\MCC18\src\traditional\proc\p18F458.asm
              BRGCON3bits   0x000f72       data     extern C:\MCC18\src\traditional\proc\p18F458.asm
                   CIOCON   0x000f73       data     extern C:\MCC18\src\traditional\proc\p18F458.asm
               CIOCONbits   0x000f73       data     extern C:\MCC18\src\traditional\proc\p18F458.asm
                  COMSTAT   0x000f74       data     extern C:\MCC18\src\traditional\proc\p18F458.asm
              COMSTATbits   0x000f74       data     extern C:\MCC18\src\traditional\proc\p18F458.asm
             RXERRCNTbits   0x000f75       data     extern C:\MCC18\src\traditional\proc\p18F458.asm
                 RXERRCNT   0x000f75       data     extern C:\MCC18\src\traditional\proc\p18F458.asm
                 TXERRCNT   0x000f76       data     extern C:\MCC18\src\traditional\proc\p18F458.asm
             TXERRCNTbits   0x000f76       data     extern C:\MCC18\src\traditional\proc\p18F458.asm
                PORTAbits   0x000f80       data     extern C:\MCC18\src\traditional\proc\p18F458.asm
                    PORTA   0x000f80       data     extern C:\MCC18\src\traditional\proc\p18F458.asm
                PORTBbits   0x000f81       data     extern C:\MCC18\src\traditional\proc\p18F458.asm
                    PORTB   0x000f81       data     extern C:\MCC18\src\traditional\proc\p18F458.asm
                PORTCbits   0x000f82       data     extern C:\MCC18\src\traditional\proc\p18F458.asm
                    PORTC   0x000f82       data     extern C:\MCC18\src\traditional\proc\p18F458.asm
                    PORTD   0x000f83       data     extern C:\MCC18\src\traditional\proc\p18F458.asm
                PORTDbits   0x000f83       data     extern C:\MCC18\src\traditional\proc\p18F458.asm
                    PORTE   0x000f84       data     extern C:\MCC18\src\traditional\proc\p18F458.asm
                PORTEbits   0x000f84       data     extern C:\MCC18\src\traditional\proc\p18F458.asm
                     LATA   0x000f89       data     extern C:\MCC18\src\traditional\proc\p18F458.asm
                 LATAbits   0x000f89       data     extern C:\MCC18\src\traditional\proc\p18F458.asm
                     LATB   0x000f8a       data     extern C:\MCC18\src\traditional\proc\p18F458.asm
                 LATBbits   0x000f8a       data     extern C:\MCC18\src\traditional\proc\p18F458.asm
                     LATC   0x000f8b       data     extern C:\MCC18\src\traditional\proc\p18F458.asm
                 LATCbits   0x000f8b       data     extern C:\MCC18\src\traditional\proc\p18F458.asm
                 LATDbits   0x000f8c       data     extern C:\MCC18\src\traditional\proc\p18F458.asm
                     LATD   0x000f8c       data     extern C:\MCC18\src\traditional\proc\p18F458.asm
                     LATE   0x000f8d       data     extern C:\MCC18\src\traditional\proc\p18F458.asm
                 LATEbits   0x000f8d       data     extern C:\MCC18\src\traditional\proc\p18F458.asm
                TRISAbits   0x000f92       data     extern C:\MCC18\src\traditional\proc\p18F458.asm
                    TRISA   0x000f92       data     extern C:\MCC18\src\traditional\proc\p18F458.asm
                 DDRAbits   0x000f92       data     extern C:\MCC18\src\traditional\proc\p18F458.asm
                     DDRA   0x000f92       data     extern C:\MCC18\src\traditional\proc\p18F458.asm
                    TRISB   0x000f93       data     extern C:\MCC18\src\traditional\proc\p18F458.asm
                TRISBbits   0x000f93       data     extern C:\MCC18\src\traditional\proc\p18F458.asm
                     DDRB   0x000f93       data     extern C:\MCC18\src\traditional\proc\p18F458.asm
                 DDRBbits   0x000f93       data     extern C:\MCC18\src\traditional\proc\p18F458.asm
                     DDRC   0x000f94       data     extern C:\MCC18\src\traditional\proc\p18F458.asm
                 DDRCbits   0x000f94       data     extern C:\MCC18\src\traditional\proc\p18F458.asm
                    TRISC   0x000f94       data     extern C:\MCC18\src\traditional\proc\p18F458.asm
                TRISCbits   0x000f94       data     extern C:\MCC18\src\traditional\proc\p18F458.asm
                    TRISD   0x000f95       data     extern C:\MCC18\src\traditional\proc\p18F458.asm
                TRISDbits   0x000f95       data     extern C:\MCC18\src\traditional\proc\p18F458.asm
                     DDRD   0x000f95       data     extern C:\MCC18\src\traditional\proc\p18F458.asm
                 DDRDbits   0x000f95       data     extern C:\MCC18\src\traditional\proc\p18F458.asm
                    TRISE   0x000f96       data     extern C:\MCC18\src\traditional\proc\p18F458.asm
                TRISEbits   0x000f96       data     extern C:\MCC18\src\traditional\proc\p18F458.asm
                     DDRE   0x000f96       data     extern C:\MCC18\src\traditional\proc\p18F458.asm
                 DDREbits   0x000f96       data     extern C:\MCC18\src\traditional\proc\p18F458.asm
                 PIE1bits   0x000f9d       data     extern C:\MCC18\src\traditional\proc\p18F458.asm
                     PIE1   0x000f9d       data     extern C:\MCC18\src\traditional\proc\p18F458.asm
                 PIR1bits   0x000f9e       data     extern C:\MCC18\src\traditional\proc\p18F458.asm
                     PIR1   0x000f9e       data     extern C:\MCC18\src\traditional\proc\p18F458.asm
                 IPR1bits   0x000f9f       data     extern C:\MCC18\src\traditional\proc\p18F458.asm
                     IPR1   0x000f9f       data     extern C:\MCC18\src\traditional\proc\p18F458.asm
                 PIE2bits   0x000fa0       data     extern C:\MCC18\src\traditional\proc\p18F458.asm
                     PIE2   0x000fa0       data     extern C:\MCC18\src\traditional\proc\p18F458.asm
                     PIR2   0x000fa1       data     extern C:\MCC18\src\traditional\proc\p18F458.asm
                 PIR2bits   0x000fa1       data     extern C:\MCC18\src\traditional\proc\p18F458.asm
                 IPR2bits   0x000fa2       data     extern C:\MCC18\src\traditional\proc\p18F458.asm
                     IPR2   0x000fa2       data     extern C:\MCC18\src\traditional\proc\p18F458.asm
                     PIE3   0x000fa3       data     extern C:\MCC18\src\traditional\proc\p18F458.asm
                 PIE3bits   0x000fa3       data     extern C:\MCC18\src\traditional\proc\p18F458.asm
                 PIR3bits   0x000fa4       data     extern C:\MCC18\src\traditional\proc\p18F458.asm
                     PIR3   0x000fa4       data     extern C:\MCC18\src\traditional\proc\p18F458.asm
                     IPR3   0x000fa5       data     extern C:\MCC18\src\traditional\proc\p18F458.asm
                 IPR3bits   0x000fa5       data     extern C:\MCC18\src\traditional\proc\p18F458.asm
                   EECON1   0x000fa6       data     extern C:\MCC18\src\traditional\proc\p18F458.asm
               EECON1bits   0x000fa6       data     extern C:\MCC18\src\traditional\proc\p18F458.asm
                   EECON2   0x000fa7       data     extern C:\MCC18\src\traditional\proc\p18F458.asm
                   EEDATA   0x000fa8       data     extern C:\MCC18\src\traditional\proc\p18F458.asm
                    EEADR   0x000fa9       data     extern C:\MCC18\src\traditional\proc\p18F458.asm
                RCSTAbits   0x000fab       data     extern C:\MCC18\src\traditional\proc\p18F458.asm
                    RCSTA   0x000fab       data     extern C:\MCC18\src\traditional\proc\p18F458.asm
                    TXSTA   0x000fac       data     extern C:\MCC18\src\traditional\proc\p18F458.asm
                TXSTAbits   0x000fac       data     extern C:\MCC18\src\traditional\proc\p18F458.asm
                    TXREG   0x000fad       data     extern C:\MCC18\src\traditional\proc\p18F458.asm
                    RCREG   0x000fae       data     extern C:\MCC18\src\traditional\proc\p18F458.asm
                    SPBRG   0x000faf       data     extern C:\MCC18\src\traditional\proc\p18F458.asm
                    T3CON   0x000fb1       data     extern C:\MCC18\src\traditional\proc\p18F458.asm
                T3CONbits   0x000fb1       data     extern C:\MCC18\src\traditional\proc\p18F458.asm
                    TMR3L   0x000fb2       data     extern C:\MCC18\src\traditional\proc\p18F458.asm
                    TMR3H   0x000fb3       data     extern C:\MCC18\src\traditional\proc\p18F458.asm
                    CMCON   0x000fb4       data     extern C:\MCC18\src\traditional\proc\p18F458.asm
                CMCONbits   0x000fb4       data     extern C:\MCC18\src\traditional\proc\p18F458.asm
               CVRCONbits   0x000fb5       data     extern C:\MCC18\src\traditional\proc\p18F458.asm
                   CVRCON   0x000fb5       data     extern C:\MCC18\src\traditional\proc\p18F458.asm
               ECCPASbits   0x000fb6       data     extern C:\MCC18\src\traditional\proc\p18F458.asm
                   ECCPAS   0x000fb6       data     extern C:\MCC18\src\traditional\proc\p18F458.asm
             ECCP1DELbits   0x000fb7       data     extern C:\MCC18\src\traditional\proc\p18F458.asm
                 ECCP1DEL   0x000fb7       data     extern C:\MCC18\src\traditional\proc\p18F458.asm
             ECCP1CONbits   0x000fba       data     extern C:\MCC18\src\traditional\proc\p18F458.asm
                 ECCP1CON   0x000fba       data     extern C:\MCC18\src\traditional\proc\p18F458.asm
                  ECCPR1L   0x000fbb       data     extern C:\MCC18\src\traditional\proc\p18F458.asm
                   ECCPR1   0x000fbb       data     extern C:\MCC18\src\traditional\proc\p18F458.asm
                  ECCPR1H   0x000fbc       data     extern C:\MCC18\src\traditional\proc\p18F458.asm
              CCP1CONbits   0x000fbd       data     extern C:\MCC18\src\traditional\proc\p18F458.asm
                  CCP1CON   0x000fbd       data     extern C:\MCC18\src\traditional\proc\p18F458.asm
                   CCPR1L   0x000fbe       data     extern C:\MCC18\src\traditional\proc\p18F458.asm
                   CCPR1H   0x000fbf       data     extern C:\MCC18\src\traditional\proc\p18F458.asm
               ADCON1bits   0x000fc1       data     extern C:\MCC18\src\traditional\proc\p18F458.asm
                   ADCON1   0x000fc1       data     extern C:\MCC18\src\traditional\proc\p18F458.asm
               ADCON0bits   0x000fc2       data     extern C:\MCC18\src\traditional\proc\p18F458.asm
                   ADCON0   0x000fc2       data     extern C:\MCC18\src\traditional\proc\p18F458.asm
                   ADRESL   0x000fc3       data     extern C:\MCC18\src\traditional\proc\p18F458.asm
                    ADRES   0x000fc3       data     extern C:\MCC18\src\traditional\proc\p18F458.asm
                   ADRESH   0x000fc4       data     extern C:\MCC18\src\traditional\proc\p18F458.asm
              SSPCON2bits   0x000fc5       data     extern C:\MCC18\src\traditional\proc\p18F458.asm
                  SSPCON2   0x000fc5       data     extern C:\MCC18\src\traditional\proc\p18F458.asm
                  SSPCON1   0x000fc6       data     extern C:\MCC18\src\traditional\proc\p18F458.asm
              SSPCON1bits   0x000fc6       data     extern C:\MCC18\src\traditional\proc\p18F458.asm
                  SSPSTAT   0x000fc7       data     extern C:\MCC18\src\traditional\proc\p18F458.asm
              SSPSTATbits   0x000fc7       data     extern C:\MCC18\src\traditional\proc\p18F458.asm
                   SSPADD   0x000fc8       data     extern C:\MCC18\src\traditional\proc\p18F458.asm
                   SSPBUF   0x000fc9       data     extern C:\MCC18\src\traditional\proc\p18F458.asm
                T2CONbits   0x000fca       data     extern C:\MCC18\src\traditional\proc\p18F458.asm
                    T2CON   0x000fca       data     extern C:\MCC18\src\traditional\proc\p18F458.asm
                      PR2   0x000fcb       data     extern C:\MCC18\src\traditional\proc\p18F458.asm
                     TMR2   0x000fcc       data     extern C:\MCC18\src\traditional\proc\p18F458.asm
                    T1CON   0x000fcd       data     extern C:\MCC18\src\traditional\proc\p18F458.asm
                T1CONbits   0x000fcd       data     extern C:\MCC18\src\traditional\proc\p18F458.asm
                    TMR1L   0x000fce       data     extern C:\MCC18\src\traditional\proc\p18F458.asm
                    TMR1H   0x000fcf       data     extern C:\MCC18\src\traditional\proc\p18F458.asm
                 RCONbits   0x000fd0       data     extern C:\MCC18\src\traditional\proc\p18F458.asm
                     RCON   0x000fd0       data     extern C:\MCC18\src\traditional\proc\p18F458.asm
               WDTCONbits   0x000fd1       data     extern C:\MCC18\src\traditional\proc\p18F458.asm
                   WDTCON   0x000fd1       data     extern C:\MCC18\src\traditional\proc\p18F458.asm
                   LVDCON   0x000fd2       data     extern C:\MCC18\src\traditional\proc\p18F458.asm
               LVDCONbits   0x000fd2       data     extern C:\MCC18\src\traditional\proc\p18F458.asm
                   OSCCON   0x000fd3       data     extern C:\MCC18\src\traditional\proc\p18F458.asm
               OSCCONbits   0x000fd3       data     extern C:\MCC18\src\traditional\proc\p18F458.asm
                T0CONbits   0x000fd5       data     extern C:\MCC18\src\traditional\proc\p18F458.asm
                    T0CON   0x000fd5       data     extern C:\MCC18\src\traditional\proc\p18F458.asm
                    TMR0L   0x000fd6       data     extern C:\MCC18\src\traditional\proc\p18F458.asm
                    TMR0H   0x000fd7       data     extern C:\MCC18\src\traditional\proc\p18F458.asm
                   STATUS   0x000fd8       data     extern C:\MCC18\src\traditional\proc\p18F458.asm
               STATUSbits   0x000fd8       data     extern C:\MCC18\src\traditional\proc\p18F458.asm
                    FSR2L   0x000fd9       data     extern C:\MCC18\src\traditional\proc\p18F458.asm
                     FSR2   0x000fd9       data     extern C:\MCC18\src\traditional\proc\p18F458.asm
                    FSR2H   0x000fda       data     extern C:\MCC18\src\traditional\proc\p18F458.asm
                   PLUSW2   0x000fdb       data     extern C:\MCC18\src\traditional\proc\p18F458.asm
                  PREINC2   0x000fdc       data     extern C:\MCC18\src\traditional\proc\p18F458.asm
                 POSTDEC2   0x000fdd       data     extern C:\MCC18\src\traditional\proc\p18F458.asm
                 POSTINC2   0x000fde       data     extern C:\MCC18\src\traditional\proc\p18F458.asm
                    INDF2   0x000fdf       data     extern C:\MCC18\src\traditional\proc\p18F458.asm
                      BSR   0x000fe0       data     extern C:\MCC18\src\traditional\proc\p18F458.asm
                     FSR1   0x000fe1       data     extern C:\MCC18\src\traditional\proc\p18F458.asm
                    FSR1L   0x000fe1       data     extern C:\MCC18\src\traditional\proc\p18F458.asm
                    FSR1H   0x000fe2       data     extern C:\MCC18\src\traditional\proc\p18F458.asm
                   PLUSW1   0x000fe3       data     extern C:\MCC18\src\traditional\proc\p18F458.asm
                  PREINC1   0x000fe4       data     extern C:\MCC18\src\traditional\proc\p18F458.asm
                 POSTDEC1   0x000fe5       data     extern C:\MCC18\src\traditional\proc\p18F458.asm
                 POSTINC1   0x000fe6       data     extern C:\MCC18\src\traditional\proc\p18F458.asm
                    INDF1   0x000fe7       data     extern C:\MCC18\src\traditional\proc\p18F458.asm
                        W   0x000fe8       data     extern C:\MCC18\src\traditional\proc\p18F458.asm
                     WREG   0x000fe8       data     extern C:\MCC18\src\traditional\proc\p18F458.asm
                     FSR0   0x000fe9       data     extern C:\MCC18\src\traditional\proc\p18F458.asm
                    FSR0L   0x000fe9       data     extern C:\MCC18\src\traditional\proc\p18F458.asm
                    FSR0H   0x000fea       data     extern C:\MCC18\src\traditional\proc\p18F458.asm
                   PLUSW0   0x000feb       data     extern C:\MCC18\src\traditional\proc\p18F458.asm
                  PREINC0   0x000fec       data     extern C:\MCC18\src\traditional\proc\p18F458.asm
                 POSTDEC0   0x000fed       data     extern C:\MCC18\src\traditional\proc\p18F458.asm
                 POSTINC0   0x000fee       data     extern C:\MCC18\src\traditional\proc\p18F458.asm
                    INDF0   0x000fef       data     extern C:\MCC18\src\traditional\proc\p18F458.asm
                  INTCON3   0x000ff0       data     extern C:\MCC18\src\traditional\proc\p18F458.asm
              INTCON3bits   0x000ff0       data     extern C:\MCC18\src\traditional\proc\p18F458.asm
                  INTCON2   0x000ff1       data     extern C:\MCC18\src\traditional\proc\p18F458.asm
              INTCON2bits   0x000ff1       data     extern C:\MCC18\src\traditional\proc\p18F458.asm
                   INTCON   0x000ff2       data     extern C:\MCC18\src\traditional\proc\p18F458.asm
               INTCONbits   0x000ff2       data     extern C:\MCC18\src\traditional\proc\p18F458.asm
                     PROD   0x000ff3       data     extern C:\MCC18\src\traditional\proc\p18F458.asm
                    PRODL   0x000ff3       data     extern C:\MCC18\src\traditional\proc\p18F458.asm
                    PRODH   0x000ff4       data     extern C:\MCC18\src\traditional\proc\p18F458.asm
                   TABLAT   0x000ff5       data     extern C:\MCC18\src\traditional\proc\p18F458.asm
                  TBLPTRL   0x000ff6       data     extern C:\MCC18\src\traditional\proc\p18F458.asm
                   TBLPTR   0x000ff6       data     extern C:\MCC18\src\traditional\proc\p18F458.asm
                  TBLPTRH   0x000ff7       data     extern C:\MCC18\src\traditional\proc\p18F458.asm
                  TBLPTRU   0x000ff8       data     extern C:\MCC18\src\traditional\proc\p18F458.asm
                       PC   0x000ff9       data     extern C:\MCC18\src\traditional\proc\p18F458.asm
                      PCL   0x000ff9       data     extern C:\MCC18\src\traditional\proc\p18F458.asm
                   PCLATH   0x000ffa       data     extern C:\MCC18\src\traditional\proc\p18F458.asm
                   PCLATU   0x000ffb       data     extern C:\MCC18\src\traditional\proc\p18F458.asm
               STKPTRbits   0x000ffc       data     extern C:\MCC18\src\traditional\proc\p18F458.asm
                   STKPTR   0x000ffc       data     extern C:\MCC18\src\traditional\proc\p18F458.asm
                      TOS   0x000ffd       data     extern C:\MCC18\src\traditional\proc\p18F458.asm
                     TOSL   0x000ffd       data     extern C:\MCC18\src\traditional\proc\p18F458.asm
                     TOSH   0x000ffe       data     extern C:\MCC18\src\traditional\proc\p18F458.asm
                     TOSU   0x000fff       data     extern C:\MCC18\src\traditional\proc\p18F458.asm


